Archive member included because of file (symbol)

d:/program files (x86)/atmel/studio/7.0/toolchain/avr32/avr32-gnu-toolchain/bin/../lib/gcc/avr32/4.4.7/../../../../avr32/lib/ucr2\libc.a(lib_a-malloc.o)
                              Srouce/ASF/thirdparty/freertos/freertos-7.0.0/source/portable/memmang/heap_3.o (free)
d:/program files (x86)/atmel/studio/7.0/toolchain/avr32/avr32-gnu-toolchain/bin/../lib/gcc/avr32/4.4.7/../../../../avr32/lib/ucr2\libc.a(lib_a-mallocr.o)
                              d:/program files (x86)/atmel/studio/7.0/toolchain/avr32/avr32-gnu-toolchain/bin/../lib/gcc/avr32/4.4.7/../../../../avr32/lib/ucr2\libc.a(lib_a-malloc.o) (_malloc_r)
d:/program files (x86)/atmel/studio/7.0/toolchain/avr32/avr32-gnu-toolchain/bin/../lib/gcc/avr32/4.4.7/../../../../avr32/lib/ucr2\libc.a(lib_a-memcmp.o)
                              Srouce/Application/fs/fs.o (memcmp)
d:/program files (x86)/atmel/studio/7.0/toolchain/avr32/avr32-gnu-toolchain/bin/../lib/gcc/avr32/4.4.7/../../../../avr32/lib/ucr2\libc.a(lib_a-memcpy.o)
                              Srouce/Application/flash/data_flash.o (memcpy)
d:/program files (x86)/atmel/studio/7.0/toolchain/avr32/avr32-gnu-toolchain/bin/../lib/gcc/avr32/4.4.7/../../../../avr32/lib/ucr2\libc.a(lib_a-memset.o)
                              Srouce/Application/fs/mal_sd.o (memset)
d:/program files (x86)/atmel/studio/7.0/toolchain/avr32/avr32-gnu-toolchain/bin/../lib/gcc/avr32/4.4.7/../../../../avr32/lib/ucr2\libc.a(lib_a-realloc.o)
                              Srouce/ASF/thirdparty/freertos/freertos-7.0.0/source/portable/gcc/avr32_uc3/port.o (realloc)
d:/program files (x86)/atmel/studio/7.0/toolchain/avr32/avr32-gnu-toolchain/bin/../lib/gcc/avr32/4.4.7/../../../../avr32/lib/ucr2\libc.a(lib_a-reallocr.o)
                              d:/program files (x86)/atmel/studio/7.0/toolchain/avr32/avr32-gnu-toolchain/bin/../lib/gcc/avr32/4.4.7/../../../../avr32/lib/ucr2\libc.a(lib_a-realloc.o) (_realloc_r)
d:/program files (x86)/atmel/studio/7.0/toolchain/avr32/avr32-gnu-toolchain/bin/../lib/gcc/avr32/4.4.7/../../../../avr32/lib/ucr2\libc.a(lib_a-sbrkr.o)
                              d:/program files (x86)/atmel/studio/7.0/toolchain/avr32/avr32-gnu-toolchain/bin/../lib/gcc/avr32/4.4.7/../../../../avr32/lib/ucr2\libc.a(lib_a-mallocr.o) (_sbrk_r)
d:/program files (x86)/atmel/studio/7.0/toolchain/avr32/avr32-gnu-toolchain/bin/../lib/gcc/avr32/4.4.7/../../../../avr32/lib/ucr2\libc.a(lib_a-sprintf.o)
                              Srouce/Application/fs/avr_spi_sd.o (sprintf)
d:/program files (x86)/atmel/studio/7.0/toolchain/avr32/avr32-gnu-toolchain/bin/../lib/gcc/avr32/4.4.7/../../../../avr32/lib/ucr2\libc.a(lib_a-strcpy.o)
                              Srouce/Application/fs/fs.o (strcpy)
d:/program files (x86)/atmel/studio/7.0/toolchain/avr32/avr32-gnu-toolchain/bin/../lib/gcc/avr32/4.4.7/../../../../avr32/lib/ucr2\libc.a(lib_a-strlen.o)
                              Srouce/Application/fs/fs.o (strlen)
d:/program files (x86)/atmel/studio/7.0/toolchain/avr32/avr32-gnu-toolchain/bin/../lib/gcc/avr32/4.4.7/../../../../avr32/lib/ucr2\libc.a(lib_a-strncpy.o)
                              Srouce/ASF/thirdparty/freertos/freertos-7.0.0/source/tasks.o (strncpy)
d:/program files (x86)/atmel/studio/7.0/toolchain/avr32/avr32-gnu-toolchain/bin/../lib/gcc/avr32/4.4.7/../../../../avr32/lib/ucr2\libc.a(lib_a-strtok.o)
                              Srouce/Application/fs/fs.o (strtok)
d:/program files (x86)/atmel/studio/7.0/toolchain/avr32/avr32-gnu-toolchain/bin/../lib/gcc/avr32/4.4.7/../../../../avr32/lib/ucr2\libc.a(lib_a-strtok_r.o)
                              d:/program files (x86)/atmel/studio/7.0/toolchain/avr32/avr32-gnu-toolchain/bin/../lib/gcc/avr32/4.4.7/../../../../avr32/lib/ucr2\libc.a(lib_a-strtok.o) (__strtok_r)
d:/program files (x86)/atmel/studio/7.0/toolchain/avr32/avr32-gnu-toolchain/bin/../lib/gcc/avr32/4.4.7/../../../../avr32/lib/ucr2\libc.a(lib_a-syscalls.o)
                              d:/program files (x86)/atmel/studio/7.0/toolchain/avr32/avr32-gnu-toolchain/bin/../lib/gcc/avr32/4.4.7/../../../../avr32/lib/ucr2\libc.a(lib_a-sbrkr.o) (_sbrk)
d:/program files (x86)/atmel/studio/7.0/toolchain/avr32/avr32-gnu-toolchain/bin/../lib/gcc/avr32/4.4.7/../../../../avr32/lib/ucr2\libc.a(lib_a-vfprintf.o)
                              d:/program files (x86)/atmel/studio/7.0/toolchain/avr32/avr32-gnu-toolchain/bin/../lib/gcc/avr32/4.4.7/../../../../avr32/lib/ucr2\libc.a(lib_a-sprintf.o) (_vfprintf_r)
d:/program files (x86)/atmel/studio/7.0/toolchain/avr32/avr32-gnu-toolchain/bin/../lib/gcc/avr32/4.4.7/../../../../avr32/lib/ucr2\libc.a(lib_a-wsetup.o)
                              d:/program files (x86)/atmel/studio/7.0/toolchain/avr32/avr32-gnu-toolchain/bin/../lib/gcc/avr32/4.4.7/../../../../avr32/lib/ucr2\libc.a(lib_a-vfprintf.o) (__swsetup_r)
[...]
Memory Configuration

Name             Origin             Length             Attributes
FLASH            0x80000000         0x00080000         axrl !w
INTRAM           0x00000004         0x00017ffc         axw !rl
USERPAGE         0x80800000         0x00000200
*default*        0x00000000         0xffffffff

Linker script and memory map

                0x00001000                _stack_size = 0x1000
LOAD Srouce/Application/app/app.o
LOAD Srouce/Application/flash/data_flash.o
LOAD Srouce/Application/fs/avr_spi_sd.o
LOAD Srouce/Application/fs/mal_sd.o
LOAD Srouce/Application/fs/fs.o
LOAD Srouce/Application/radio/ambe.o
LOAD Srouce/Application/radio/AMBE_audio.o
LOAD Srouce/Application/radio/AMBE_audio_2.o
LOAD Srouce/Application/radio/payload.o
LOAD Srouce/Application/radio/audio.o
LOAD Srouce/Application/radio/physical.o
LOAD Srouce/Application/radio/ssc.o
LOAD Srouce/Application/radio/xcmp.o
LOAD Srouce/Application/radio/xnl.o
LOAD Srouce/Application/rtc/rtc.o
LOAD Srouce/Application/timers/timer.o
LOAD Srouce/Application/voice/voice.o
LOAD Srouce/ASF/avr32/drivers/intc/intc.o
LOAD Srouce/ASF/avr32/drivers/pm/pm.o
LOAD Srouce/ASF/avr32/drivers/pm/pm_conf_clocks.o
LOAD Srouce/ASF/avr32/drivers/pm/power_clocks_lib.o
LOAD Srouce/ASF/avr32/drivers/spi/spi.o
LOAD Srouce/ASF/avr32/drivers/tc/tc.o
LOAD Srouce/ASF/avr32/drivers/twi/twi.o
LOAD Srouce/ASF/avr32/drivers/usart/usart.o
LOAD Srouce/ASF/thirdparty/ff11a/diskio.o
LOAD Srouce/ASF/thirdparty/ff11a/ff.o
LOAD Srouce/ASF/thirdparty/freertos/freertos-7.0.0/source/croutine.o
LOAD Srouce/ASF/thirdparty/freertos/freertos-7.0.0/source/list.o
LOAD Srouce/ASF/thirdparty/freertos/freertos-7.0.0/source/portable/gcc/avr32_uc3/exception.o
LOAD Srouce/ASF/thirdparty/freertos/freertos-7.0.0/source/portable/gcc/avr32_uc3/port.o
LOAD Srouce/ASF/thirdparty/freertos/freertos-7.0.0/source/portable/gcc/avr32_uc3/read.o
LOAD Srouce/ASF/thirdparty/freertos/freertos-7.0.0/source/portable/gcc/avr32_uc3/write.o
LOAD Srouce/ASF/thirdparty/freertos/freertos-7.0.0/source/portable/memmang/heap_3.o
LOAD Srouce/ASF/thirdparty/freertos/freertos-7.0.0/source/queue.o
LOAD Srouce/ASF/thirdparty/freertos/freertos-7.0.0/source/tasks.o
LOAD Srouce/Log/log.o
LOAD Srouce/main.o
LOAD Srouce/ASF/avr32/drivers/gpio/gpio.o
LOAD Srouce/ASF/avr32/utils/startup/startup_uc3.o
LOAD Srouce/ASF/avr32/utils/startup/trampoline_uc3.o
LOAD Srouce/ASF/common/boards/user_board/init.o
START GROUP
LOAD d:/program files (x86)/atmel/studio/7.0/toolchain/avr32/avr32-gnu-toolchain/bin/../lib/gcc/avr32/4.4.7/../../../../avr32/lib/ucr2\libm.a
END GROUP
LOAD d:/program files (x86)/atmel/studio/7.0/toolchain/avr32/avr32-gnu-toolchain/bin/../lib/gcc/avr32/4.4.7/ucr2\libgcc.a
LOAD d:/program files (x86)/atmel/studio/7.0/toolchain/avr32/avr32-gnu-toolchain/bin/../lib/gcc/avr32/4.4.7/../../../../avr32/lib/ucr2\libc.a
LOAD d:/program files (x86)/atmel/studio/7.0/toolchain/avr32/avr32-gnu-toolchain/bin/../lib/gcc/avr32/4.4.7/ucr2\libgcc.a
                0xffffffff                __max_heap_size__ = 0xffffffff
                [0xffffffff]                __heap_size__ = DEFINED (__heap_size__)?__heap_size__:__max_heap_size__
                [0x00001000]                __stack_size__ = DEFINED (__stack_size__)?__stack_size__:0x1000
                0x80000000                PROVIDE (__executable_start, 0x80000000)
                0x80000000                . = 0x80000000

.interp
 *(.interp)

.reset          0x80000000     0x2008
 *(.reset)
 .reset         0x80000000        0x4 Srouce/ASF/avr32/utils/startup/startup_uc3.o
                                  0x8 (size before relaxing)
                0x80000000                _start
 .reset         0x80000004     0x2004 Srouce/ASF/avr32/utils/startup/trampoline_uc3.o
                               0x2008 (size before relaxing)
                0x80000004                _trampoline

.hash
 *(.hash)

.dynsym
 *(.dynsym)

.dynstr
 *(.dynstr)

.gnu.version
 *(.gnu.version)

.gnu.version_d
 *(.gnu.version_d)

.gnu.version_r
 *(.gnu.version_r)

.rel.init
 *(.rel.init)

.rela.init
 *(.rela.init)

.rel.text
 *(.rel.text .rel.text.* .rel.gnu.linkonce.t.*)

.rela.text
 *(.rela.text .rela.text.* .rela.gnu.linkonce.t.*)

.rel.fini
 *(.rel.fini)

.rela.fini
 *(.rela.fini)

.rel.rodata
 *(.rel.rodata .rel.rodata.* .rel.gnu.linkonce.r.*)

.rela.rodata
 *(.rela.rodata .rela.rodata.* .rela.gnu.linkonce.r.*)

.rel.data.rel.ro
 *(.rel.data.rel.ro*)

.rela.data.rel.ro
 *(.rel.data.rel.ro*)

.rel.data
 *(.rel.data .rel.data.* .rel.gnu.linkonce.d.*)

.rela.data
 *(.rela.data .rela.data.* .rela.gnu.linkonce.d.*)

.rel.tdata
 *(.rel.tdata .rel.tdata.* .rel.gnu.linkonce.td.*)

.rela.tdata
 *(.rela.tdata .rela.tdata.* .rela.gnu.linkonce.td.*)

.rel.tbss
 *(.rel.tbss .rel.tbss.* .rel.gnu.linkonce.tb.*)

.rela.tbss
 *(.rela.tbss .rela.tbss.* .rela.gnu.linkonce.tb.*)

.rel.ctors
 *(.rel.ctors)

.rela.ctors
 *(.rela.ctors)

.rel.dtors
 *(.rel.dtors)

.rela.dtors
 *(.rela.dtors)

.rel.got
 *(.rel.got)

.rela.got       0x80002008        0x0
 *(.rela.got)
 .rela.got      0x80002008        0x0 Srouce/Application/app/app.o

.rel.bss
 *(.rel.bss .rel.bss.* .rel.gnu.linkonce.b.*)

.rela.bss
 *(.rela.bss .rela.bss.* .rela.gnu.linkonce.b.*)

.rel.plt
 *(.rel.plt)

.rela.plt
 *(.rela.plt)

.init
 *(.init)

.plt
 *(.plt)

.text           0x80002008     0xa7f0
 *(.text .stub .text.* .gnu.linkonce.t.*)
 .text.DeviceManagement_brdcst_func
                0x80002008       0x24 Srouce/Application/app/app.o
                0x80002008                DeviceManagement_brdcst_func
 .text.Volume_brdcst_func
                0x8000202c        0x2 Srouce/Application/app/app.o
                0x8000202c                Volume_brdcst_func
 .text.AudioRoutingControl_brdcst_func
                0x8000202e        0x2 Srouce/Application/app/app.o
                0x8000202e                AudioRoutingControl_brdcst_func
 .text.vApplicationIdleHook
                0x80002030       0x10 Srouce/Application/app/app.o
                0x80002030                vApplicationIdleHook
 .text.app_init
                0x80002040       0x54 Srouce/Application/app/app.o
                0x80002040                app_init
 .text.app_cfg  0x80002094       0x8c Srouce/Application/app/app.o
 .text.app_payload_tx_proc
                0x80002120       0x14 Srouce/Application/app/app.o
 .text.FD_brdcst_func
                0x80002134       0x14 Srouce/Application/app/app.o
                0x80002134                FD_brdcst_func
 .text.FD_reply_func
                0x80002148       0x14 Srouce/Application/app/app.o
                0x80002148                FD_reply_func
 .text.FD_request_func
                0x8000215c       0x14 Srouce/Application/app/app.o
                0x8000215c                FD_request_func
 .text.EnOB_brdcst_func
                0x80002170       0x14 Srouce/Application/app/app.o
                0x80002170                EnOB_brdcst_func
 .text.EnOB_reply_func
                0x80002184       0x70 Srouce/Application/app/app.o
                0x80002184                EnOB_reply_func
 .text.SingleDetection_brdcst_func
                0x800021f4       0x1c Srouce/Application/app/app.o
                0x800021f4                SingleDetection_brdcst_func
 .text.ButtonConfig_brdcst_func
                0x80002210       0xdc Srouce/Application/app/app.o
                0x80002210                ButtonConfig_brdcst_func
 .text.Phyuserinput_brdcst_func
                0x800022ec       0x78 Srouce/Application/app/app.o
                0x800022ec                Phyuserinput_brdcst_func
 .text.ButtonConfig_reply_func
                0x80002364       0x44 Srouce/Application/app/app.o
                0x80002364                ButtonConfig_reply_func
 .text.DataSession_brdcst_func
                0x800023a8       0x84 Srouce/Application/app/app.o
                0x800023a8                DataSession_brdcst_func
 .text.DataSession_reply_func
                0x8000242c       0x58 Srouce/Application/app/app.o
                0x8000242c                DataSession_reply_func
 .text.CallControl_brdcst_func
                0x80002484       0x44 Srouce/Application/app/app.o
                0x80002484                CallControl_brdcst_func
 .text.TransmitControl_brdcst_func
                0x800024c8       0x48 Srouce/Application/app/app.o
                0x800024c8                TransmitControl_brdcst_func
 .text.TransmitControl_reply_func
                0x80002510       0x60 Srouce/Application/app/app.o
                0x80002510                TransmitControl_reply_func
 .text.AudioRoutingControl_reply_func
                0x80002570       0x30 Srouce/Application/app/app.o
                0x80002570                AudioRoutingControl_reply_func
 .text.Volume_reply_func
                0x800025a0       0x64 Srouce/Application/app/app.o
                0x800025a0                Volume_reply_func
 .text.spk_brdcst_func
                0x80002604       0x38 Srouce/Application/app/app.o
                0x80002604                spk_brdcst_func
 .text.spk_reply_func
                0x8000263c       0x48 Srouce/Application/app/app.o
                0x8000263c                spk_reply_func
 .text.mic_brdcst_func
                0x80002684       0x58 Srouce/Application/app/app.o
                0x80002684                mic_brdcst_func
 .text.mic_reply_func
                0x800026dc       0x94 Srouce/Application/app/app.o
                0x800026dc                mic_reply_func
 .text.dcm_brdcst_func
                0x80002770       0x48 Srouce/Application/app/app.o
                0x80002770                dcm_brdcst_func
 .text.dcm_reply_func
                0x800027b8       0x68 Srouce/Application/app/app.o
                0x800027b8                dcm_reply_func
 .text.ToneControl_reply_func
                0x80002820       0x28 Srouce/Application/app/app.o
                0x80002820                ToneControl_reply_func
 .text.app_payload_rx_proc
                0x80002848       0x4c Srouce/Application/app/app.o
 .text.DeviceInitializationStatus_brdcst_func
                0x80002894       0x38 Srouce/Application/app/app.o
                0x80002894                DeviceInitializationStatus_brdcst_func
 .text.send_flash_command
                0x800028cc      0x1bc Srouce/Application/flash/data_flash.o
                0x800028cc                send_flash_command
 .text.data_flash_read_block
                0x80002a88       0x38 Srouce/Application/flash/data_flash.o
                0x80002a88                data_flash_read_block
 .text.data_flash_write_page
                0x80002ac0       0x9c Srouce/Application/flash/data_flash.o
                0x80002ac0                data_flash_write_page
 .text.data_flash_write_block
                0x80002b5c       0xc0 Srouce/Application/flash/data_flash.o
                0x80002b5c                data_flash_write_block
 .text.data_flash_erase_block
                0x80002c1c       0x9c Srouce/Application/flash/data_flash.o
                0x80002c1c                data_flash_erase_block
 .text.data_flash_write
                0x80002cb8       0xf0 Srouce/Application/flash/data_flash.o
                0x80002cb8                data_flash_write
 .text.data_flash_init
                0x80002da8      0x148 Srouce/Application/flash/data_flash.o
                0x80002da8                data_flash_init
 .text.CalculateBurst
                0x80002ef0       0x1c Srouce/Application/radio/ambe.o
                0x80002ef0                CalculateBurst
 .text.payload_init
                0x80002f0c       0x38 Srouce/Application/radio/payload.o
                0x80002f0c                payload_init
 .text.payload_rx_process
                0x80002f44       0x4c Srouce/Application/radio/payload.o
 .text.set_idle_store_isr
                0x80002f90       0x1c Srouce/Application/radio/physical.o
                0x80002f90                set_idle_store_isr
 .text.phy_rx   0x80002fac       0x38 Srouce/Application/radio/physical.o
                0x80002fac                phy_rx
 .text.set_idle_store
                0x80002fe4       0x20 Srouce/Application/radio/physical.o
                0x80002fe4                set_idle_store
 .text.phy_tx   0x80003004       0x5c Srouce/Application/radio/physical.o
                0x80003004                phy_tx
 .text.get_idle_store_isr
                0x80003060       0x28 Srouce/Application/radio/physical.o
                0x80003060                get_idle_store_isr
 .text.phy_tx_func
                0x80003088      0x4c8 Srouce/Application/radio/physical.o
 .text.get_idle_store
                0x80003550       0x28 Srouce/Application/radio/physical.o
                0x80003550                get_idle_store
 .text.phy_init
                0x80003578       0xbc Srouce/Application/radio/physical.o
                0x80003578                phy_init
 .text.payload_rx
                0x80003634       0x60 Srouce/Application/radio/physical.o
 .text.phy_rx_func
                0x80003694      0xc58 Srouce/Application/radio/physical.o
 .text.pdca_int_handler
                0x800042ec       0x74 Srouce/Application/radio/ssc.o
 .text.local_start_SSC
                0x80004360       0x44 Srouce/Application/radio/ssc.o
                0x80004360                local_start_SSC
 .text.local_start_PDC
                0x800043a4       0x6c Srouce/Application/radio/ssc.o
                0x800043a4                local_start_PDC
 .text.register_rx_tx_func
                0x80004410       0x14 Srouce/Application/radio/ssc.o
                0x80004410                register_rx_tx_func
 .text.ssc_init
                0x80004424       0x68 Srouce/Application/radio/ssc.o
                0x80004424                ssc_init
 .text.xcmp_register_app_list
                0x8000448c        0xc Srouce/Application/radio/xcmp.o
                0x8000448c                xcmp_register_app_list
 .text.xcmp_tx  0x80004498       0x48 Srouce/Application/radio/xcmp.o
 .text.xcmp_enter_device_control_mode
                0x800044e0       0x2c Srouce/Application/radio/xcmp.o
                0x800044e0                xcmp_enter_device_control_mode
 .text.xcmp_audio_route_AMBE
                0x8000450c       0x60 Srouce/Application/radio/xcmp.o
                0x8000450c                xcmp_audio_route_AMBE
 .text.xcmp_enter_enhanced_OB_mode
                0x8000456c       0x24 Srouce/Application/radio/xcmp.o
                0x8000456c                xcmp_enter_enhanced_OB_mode
 .text.xcmp_DeviceInitializationStatus_request
                0x80004590       0x40 Srouce/Application/radio/xcmp.o
                0x80004590                xcmp_DeviceInitializationStatus_request
 .text.xcmp_opcode_not_supported
                0x800045d0       0x24 Srouce/Application/radio/xcmp.o
                0x800045d0                xcmp_opcode_not_supported
 .text.xcmp_exec_func
                0x800045f4       0x48 Srouce/Application/radio/xcmp.o
 .text.xcmp_IdleTestTone
                0x8000463c       0x60 Srouce/Application/radio/xcmp.o
                0x8000463c                xcmp_IdleTestTone
 .text.xcmp_init
                0x8000469c       0x54 Srouce/Application/radio/xcmp.o
                0x8000469c                xcmp_init
 .text.xcmp_rx_process
                0x800046f0       0xfc Srouce/Application/radio/xcmp.o
 .text.xcmp_rx  0x800047ec       0x4c Srouce/Application/radio/xcmp.o
 .text.xnl_register_xcmp_func
                0x80004838        0xc Srouce/Application/radio/xnl.o
                0x80004838                xnl_register_xcmp_func
 .text.xnl_get_msg_ack_func
                0x80004844       0x2c Srouce/Application/radio/xnl.o
                0x80004844                xnl_get_msg_ack_func
 .text.xnl_tx_process
                0x80004870       0xc8 Srouce/Application/radio/xnl.o
 .text.xnl_rx_process
                0x80004938       0x60 Srouce/Application/radio/xnl.o
 .text.xnl_tx   0x80004998       0xe4 Srouce/Application/radio/xnl.o
                0x80004998                xnl_tx
 .text.xnl_init
                0x80004a7c       0xd4 Srouce/Application/radio/xnl.o
                0x80004a7c                xnl_init
 .text.xnl_data_msg_func
                0x80004b50       0x60 Srouce/Application/radio/xnl.o
                0x80004b50                xnl_data_msg_func
 .text.xnl_device_auth_reply_func
                0x80004bb0      0x120 Srouce/Application/radio/xnl.o
                0x80004bb0                xnl_device_auth_reply_func
 .text.xnl_master_status_brdcst_func
                0x80004cd0       0x60 Srouce/Application/radio/xnl.o
                0x80004cd0                xnl_master_status_brdcst_func
 .text.xnl_device_conn_reply_func
                0x80004d30       0x5c Srouce/Application/radio/xnl.o
                0x80004d30                xnl_device_conn_reply_func
 .text.local_start_pll0
                0x80004d8c       0x50 Srouce/Application/rtc/rtc.o
                0x80004d8c                local_start_pll0
 .text.local_start_timer
                0x80004ddc       0x3a Srouce/Application/timers/timer.o
                0x80004ddc                local_start_timer
 *fill*         0x80004e16        0x2 d703d703
 .text.tc_init  0x80004e18       0x60 Srouce/Application/timers/timer.o
                0x80004e18                tc_init
 .text._tc_interrupt
                0x80004e78       0x20 Srouce/Application/timers/timer.o
 .text.voc_init
                0x80004e98      0x1b4 Srouce/Application/voice/voice.o
                0x80004e98                voc_init
 .text._unhandled_interrupt
                0x8000504c        0x2 Srouce/ASF/avr32/drivers/intc/intc.o
 *fill*         0x8000504e        0x2 d703d703
 .text.INTC_register_interrupt
                0x80005050       0x80 Srouce/ASF/avr32/drivers/intc/intc.o
                0x80005050                INTC_register_interrupt
 .text.INTC_init_interrupts
                0x800050d0       0x54 Srouce/ASF/avr32/drivers/intc/intc.o
                0x800050d0                INTC_init_interrupts
 .text._get_interrupt_handler
                0x80005124       0x38 Srouce/ASF/avr32/drivers/intc/intc.o
                0x80005124                _get_interrupt_handler
 .text.spi_initMaster
                0x8000515c       0x38 Srouce/ASF/avr32/drivers/spi/spi.o
                0x8000515c                spi_initMaster
 .text.spi_selectionMode
                0x80005194       0x2c Srouce/ASF/avr32/drivers/spi/spi.o
                0x80005194                spi_selectionMode
 .text.spi_selectChip
                0x800051c0       0x4c Srouce/ASF/avr32/drivers/spi/spi.o
                0x800051c0                spi_selectChip
 .text.spi_unselectChip
                0x8000520c       0x26 Srouce/ASF/avr32/drivers/spi/spi.o
                0x8000520c                spi_unselectChip
 .text.spi_setupChipReg
                0x80005232       0xc2 Srouce/ASF/avr32/drivers/spi/spi.o
                0x80005232                spi_setupChipReg
 .text.spi_enable
                0x800052f4        0x6 Srouce/ASF/avr32/drivers/spi/spi.o
                0x800052f4                spi_enable
 .text.spi_write
                0x800052fa       0x1c Srouce/ASF/avr32/drivers/spi/spi.o
                0x800052fa                spi_write
 .text.spi_read
                0x80005316       0x20 Srouce/ASF/avr32/drivers/spi/spi.o
                0x80005316                spi_read
 .text.tc_init_waveform
                0x80005336       0x9c Srouce/ASF/avr32/drivers/tc/tc.o
                0x80005336                tc_init_waveform
 .text.tc_start
                0x800053d2       0x12 Srouce/ASF/avr32/drivers/tc/tc.o
                0x800053d2                tc_start
 .text.tc_read_sr
                0x800053e4       0x12 Srouce/ASF/avr32/drivers/tc/tc.o
                0x800053e4                tc_read_sr
 .text.tc_write_rc
                0x800053f6       0x34 Srouce/ASF/avr32/drivers/tc/tc.o
                0x800053f6                tc_write_rc
 .text.tc_configure_interrupts
                0x8000542a      0x108 Srouce/ASF/avr32/drivers/tc/tc.o
                0x8000542a                tc_configure_interrupts
 .text.usart_set_async_baudrate
                0x80005532       0x5a Srouce/ASF/avr32/drivers/usart/usart.o
 .text.usart_write_char
                0x8000558c       0x14 Srouce/ASF/avr32/drivers/usart/usart.o
                0x8000558c                usart_write_char
 .text.usart_putchar
                0x800055a0       0x2c Srouce/ASF/avr32/drivers/usart/usart.o
                0x800055a0                usart_putchar
 .text.usart_read_char
                0x800055cc       0x22 Srouce/ASF/avr32/drivers/usart/usart.o
                0x800055cc                usart_read_char
 *fill*         0x800055ee        0x2 d703d703
 .text.usart_getchar
                0x800055f0       0x2c Srouce/ASF/avr32/drivers/usart/usart.o
                0x800055f0                usart_getchar
 .text.usart_write_line
                0x8000561c       0x24 Srouce/ASF/avr32/drivers/usart/usart.o
                0x8000561c                usart_write_line
 .text.usart_reset
                0x80005640       0x2c Srouce/ASF/avr32/drivers/usart/usart.o
                0x80005640                usart_reset
 .text.usart_init_rs232
                0x8000566c       0xcc Srouce/ASF/avr32/drivers/usart/usart.o
                0x8000566c                usart_init_rs232
 .text.vListInitialise
                0x80005738       0x14 Srouce/ASF/thirdparty/freertos/freertos-7.0.0/source/list.o
                0x80005738                vListInitialise
 .text.vListInitialiseItem
                0x8000574c        0x6 Srouce/ASF/thirdparty/freertos/freertos-7.0.0/source/list.o
                0x8000574c                vListInitialiseItem
 .text.vListInsertEnd
                0x80005752       0x1c Srouce/ASF/thirdparty/freertos/freertos-7.0.0/source/list.o
                0x80005752                vListInsertEnd
 .text.vListInsert
                0x8000576e       0x34 Srouce/ASF/thirdparty/freertos/freertos-7.0.0/source/list.o
                0x8000576e                vListInsert
 .text.vListRemove
                0x800057a2       0x26 Srouce/ASF/thirdparty/freertos/freertos-7.0.0/source/list.o
                0x800057a2                vListRemove
 .text.pxPortInitialiseStack
                0x800057c8       0x92 Srouce/ASF/thirdparty/freertos/freertos-7.0.0/source/portable/gcc/avr32_uc3/port.o
                0x800057c8                pxPortInitialiseStack
 *fill*         0x8000585a        0x2 d703d703
 .text.vPortEnterCritical
                0x8000585c       0x10 Srouce/ASF/thirdparty/freertos/freertos-7.0.0/source/portable/gcc/avr32_uc3/port.o
                0x8000585c                vPortEnterCritical
 .text.xPortStartScheduler
                0x8000586c       0x58 Srouce/ASF/thirdparty/freertos/freertos-7.0.0/source/portable/gcc/avr32_uc3/port.o
                0x8000586c                xPortStartScheduler
 .text.SCALLYield
                0x800058c4       0x98 Srouce/ASF/thirdparty/freertos/freertos-7.0.0/source/portable/gcc/avr32_uc3/port.o
                0x800058c4                SCALLYield
 .text.prvClearCcInt
                0x8000595c        0xa Srouce/ASF/thirdparty/freertos/freertos-7.0.0/source/portable/gcc/avr32_uc3/port.o
 *fill*         0x80005966        0x2 d703d703
 .text.vPortExitCritical
                0x80005968       0x20 Srouce/ASF/thirdparty/freertos/freertos-7.0.0/source/portable/gcc/avr32_uc3/port.o
                0x80005968                vPortExitCritical
 .text.vTick    0x80005988       0x84 Srouce/ASF/thirdparty/freertos/freertos-7.0.0/source/portable/gcc/avr32_uc3/port.o
 .text.__malloc_lock
                0x80005a0c        0xc Srouce/ASF/thirdparty/freertos/freertos-7.0.0/source/portable/gcc/avr32_uc3/port.o
                0x80005a0c                __malloc_lock
 .text.__malloc_unlock
                0x80005a18        0xc Srouce/ASF/thirdparty/freertos/freertos-7.0.0/source/portable/gcc/avr32_uc3/port.o
                0x80005a18                __malloc_unlock
 .text._read    0x80005a24       0x40 Srouce/ASF/thirdparty/freertos/freertos-7.0.0/source/portable/gcc/avr32_uc3/read.o
                0x80005a24                _read
 .text._write   0x80005a64       0x3c Srouce/ASF/thirdparty/freertos/freertos-7.0.0/source/portable/gcc/avr32_uc3/write.o
                0x80005a64                _write
 .text.vPortFree
                0x80005aa0       0x28 Srouce/ASF/thirdparty/freertos/freertos-7.0.0/source/portable/memmang/heap_3.o
                0x80005aa0                vPortFree
 .text.pvPortMalloc
                0x80005ac8       0x28 Srouce/ASF/thirdparty/freertos/freertos-7.0.0/source/portable/memmang/heap_3.o
                0x80005ac8                pvPortMalloc
 .text.prvCopyDataFromQueue
                0x80005af0       0x30 Srouce/ASF/thirdparty/freertos/freertos-7.0.0/source/queue.o
 .text.xQueueReceiveFromISR
                0x80005b20       0x50 Srouce/ASF/thirdparty/freertos/freertos-7.0.0/source/queue.o
                0x80005b20                xQueueReceiveFromISR
 .text.prvUnlockQueue
                0x80005b70       0xa0 Srouce/ASF/thirdparty/freertos/freertos-7.0.0/source/queue.o
 .text.xQueueGenericReceive
                0x80005c10      0x144 Srouce/ASF/thirdparty/freertos/freertos-7.0.0/source/queue.o
                0x80005c10                xQueueGenericReceive
 .text.prvCopyDataToQueue
                0x80005d54       0x78 Srouce/ASF/thirdparty/freertos/freertos-7.0.0/source/queue.o
 .text.xQueueGenericSendFromISR
                0x80005dcc       0x50 Srouce/ASF/thirdparty/freertos/freertos-7.0.0/source/queue.o
                0x80005dcc                xQueueGenericSendFromISR
 .text.xQueueGenericSend
                0x80005e1c      0x100 Srouce/ASF/thirdparty/freertos/freertos-7.0.0/source/queue.o
                0x80005e1c                xQueueGenericSend
 .text.xQueueCreate
                0x80005f1c       0x74 Srouce/ASF/thirdparty/freertos/freertos-7.0.0/source/queue.o
                0x80005f1c                xQueueCreate
 .text.vTaskSuspendAll
                0x80005f90       0x10 Srouce/ASF/thirdparty/freertos/freertos-7.0.0/source/tasks.o
                0x80005f90                vTaskSuspendAll
 .text.vTaskSwitchContext
                0x80005fa0       0x7c Srouce/ASF/thirdparty/freertos/freertos-7.0.0/source/tasks.o
                0x80005fa0                vTaskSwitchContext
 .text.vTaskSetTimeOutState
                0x8000601c       0x18 Srouce/ASF/thirdparty/freertos/freertos-7.0.0/source/tasks.o
                0x8000601c                vTaskSetTimeOutState
 .text.vTaskMissedYield
                0x80006034        0xc Srouce/ASF/thirdparty/freertos/freertos-7.0.0/source/tasks.o
                0x80006034                vTaskMissedYield
 .text.xTaskGetCurrentTaskHandle
                0x80006040        0xc Srouce/ASF/thirdparty/freertos/freertos-7.0.0/source/tasks.o
                0x80006040                xTaskGetCurrentTaskHandle
 .text.vTaskPriorityDisinherit
                0x8000604c       0x58 Srouce/ASF/thirdparty/freertos/freertos-7.0.0/source/tasks.o
                0x8000604c                vTaskPriorityDisinherit
 .text.vTaskPriorityInherit
                0x800060a4       0x84 Srouce/ASF/thirdparty/freertos/freertos-7.0.0/source/tasks.o
                0x800060a4                vTaskPriorityInherit
 .text.xTaskRemoveFromEventList
                0x80006128       0x7c Srouce/ASF/thirdparty/freertos/freertos-7.0.0/source/tasks.o
                0x80006128                xTaskRemoveFromEventList
 .text.vTaskIncrementTick
                0x800061a4      0x114 Srouce/ASF/thirdparty/freertos/freertos-7.0.0/source/tasks.o
                0x800061a4                vTaskIncrementTick
 .text.xTaskCheckForTimeOut
                0x800062b8       0x70 Srouce/ASF/thirdparty/freertos/freertos-7.0.0/source/tasks.o
                0x800062b8                xTaskCheckForTimeOut
 .text.xTaskGetTickCount
                0x80006328       0x24 Srouce/ASF/thirdparty/freertos/freertos-7.0.0/source/tasks.o
                0x80006328                xTaskGetTickCount
 .text.xTaskResumeAll
                0x8000634c       0xe8 Srouce/ASF/thirdparty/freertos/freertos-7.0.0/source/tasks.o
                0x8000634c                xTaskResumeAll
 .text.prvAddCurrentTaskToDelayedList
                0x80006434       0x5c Srouce/ASF/thirdparty/freertos/freertos-7.0.0/source/tasks.o
 .text.vTaskDelayUntil
                0x80006490       0x80 Srouce/ASF/thirdparty/freertos/freertos-7.0.0/source/tasks.o
                0x80006490                vTaskDelayUntil
 .text.vTaskPlaceOnEventList
                0x80006510       0x58 Srouce/ASF/thirdparty/freertos/freertos-7.0.0/source/tasks.o
                0x80006510                vTaskPlaceOnEventList
 .text.prvIdleTask
                0x80006568       0x88 Srouce/ASF/thirdparty/freertos/freertos-7.0.0/source/tasks.o
 .text.xTaskGenericCreate
                0x800065f0      0x1e8 Srouce/ASF/thirdparty/freertos/freertos-7.0.0/source/tasks.o
                0x800065f0                xTaskGenericCreate
 .text.vTaskStartScheduler
                0x800067d8       0x4c Srouce/ASF/thirdparty/freertos/freertos-7.0.0/source/tasks.o
                0x800067d8                vTaskStartScheduler
 .text.PrintChar
                0x80006824        0x4 Srouce/Log/log.o
                0x80006824                PrintChar
 .text.PrintHex
                0x80006828       0xb2 Srouce/Log/log.o
                0x80006828                PrintHex
 .text.PrintDec
                0x800068da       0xda Srouce/Log/log.o
                0x800068da                PrintDec
 .text.log      0x800069b4      0x18c Srouce/Log/log.o
                0x800069b4                log
 .text.logFromISR
                0x80006b40      0x180 Srouce/Log/log.o
                0x80006b40                logFromISR
 .text.log_init
                0x80006cc0       0x68 Srouce/Log/log.o
                0x80006cc0                log_init
 .text.task_log
                0x80006d28       0x44 Srouce/Log/log.o
 .text.main     0x80006d6c       0x8c Srouce/main.o
                0x80006d6c                main
 .text.gpio_enable_module_pin
                0x80006df8       0x52 Srouce/ASF/avr32/drivers/gpio/gpio.o
                0x80006df8                gpio_enable_module_pin
 *fill*         0x80006e4a        0x2 d703d703
 .text.gpio_enable_module
                0x80006e4c       0x30 Srouce/ASF/avr32/drivers/gpio/gpio.o
                0x80006e4c                gpio_enable_module
 .text.gpio_enable_gpio_pin
                0x80006e7c       0x18 Srouce/ASF/avr32/drivers/gpio/gpio.o
                0x80006e7c                gpio_enable_gpio_pin
 .text.gpio_set_gpio_pin
                0x80006e94       0x1c Srouce/ASF/avr32/drivers/gpio/gpio.o
                0x80006e94                gpio_set_gpio_pin
 .text._stext   0x80006eb0       0x40 Srouce/ASF/avr32/utils/startup/startup_uc3.o
                                 0x50 (size before relaxing)
                0x80006eb0                _stext
 .text.free     0x80006ef0       0x10 d:/program files (x86)/atmel/studio/7.0/toolchain/avr32/avr32-gnu-toolchain/bin/../lib/gcc/avr32/4.4.7/../../../../avr32/lib/ucr2\libc.a(lib_a-malloc.o)
                                 0x18 (size before relaxing)
                0x80006ef0                free
 .text.malloc   0x80006f00       0x10 d:/program files (x86)/atmel/studio/7.0/toolchain/avr32/avr32-gnu-toolchain/bin/../lib/gcc/avr32/4.4.7/../../../../avr32/lib/ucr2\libc.a(lib_a-malloc.o)
                                 0x18 (size before relaxing)
                0x80006f00                malloc
 .text._malloc_r
                0x80006f10      0x438 d:/program files (x86)/atmel/studio/7.0/toolchain/avr32/avr32-gnu-toolchain/bin/../lib/gcc/avr32/4.4.7/../../../../avr32/lib/ucr2\libc.a(lib_a-mallocr.o)
                                0x450 (size before relaxing)
                0x80006f10                _malloc_r
 .text.memcmp   0x80007348       0x26 d:/program files (x86)/atmel/studio/7.0/toolchain/avr32/avr32-gnu-toolchain/bin/../lib/gcc/avr32/4.4.7/../../../../avr32/lib/ucr2\libc.a(lib_a-memcmp.o)
                0x80007348                memcmp
 .text          0x8000736e      0x148 d:/program files (x86)/atmel/studio/7.0/toolchain/avr32/avr32-gnu-toolchain/bin/../lib/gcc/avr32/4.4.7/../../../../avr32/lib/ucr2\libc.a(lib_a-memcpy.o)
                0x8000736e                memcpy
 .text.memset   0x800074b6        0xe d:/program files (x86)/atmel/studio/7.0/toolchain/avr32/avr32-gnu-toolchain/bin/../lib/gcc/avr32/4.4.7/../../../../avr32/lib/ucr2\libc.a(lib_a-memset.o)
                0x800074b6                memset
 .text._realloc_r
                0x800074c4      0x2c0 d:/program files (x86)/atmel/studio/7.0/toolchain/avr32/avr32-gnu-toolchain/bin/../lib/gcc/avr32/4.4.7/../../../../avr32/lib/ucr2\libc.a(lib_a-reallocr.o)
                                0x2e0 (size before relaxing)
                0x800074c4                _realloc_r
 .text._sbrk_r  0x80007784       0x20 d:/program files (x86)/atmel/studio/7.0/toolchain/avr32/avr32-gnu-toolchain/bin/../lib/gcc/avr32/4.4.7/../../../../avr32/lib/ucr2\libc.a(lib_a-sbrkr.o)
                                 0x28 (size before relaxing)
                0x80007784                _sbrk_r
 .text.sprintf  0x800077a4       0x3c d:/program files (x86)/atmel/studio/7.0/toolchain/avr32/avr32-gnu-toolchain/bin/../lib/gcc/avr32/4.4.7/../../../../avr32/lib/ucr2\libc.a(lib_a-sprintf.o)
                                 0x40 (size before relaxing)
                0x800077a4                sprintf
 .text.strlen   0x800077e0       0x16 d:/program files (x86)/atmel/studio/7.0/toolchain/avr32/avr32-gnu-toolchain/bin/../lib/gcc/avr32/4.4.7/../../../../avr32/lib/ucr2\libc.a(lib_a-strlen.o)
                0x800077e0                strlen
 *fill*         0x800077f6        0x2 d703d703
 .text          0x800077f8       0x20 d:/program files (x86)/atmel/studio/7.0/toolchain/avr32/avr32-gnu-toolchain/bin/../lib/gcc/avr32/4.4.7/../../../../avr32/lib/ucr2\libc.a(lib_a-strncpy.o)
                0x800077f8                strncpy
 .text._close   0x80007818       0x14 d:/program files (x86)/atmel/studio/7.0/toolchain/avr32/avr32-gnu-toolchain/bin/../lib/gcc/avr32/4.4.7/../../../../avr32/lib/ucr2\libc.a(lib_a-syscalls.o)
                                 0x18 (size before relaxing)
                0x80007818                _close
 .text._lseek   0x8000782c       0x14 d:/program files (x86)/atmel/studio/7.0/toolchain/avr32/avr32-gnu-toolchain/bin/../lib/gcc/avr32/4.4.7/../../../../avr32/lib/ucr2\libc.a(lib_a-syscalls.o)
                                 0x18 (size before relaxing)
                0x8000782c                _lseek
 .text.isatty   0x80007840       0x14 d:/program files (x86)/atmel/studio/7.0/toolchain/avr32/avr32-gnu-toolchain/bin/../lib/gcc/avr32/4.4.7/../../../../avr32/lib/ucr2\libc.a(lib_a-syscalls.o)
                                 0x18 (size before relaxing)
                0x80007840                isatty
 .text._fstat_host
                0x80007854       0x14 d:/program files (x86)/atmel/studio/7.0/toolchain/avr32/avr32-gnu-toolchain/bin/../lib/gcc/avr32/4.4.7/../../../../avr32/lib/ucr2\libc.a(lib_a-syscalls.o)
                                 0x18 (size before relaxing)
                0x80007854                _fstat_host
 .text._fstat   0x80007868       0x4c d:/program files (x86)/atmel/studio/7.0/toolchain/avr32/avr32-gnu-toolchain/bin/../lib/gcc/avr32/4.4.7/../../../../avr32/lib/ucr2\libc.a(lib_a-syscalls.o)
                                 0x50 (size before relaxing)
                0x80007868                _fstat
 .text._sbrk    0x800078b4       0x38 d:/program files (x86)/atmel/studio/7.0/toolchain/avr32/avr32-gnu-toolchain/bin/../lib/gcc/avr32/4.4.7/../../../../avr32/lib/ucr2\libc.a(lib_a-syscalls.o)
                                 0x40 (size before relaxing)
                0x800078b4                _sbrk
 .text.get_arg  0x800078ec      0x314 d:/program files (x86)/atmel/studio/7.0/toolchain/avr32/avr32-gnu-toolchain/bin/../lib/gcc/avr32/4.4.7/../../../../avr32/lib/ucr2\libc.a(lib_a-vfprintf.o)
                                0x324 (size before relaxing)
 .text.__sprint_r
                0x80007c00       0x1c d:/program files (x86)/atmel/studio/7.0/toolchain/avr32/avr32-gnu-toolchain/bin/../lib/gcc/avr32/4.4.7/../../../../avr32/lib/ucr2\libc.a(lib_a-vfprintf.o)
                                 0x20 (size before relaxing)
 .text._vfprintf_r
                0x80007c1c     0x1f14 d:/program files (x86)/atmel/studio/7.0/toolchain/avr32/avr32-gnu-toolchain/bin/../lib/gcc/avr32/4.4.7/../../../../avr32/lib/ucr2\libc.a(lib_a-vfprintf.o)
                               0x1f9c (size before relaxing)
                0x80007c1c                _vfprintf_r
 .text.__swsetup_r
                0x80009b30       0xdc d:/program files (x86)/atmel/studio/7.0/toolchain/avr32/avr32-gnu-toolchain/bin/../lib/gcc/avr32/4.4.7/../../../../avr32/lib/ucr2\libc.a(lib_a-wsetup.o)
                                 0xe8 (size before relaxing)
                0x80009b30                __swsetup_r
 .text.quorem   0x80009c0c      0x120 d:/program files (x86)/atmel/studio/7.0/toolchain/avr32/avr32-gnu-toolchain/bin/../lib/gcc/avr32/4.4.7/../../../../avr32/lib/ucr2\libc.a(lib_a-dtoa.o)
                                0x124 (size before relaxing)
 .text._dtoa_r  0x80009d2c      0xbdc d:/program files (x86)/atmel/studio/7.0/toolchain/avr32/avr32-gnu-toolchain/bin/../lib/gcc/avr32/4.4.7/../../../../avr32/lib/ucr2\libc.a(lib_a-dtoa.o)
                                0xc90 (size before relaxing)
                0x80009d2c                _dtoa_r
 .text.__errno  0x8000a908        0xc d:/program files (x86)/atmel/studio/7.0/toolchain/avr32/avr32-gnu-toolchain/bin/../lib/gcc/avr32/4.4.7/../../../../avr32/lib/ucr2\libc.a(lib_a-errno.o)
                0x8000a908                __errno
 .text._fflush_r
                0x8000a914      0x10c d:/program files (x86)/atmel/studio/7.0/toolchain/avr32/avr32-gnu-toolchain/bin/../lib/gcc/avr32/4.4.7/../../../../avr32/lib/ucr2\libc.a(lib_a-fflush.o)
                                0x118 (size before relaxing)
                0x8000a914                _fflush_r
 .text.__sfp_lock_acquire
                0x8000aa20        0x2 d:/program files (x86)/atmel/studio/7.0/toolchain/avr32/avr32-gnu-toolchain/bin/../lib/gcc/avr32/4.4.7/../../../../avr32/lib/ucr2\libc.a(lib_a-findfp.o)
                0x8000aa20                __sfp_lock_acquire
 .text.__sfp_lock_release
                0x8000aa22        0x2 d:/program files (x86)/atmel/studio/7.0/toolchain/avr32/avr32-gnu-toolchain/bin/../lib/gcc/avr32/4.4.7/../../../../avr32/lib/ucr2\libc.a(lib_a-findfp.o)
                0x8000aa22                __sfp_lock_release
 .text._cleanup_r
                0x8000aa24        0xc d:/program files (x86)/atmel/studio/7.0/toolchain/avr32/avr32-gnu-toolchain/bin/../lib/gcc/avr32/4.4.7/../../../../avr32/lib/ucr2\libc.a(lib_a-findfp.o)
                                 0x14 (size before relaxing)
                0x8000aa24                _cleanup_r
 .text.__sfmoreglue
                0x8000aa30       0x28 d:/program files (x86)/atmel/studio/7.0/toolchain/avr32/avr32-gnu-toolchain/bin/../lib/gcc/avr32/4.4.7/../../../../avr32/lib/ucr2\libc.a(lib_a-findfp.o)
                                 0x30 (size before relaxing)
                0x8000aa30                __sfmoreglue
 .text.__sfp    0x8000aa58       0x6c d:/program files (x86)/atmel/studio/7.0/toolchain/avr32/avr32-gnu-toolchain/bin/../lib/gcc/avr32/4.4.7/../../../../avr32/lib/ucr2\libc.a(lib_a-findfp.o)
                                 0x7c (size before relaxing)
                0x8000aa58                __sfp
 .text.__sinit  0x8000aac4       0x9c d:/program files (x86)/atmel/studio/7.0/toolchain/avr32/avr32-gnu-toolchain/bin/../lib/gcc/avr32/4.4.7/../../../../avr32/lib/ucr2\libc.a(lib_a-findfp.o)
                                 0xb0 (size before relaxing)
                0x8000aac4                __sinit
 .text._malloc_trim_r
                0x8000ab60       0x98 d:/program files (x86)/atmel/studio/7.0/toolchain/avr32/avr32-gnu-toolchain/bin/../lib/gcc/avr32/4.4.7/../../../../avr32/lib/ucr2\libc.a(lib_a-freer.o)
                                 0xa8 (size before relaxing)
                0x8000ab60                _malloc_trim_r
 .text._free_r  0x8000abf8      0x18c d:/program files (x86)/atmel/studio/7.0/toolchain/avr32/avr32-gnu-toolchain/bin/../lib/gcc/avr32/4.4.7/../../../../avr32/lib/ucr2\libc.a(lib_a-freer.o)
                                0x1a0 (size before relaxing)
                0x8000abf8                _free_r
 .text.__sfvwrite_r
                0x8000ad84      0x294 d:/program files (x86)/atmel/studio/7.0/toolchain/avr32/avr32-gnu-toolchain/bin/../lib/gcc/avr32/4.4.7/../../../../avr32/lib/ucr2\libc.a(lib_a-fvwrite.o)
                                0x2c4 (size before relaxing)
                0x8000ad84                __sfvwrite_r
 .text._fwalk   0x8000b018       0x4c d:/program files (x86)/atmel/studio/7.0/toolchain/avr32/avr32-gnu-toolchain/bin/../lib/gcc/avr32/4.4.7/../../../../avr32/lib/ucr2\libc.a(lib_a-fwalk.o)
                                 0x54 (size before relaxing)
                0x8000b018                _fwalk
 .text._localeconv_r
                0x8000b064        0x8 d:/program files (x86)/atmel/studio/7.0/toolchain/avr32/avr32-gnu-toolchain/bin/../lib/gcc/avr32/4.4.7/../../../../avr32/lib/ucr2\libc.a(lib_a-locale.o)
                0x8000b064                _localeconv_r
 .text.__smakebuf_r
                0x8000b06c       0xbc d:/program files (x86)/atmel/studio/7.0/toolchain/avr32/avr32-gnu-toolchain/bin/../lib/gcc/avr32/4.4.7/../../../../avr32/lib/ucr2\libc.a(lib_a-makebuf.o)
                                 0xcc (size before relaxing)
                0x8000b06c                __smakebuf_r
 .text.memchr   0x8000b128       0x16 d:/program files (x86)/atmel/studio/7.0/toolchain/avr32/avr32-gnu-toolchain/bin/../lib/gcc/avr32/4.4.7/../../../../avr32/lib/ucr2\libc.a(lib_a-memchr.o)
                0x8000b128                memchr
 .text.memmove  0x8000b13e       0x3e d:/program files (x86)/atmel/studio/7.0/toolchain/avr32/avr32-gnu-toolchain/bin/../lib/gcc/avr32/4.4.7/../../../../avr32/lib/ucr2\libc.a(lib_a-memmove.o)
                0x8000b13e                memmove
 .text.__hi0bits
                0x8000b17c       0x60 d:/program files (x86)/atmel/studio/7.0/toolchain/avr32/avr32-gnu-toolchain/bin/../lib/gcc/avr32/4.4.7/../../../../avr32/lib/ucr2\libc.a(lib_a-mprec.o)
                0x8000b17c                __hi0bits
 .text.__lo0bits
                0x8000b1dc       0x8e d:/program files (x86)/atmel/studio/7.0/toolchain/avr32/avr32-gnu-toolchain/bin/../lib/gcc/avr32/4.4.7/../../../../avr32/lib/ucr2\libc.a(lib_a-mprec.o)
                0x8000b1dc                __lo0bits
 .text.__mcmp   0x8000b26a       0x32 d:/program files (x86)/atmel/studio/7.0/toolchain/avr32/avr32-gnu-toolchain/bin/../lib/gcc/avr32/4.4.7/../../../../avr32/lib/ucr2\libc.a(lib_a-mprec.o)
                0x8000b26a                __mcmp
 .text._Bfree   0x8000b29c       0x34 d:/program files (x86)/atmel/studio/7.0/toolchain/avr32/avr32-gnu-toolchain/bin/../lib/gcc/avr32/4.4.7/../../../../avr32/lib/ucr2\libc.a(lib_a-mprec.o)
                                 0x38 (size before relaxing)
                0x8000b29c                _Bfree
 .text._Balloc  0x8000b2d0       0x70 d:/program files (x86)/atmel/studio/7.0/toolchain/avr32/avr32-gnu-toolchain/bin/../lib/gcc/avr32/4.4.7/../../../../avr32/lib/ucr2\libc.a(lib_a-mprec.o)
                                 0x78 (size before relaxing)
                0x8000b2d0                _Balloc
 .text.__d2b    0x8000b340       0xa0 d:/program files (x86)/atmel/studio/7.0/toolchain/avr32/avr32-gnu-toolchain/bin/../lib/gcc/avr32/4.4.7/../../../../avr32/lib/ucr2\libc.a(lib_a-mprec.o)
                                 0xb4 (size before relaxing)
                0x8000b340                __d2b
 .text.__mdiff  0x8000b3e0       0xd0 d:/program files (x86)/atmel/studio/7.0/toolchain/avr32/avr32-gnu-toolchain/bin/../lib/gcc/avr32/4.4.7/../../../../avr32/lib/ucr2\libc.a(lib_a-mprec.o)
                                 0xd8 (size before relaxing)
                0x8000b3e0                __mdiff
 .text.__lshift
                0x8000b4b0       0x88 d:/program files (x86)/atmel/studio/7.0/toolchain/avr32/avr32-gnu-toolchain/bin/../lib/gcc/avr32/4.4.7/../../../../avr32/lib/ucr2\libc.a(lib_a-mprec.o)
                                 0x94 (size before relaxing)
                0x8000b4b0                __lshift
 .text.__multiply
                0x8000b538      0x100 d:/program files (x86)/atmel/studio/7.0/toolchain/avr32/avr32-gnu-toolchain/bin/../lib/gcc/avr32/4.4.7/../../../../avr32/lib/ucr2\libc.a(lib_a-mprec.o)
                                0x108 (size before relaxing)
                0x8000b538                __multiply
 .text.__i2b    0x8000b638       0x10 d:/program files (x86)/atmel/studio/7.0/toolchain/avr32/avr32-gnu-toolchain/bin/../lib/gcc/avr32/4.4.7/../../../../avr32/lib/ucr2\libc.a(lib_a-mprec.o)
                                 0x18 (size before relaxing)
                0x8000b638                __i2b
 .text.__multadd
                0x8000b648       0x7c d:/program files (x86)/atmel/studio/7.0/toolchain/avr32/avr32-gnu-toolchain/bin/../lib/gcc/avr32/4.4.7/../../../../avr32/lib/ucr2\libc.a(lib_a-mprec.o)
                                 0x88 (size before relaxing)
                0x8000b648                __multadd
 .text.__pow5mult
                0x8000b6c4       0x8c d:/program files (x86)/atmel/studio/7.0/toolchain/avr32/avr32-gnu-toolchain/bin/../lib/gcc/avr32/4.4.7/../../../../avr32/lib/ucr2\libc.a(lib_a-mprec.o)
                                 0xac (size before relaxing)
                0x8000b6c4                __pow5mult
 .text.__isinfd
                0x8000b750       0x2a d:/program files (x86)/atmel/studio/7.0/toolchain/avr32/avr32-gnu-toolchain/bin/../lib/gcc/avr32/4.4.7/../../../../avr32/lib/ucr2\libc.a(lib_a-s_isinfd.o)
                0x8000b750                __isinfd
 .text.__isnand
                0x8000b77a       0x1c d:/program files (x86)/atmel/studio/7.0/toolchain/avr32/avr32-gnu-toolchain/bin/../lib/gcc/avr32/4.4.7/../../../../avr32/lib/ucr2\libc.a(lib_a-s_isnand.o)
                0x8000b77a                __isnand
 *fill*         0x8000b796        0x2 d703d703
 .text.__sclose
                0x8000b798        0x8 d:/program files (x86)/atmel/studio/7.0/toolchain/avr32/avr32-gnu-toolchain/bin/../lib/gcc/avr32/4.4.7/../../../../avr32/lib/ucr2\libc.a(lib_a-stdio.o)
                                 0x10 (size before relaxing)
                0x8000b798                __sclose
 .text.__sseek  0x8000b7a0       0x20 d:/program files (x86)/atmel/studio/7.0/toolchain/avr32/avr32-gnu-toolchain/bin/../lib/gcc/avr32/4.4.7/../../../../avr32/lib/ucr2\libc.a(lib_a-stdio.o)
                                 0x28 (size before relaxing)
                0x8000b7a0                __sseek
 .text.__swrite
                0x8000b7c0       0x2c d:/program files (x86)/atmel/studio/7.0/toolchain/avr32/avr32-gnu-toolchain/bin/../lib/gcc/avr32/4.4.7/../../../../avr32/lib/ucr2\libc.a(lib_a-stdio.o)
                                 0x38 (size before relaxing)
                0x8000b7c0                __swrite
 .text.__sread  0x8000b7ec       0x1c d:/program files (x86)/atmel/studio/7.0/toolchain/avr32/avr32-gnu-toolchain/bin/../lib/gcc/avr32/4.4.7/../../../../avr32/lib/ucr2\libc.a(lib_a-stdio.o)
                                 0x24 (size before relaxing)
                0x8000b7ec                __sread
 .text._write_r
                0x8000b808       0x28 d:/program files (x86)/atmel/studio/7.0/toolchain/avr32/avr32-gnu-toolchain/bin/../lib/gcc/avr32/4.4.7/../../../../avr32/lib/ucr2\libc.a(lib_a-writer.o)
                                 0x2c (size before relaxing)
                0x8000b808                _write_r
 .text._calloc_r
                0x8000b830       0x58 d:/program files (x86)/atmel/studio/7.0/toolchain/avr32/avr32-gnu-toolchain/bin/../lib/gcc/avr32/4.4.7/../../../../avr32/lib/ucr2\libc.a(lib_a-callocr.o)
                                 0x60 (size before relaxing)
                0x8000b830                _calloc_r
 .text._close_r
                0x8000b888       0x20 d:/program files (x86)/atmel/studio/7.0/toolchain/avr32/avr32-gnu-toolchain/bin/../lib/gcc/avr32/4.4.7/../../../../avr32/lib/ucr2\libc.a(lib_a-closer.o)
                                 0x28 (size before relaxing)
                0x8000b888                _close_r
 .text._fclose_r
                0x8000b8a8       0xb8 d:/program files (x86)/atmel/studio/7.0/toolchain/avr32/avr32-gnu-toolchain/bin/../lib/gcc/avr32/4.4.7/../../../../avr32/lib/ucr2\libc.a(lib_a-fclose.o)
                                 0xd0 (size before relaxing)
                0x8000b8a8                _fclose_r
 .text.fclose   0x8000b960       0x10 d:/program files (x86)/atmel/studio/7.0/toolchain/avr32/avr32-gnu-toolchain/bin/../lib/gcc/avr32/4.4.7/../../../../avr32/lib/ucr2\libc.a(lib_a-fclose.o)
                                 0x18 (size before relaxing)
                0x8000b960                fclose
 .text._fstat_r
                0x8000b970       0x24 d:/program files (x86)/atmel/studio/7.0/toolchain/avr32/avr32-gnu-toolchain/bin/../lib/gcc/avr32/4.4.7/../../../../avr32/lib/ucr2\libc.a(lib_a-fstatr.o)
                                 0x2c (size before relaxing)
                0x8000b970                _fstat_r
 .text._lseek_r
                0x8000b994       0x28 d:/program files (x86)/atmel/studio/7.0/toolchain/avr32/avr32-gnu-toolchain/bin/../lib/gcc/avr32/4.4.7/../../../../avr32/lib/ucr2\libc.a(lib_a-lseekr.o)
                                 0x2c (size before relaxing)
                0x8000b994                _lseek_r
 .text._read_r  0x8000b9bc       0x28 d:/program files (x86)/atmel/studio/7.0/toolchain/avr32/avr32-gnu-toolchain/bin/../lib/gcc/avr32/4.4.7/../../../../avr32/lib/ucr2\libc.a(lib_a-readr.o)
                                 0x2c (size before relaxing)
                0x8000b9bc                _read_r
 .text          0x8000b9e4      0x1d4 d:/program files (x86)/atmel/studio/7.0/toolchain/avr32/avr32-gnu-toolchain/bin/../lib/gcc/avr32/4.4.7/ucr2\libgcc.a(_avr32_f64_mul.o)
                0x8000b9e4                __avr32_f64_mul
 .text          0x8000bbb8      0x2b0 d:/program files (x86)/atmel/studio/7.0/toolchain/avr32/avr32-gnu-toolchain/bin/../lib/gcc/avr32/4.4.7/ucr2\libgcc.a(_avr32_f64_addsub.o)
                0x8000bbbc                __avr32_f64_sub
                0x8000bd58                __avr32_f64_add
 .text          0x8000be68       0x2a d:/program files (x86)/atmel/studio/7.0/toolchain/avr32/avr32-gnu-toolchain/bin/../lib/gcc/avr32/4.4.7/ucr2\libgcc.a(_avr32_f64_to_s32.o)
                0x8000be68                __avr32_f64_to_u32
                0x8000be6c                __avr32_f64_to_s32
 .text          0x8000be92       0xe8 d:/program files (x86)/atmel/studio/7.0/toolchain/avr32/avr32-gnu-toolchain/bin/../lib/gcc/avr32/4.4.7/ucr2\libgcc.a(_avr32_s32_to_f64.o)
                0x8000be92                __avr32_u32_to_f64
                0x8000be9a                __avr32_s32_to_f64
 .text          0x8000bf7a       0x26 d:/program files (x86)/atmel/studio/7.0/toolchain/avr32/avr32-gnu-toolchain/bin/../lib/gcc/avr32/4.4.7/ucr2\libgcc.a(_avr32_f64_cmp_eq.o)
                0x8000bf7a                __avr32_f64_cmp_eq
 .text          0x8000bfa0       0x68 d:/program files (x86)/atmel/studio/7.0/toolchain/avr32/avr32-gnu-toolchain/bin/../lib/gcc/avr32/4.4.7/ucr2\libgcc.a(_avr32_f64_cmp_ge.o)
                0x8000bfa0                __avr32_f64_cmp_ge
 .text          0x8000c008       0x68 d:/program files (x86)/atmel/studio/7.0/toolchain/avr32/avr32-gnu-toolchain/bin/../lib/gcc/avr32/4.4.7/ucr2\libgcc.a(_avr32_f64_cmp_lt.o)
                0x8000c008                __avr32_f64_cmp_lt
 .text          0x8000c070      0x318 d:/program files (x86)/atmel/studio/7.0/toolchain/avr32/avr32-gnu-toolchain/bin/../lib/gcc/avr32/4.4.7/ucr2\libgcc.a(_avr32_f64_div.o)
                0x8000c070                __avr32_f64_div
 .text          0x8000c388      0x264 d:/program files (x86)/atmel/studio/7.0/toolchain/avr32/avr32-gnu-toolchain/bin/../lib/gcc/avr32/4.4.7/ucr2\libgcc.a(_udivdi3.o)
                0x8000c388                __avr32_udiv64
                0x8000c388                __udivdi3
 .text          0x8000c5ec      0x20c d:/program files (x86)/atmel/studio/7.0/toolchain/avr32/avr32-gnu-toolchain/bin/../lib/gcc/avr32/4.4.7/ucr2\libgcc.a(_umoddi3.o)
                0x8000c5ec                __avr32_umod64
                0x8000c5ec                __umoddi3
 *(.text.*personality*)
 *(.gnu.warning)

.exception      0x8000c800      0x200
 .exception     0x8000c800      0x200 Srouce/ASF/thirdparty/freertos/freertos-7.0.0/source/portable/gcc/avr32_uc3/exception.o
                0x8000c800                _evba
                0x8000c904                _int0
                0x8000c912                _int1
                0x8000c920                _int2
                0x8000c92e                _int3
                0x8000c93c                ipr_val

.fini
 *(.fini)
                0x8000ca00                PROVIDE (__etext, .)
                0x8000ca00                PROVIDE (_etext, .)
                0x8000ca00                PROVIDE (etext, .)

.rodata         0x8000ca00     0x11e4
 *(.rodata .rodata.* .gnu.linkonce.r.*)
 .rodata.str1.4
                0x8000ca00      0x705 Srouce/Application/app/app.o
                                0x708 (size before relaxing)
 *fill*         0x8000d105        0x3 
 .rodata.C.47.11258
                0x8000d108       0x10 Srouce/Application/flash/data_flash.o
 .rodata.C.50.11271
                0x8000d118        0x4 Srouce/Application/flash/data_flash.o
 .rodata.DF_SPI_GPIO_MAP.11256
                0x8000d11c       0x20 Srouce/Application/flash/data_flash.o
 .rodata.Public_AMBEkey
                0x8000d13c        0x8 Srouce/Application/radio/ambe.o
                0x8000d13c                Public_AMBEkey
 .rodata.CSWTCH.35
                0x8000d144       0x48 Srouce/Application/radio/ambe.o
 .rodata.str1.4
                0x8000d18c        0xb Srouce/Application/radio/payload.o
                                  0xc (size before relaxing)
 *fill*         0x8000d197        0x1 
 .rodata.phy_tx_func
                0x8000d198       0x1c Srouce/Application/radio/physical.o
 .rodata.str1.4
                0x8000d1b4       0x48 Srouce/Application/radio/physical.o
 .rodata.str1.4
                0x8000d1fc        0x8 Srouce/Application/radio/xcmp.o
 .rodata.str1.4
                0x8000d204        0x7 Srouce/Application/radio/xnl.o
                                 0x10 (size before relaxing)
 *fill*         0x8000d20b        0x1 
 .rodata.tc_interrupt.10158
                0x8000d20c        0x4 Srouce/Application/timers/timer.o
 .rodata.waveform_opt.10157
                0x8000d210        0x8 Srouce/Application/timers/timer.o
 .rodata.str1.4
                0x8000d218       0x99 Srouce/Application/voice/voice.o
                                 0x9c (size before relaxing)
 *fill*         0x8000d2b1        0x3 
 .rodata._int_handler_table
                0x8000d2b4       0x98 Srouce/ASF/avr32/drivers/intc/intc.o
 .rodata.str1.4
                0x8000d34c        0x5 Srouce/ASF/thirdparty/freertos/freertos-7.0.0/source/tasks.o
                                  0x8 (size before relaxing)
 *fill*         0x8000d351        0x3 
 .rodata.log    0x8000d354      0x150 Srouce/Log/log.o
 .rodata.logFromISR
                0x8000d4a4      0x150 Srouce/Log/log.o
 .rodata.USART_OPTIONS.11277
                0x8000d5f4        0xc Srouce/Log/log.o
 .rodata.str1.4
                0x8000d600       0x3c Srouce/Log/log.o
 .rodata.USART_GPIO_MAP.11276
                0x8000d63c       0x10 Srouce/Log/log.o
 .rodata.str1.4
                0x8000d64c       0x14 Srouce/main.o
 .rodata.get_arg
                0x8000d660       0x3c d:/program files (x86)/atmel/studio/7.0/toolchain/avr32/avr32-gnu-toolchain/bin/../lib/gcc/avr32/4.4.7/../../../../avr32/lib/ucr2\libc.a(lib_a-vfprintf.o)
 .rodata._vfprintf_r
                0x8000d69c      0x164 d:/program files (x86)/atmel/studio/7.0/toolchain/avr32/avr32-gnu-toolchain/bin/../lib/gcc/avr32/4.4.7/../../../../avr32/lib/ucr2\libc.a(lib_a-vfprintf.o)
 .rodata.state_table
                0x8000d800       0x6c d:/program files (x86)/atmel/studio/7.0/toolchain/avr32/avr32-gnu-toolchain/bin/../lib/gcc/avr32/4.4.7/../../../../avr32/lib/ucr2\libc.a(lib_a-vfprintf.o)
 .rodata.action_table
                0x8000d86c       0x6c d:/program files (x86)/atmel/studio/7.0/toolchain/avr32/avr32-gnu-toolchain/bin/../lib/gcc/avr32/4.4.7/../../../../avr32/lib/ucr2\libc.a(lib_a-vfprintf.o)
 .rodata.str1.4
                0x8000d8d8       0x3a d:/program files (x86)/atmel/studio/7.0/toolchain/avr32/avr32-gnu-toolchain/bin/../lib/gcc/avr32/4.4.7/../../../../avr32/lib/ucr2\libc.a(lib_a-vfprintf.o)
                                 0x3c (size before relaxing)
 *fill*         0x8000d912        0x2 
 .rodata.blanks.3430
                0x8000d914       0x10 d:/program files (x86)/atmel/studio/7.0/toolchain/avr32/avr32-gnu-toolchain/bin/../lib/gcc/avr32/4.4.7/../../../../avr32/lib/ucr2\libc.a(lib_a-vfprintf.o)
 .rodata.zeroes.3431
                0x8000d924       0x10 d:/program files (x86)/atmel/studio/7.0/toolchain/avr32/avr32-gnu-toolchain/bin/../lib/gcc/avr32/4.4.7/../../../../avr32/lib/ucr2\libc.a(lib_a-vfprintf.o)
 .rodata.chclass
                0x8000d934      0x100 d:/program files (x86)/atmel/studio/7.0/toolchain/avr32/avr32-gnu-toolchain/bin/../lib/gcc/avr32/4.4.7/../../../../avr32/lib/ucr2\libc.a(lib_a-vfprintf.o)
 .rodata.str1.4
                0x8000da34       0x10 d:/program files (x86)/atmel/studio/7.0/toolchain/avr32/avr32-gnu-toolchain/bin/../lib/gcc/avr32/4.4.7/../../../../avr32/lib/ucr2\libc.a(lib_a-dtoa.o)
                                 0x14 (size before relaxing)
 .rodata.__sf_fake_stdin
                0x8000da44       0x20 d:/program files (x86)/atmel/studio/7.0/toolchain/avr32/avr32-gnu-toolchain/bin/../lib/gcc/avr32/4.4.7/../../../../avr32/lib/ucr2\libc.a(lib_a-findfp.o)
                0x8000da44                __sf_fake_stdin
 .rodata.__sf_fake_stdout
                0x8000da64       0x20 d:/program files (x86)/atmel/studio/7.0/toolchain/avr32/avr32-gnu-toolchain/bin/../lib/gcc/avr32/4.4.7/../../../../avr32/lib/ucr2\libc.a(lib_a-findfp.o)
                0x8000da64                __sf_fake_stdout
 .rodata.__sf_fake_stderr
                0x8000da84       0x20 d:/program files (x86)/atmel/studio/7.0/toolchain/avr32/avr32-gnu-toolchain/bin/../lib/gcc/avr32/4.4.7/../../../../avr32/lib/ucr2\libc.a(lib_a-findfp.o)
                0x8000da84                __sf_fake_stderr
 .rodata.str1.4
                0x8000daa4        0x2 d:/program files (x86)/atmel/studio/7.0/toolchain/avr32/avr32-gnu-toolchain/bin/../lib/gcc/avr32/4.4.7/../../../../avr32/lib/ucr2\libc.a(lib_a-impure.o)
                                  0x4 (size before relaxing)
 *fill*         0x8000daa6        0x2 
 .rodata._global_impure_ptr
                0x8000daa8        0x4 d:/program files (x86)/atmel/studio/7.0/toolchain/avr32/avr32-gnu-toolchain/bin/../lib/gcc/avr32/4.4.7/../../../../avr32/lib/ucr2\libc.a(lib_a-impure.o)
                0x8000daa8                _global_impure_ptr
 .rodata.lconv  0x8000daac       0x30 d:/program files (x86)/atmel/studio/7.0/toolchain/avr32/avr32-gnu-toolchain/bin/../lib/gcc/avr32/4.4.7/../../../../avr32/lib/ucr2\libc.a(lib_a-locale.o)
 .rodata.str1.4
                0x8000dadc        0xc d:/program files (x86)/atmel/studio/7.0/toolchain/avr32/avr32-gnu-toolchain/bin/../lib/gcc/avr32/4.4.7/../../../../avr32/lib/ucr2\libc.a(lib_a-locale.o)
                                 0x18 (size before relaxing)
 .rodata.p05.2471
                0x8000dae8        0xc d:/program files (x86)/atmel/studio/7.0/toolchain/avr32/avr32-gnu-toolchain/bin/../lib/gcc/avr32/4.4.7/../../../../avr32/lib/ucr2\libc.a(lib_a-mprec.o)
 .rodata.__mprec_tens
                0x8000daf4       0xc8 d:/program files (x86)/atmel/studio/7.0/toolchain/avr32/avr32-gnu-toolchain/bin/../lib/gcc/avr32/4.4.7/../../../../avr32/lib/ucr2\libc.a(lib_a-mprec.o)
                0x8000daf4                __mprec_tens
 .rodata.__mprec_bigtens
                0x8000dbbc       0x28 d:/program files (x86)/atmel/studio/7.0/toolchain/avr32/avr32-gnu-toolchain/bin/../lib/gcc/avr32/4.4.7/../../../../avr32/lib/ucr2\libc.a(lib_a-mprec.o)
                0x8000dbbc                __mprec_bigtens

.rodata1
 *(.rodata1)

.eh_frame_hdr
 *(.eh_frame_hdr)

.eh_frame
 *(.eh_frame)

.gcc_except_table
 *(.gcc_except_table)
 *(.gcc_except_table.*)

.lalign         0x8000dbe4        0x4
                0x8000dbe8                . = ALIGN (0x8)
 *fill*         0x8000dbe4        0x4 
                0x8000dbe8                PROVIDE (_data_lma, .)
                0x00000004                . = ORIGIN (INTRAM)

.dalign         0x00000004        0x4
                0x00000008                . = ALIGN (0x8)
 *fill*         0x00000004        0x4 
                0x00000008                PROVIDE (_data, .)

.eh_frame
 *(.eh_frame)

.gcc_except_table
 *(.gcc_except_table)
 *(.gcc_except_table.*)

.tdata
 *(.tdata .tdata.* .gnu.linkonce.td.*)

.tbss
 *(.tbss .tbss.* .gnu.linkonce.tb.*)
 *(.tcommon)
                0x00000008                PROVIDE (__preinit_array_start, ALIGN (0x4))

.preinit_array
 *(.preinit_array)
                0x00000008                PROVIDE (__preinit_array_end, .)
                0x00000008                PROVIDE (__init_array_start, .)

.init_array
 *(.init_array)
                0x00000008                PROVIDE (__init_array_end, .)
                0x00000008                PROVIDE (__fini_array_start, .)

.fini_array
 *(.fini_array)
                0x00000008                PROVIDE (__fini_array_end, .)

.ctors
 *crtbegin*.o(.ctors)
 *(EXCLUDE_FILE(*crtend*.o) .ctors)
 *(SORT(.ctors.*))
 *(.ctors)

.dtors
 *crtbegin*.o(.dtors)
 *(EXCLUDE_FILE(*crtend*.o) .dtors)
 *(SORT(.dtors.*))
 *(.dtors)

.jcr
 *(.jcr)

.data.rel.ro
 *(.data.rel.ro.local)
 *(.data.rel.ro*)

.dynamic
 *(.dynamic)

.got
 *(.got.plt)
 *(.got)

.ramtext
 *(.ramtext .ramtext.*)

.ddalign        0x00000008        0x0 load address 0x8000dbe8
                0x00000008                . = ALIGN (0x8)

.data           0x00000008      0xa38 load address 0x8000dbe8
 *(.data .data.* .gnu.linkonce.d.*)
 .data.the_app_list
                0x00000008      0x4ec Srouce/Application/app/app.o
 .data.xnl_proc_list
                0x000004f4       0x34 Srouce/Application/radio/xnl.o
 .data.FlashLabel
                0x00000528        0x8 Srouce/Application/voice/voice.o
                0x00000528                FlashLabel
 .data.current_save_voice_offset
                0x00000530        0x4 Srouce/Application/voice/voice.o
 .data.ulCriticalNesting
                0x00000534        0x4 Srouce/ASF/thirdparty/freertos/freertos-7.0.0/source/portable/gcc/avr32_uc3/port.o
                0x00000534                ulCriticalNesting
 .data.xNextTaskUnblockTime
                0x00000538        0x4 Srouce/ASF/thirdparty/freertos/freertos-7.0.0/source/tasks.o
 .data.__malloc_av_
                0x0000053c      0x408 d:/program files (x86)/atmel/studio/7.0/toolchain/avr32/avr32-gnu-toolchain/bin/../lib/gcc/avr32/4.4.7/../../../../avr32/lib/ucr2\libc.a(lib_a-mallocr.o)
                0x0000053c                __malloc_av_
 .data.__malloc_trim_threshold
                0x00000944        0x4 d:/program files (x86)/atmel/studio/7.0/toolchain/avr32/avr32-gnu-toolchain/bin/../lib/gcc/avr32/4.4.7/../../../../avr32/lib/ucr2\libc.a(lib_a-mallocr.o)
                0x00000944                __malloc_trim_threshold
 .data.__malloc_sbrk_base
                0x00000948        0x4 d:/program files (x86)/atmel/studio/7.0/toolchain/avr32/avr32-gnu-toolchain/bin/../lib/gcc/avr32/4.4.7/../../../../avr32/lib/ucr2\libc.a(lib_a-mallocr.o)
                0x00000948                __malloc_sbrk_base
 .data.impure_data
                0x0000094c       0xf0 d:/program files (x86)/atmel/studio/7.0/toolchain/avr32/avr32-gnu-toolchain/bin/../lib/gcc/avr32/4.4.7/../../../../avr32/lib/ucr2\libc.a(lib_a-impure.o)
 .data._impure_ptr
                0x00000a3c        0x4 d:/program files (x86)/atmel/studio/7.0/toolchain/avr32/avr32-gnu-toolchain/bin/../lib/gcc/avr32/4.4.7/../../../../avr32/lib/ucr2\libc.a(lib_a-impure.o)
                0x00000a3c                _impure_ptr
 *(.gnu.linkonce.d.*personality*)

.data1
 *(.data1)

.balign         0x00000a40        0x0 load address 0x8000e620
                0x00000a40                . = ALIGN (0x8)
                0x00000a40                PROVIDE (_edata, .)
                0x00000a40                PROVIDE (edata, .)
                0x00000a40                __bss_start = .

.bss            0x00000a40     0x46c8
 *(.dynbss)
 *(.bss .bss.* .gnu.linkonce.b.*)
 .bss.Speaker_is_unmute
                0x00000a40        0x1 Srouce/Application/app/app.o
                0x00000a40                Speaker_is_unmute
 .bss.AMBE_rx_flag
                0x00000a41        0x1 Srouce/Application/app/app.o
                0x00000a41                AMBE_rx_flag
 .bss.Radio_Transmit_State
                0x00000a42        0x1 Srouce/Application/app/app.o
                0x00000a42                Radio_Transmit_State
 *fill*         0x00000a43        0x1 
 .bss.isAudioRouting.11576
                0x00000a44        0x4 Srouce/Application/app/app.o
 .bss.xLastWakeTime.11577
                0x00000a48        0x4 Srouce/Application/app/app.o
 .bss.Call_Begin
                0x00000a4c        0x1 Srouce/Application/app/app.o
                0x00000a4c                Call_Begin
 .bss.AMBE_Media
                0x00000a4d        0x1 Srouce/Application/app/app.o
                0x00000a4d                AMBE_Media
 .bss.VF_SN     0x00000a4e        0x1 Srouce/Application/app/app.o
                0x00000a4e                VF_SN
 *fill*         0x00000a4f        0x1 
 .bss.res.11567
                0x00000a50        0x4 Srouce/Application/app/app.o
 .bss.Mic_is_Enabled
                0x00000a54        0x1 Srouce/Application/app/app.o
                0x00000a54                Mic_is_Enabled
 .bss.AMBE_tx_flag
                0x00000a55        0x1 Srouce/Application/app/app.o
                0x00000a55                AMBE_tx_flag
 .bss.times_counter.11605
                0x00000a56        0x1 Srouce/Application/app/app.o
 *fill*         0x00000a57        0x1 
 .bss.ulIdleCycleCount
                0x00000a58        0x4 Srouce/Application/app/app.o
                0x00000a58                ulIdleCycleCount
 .bss.data_flash_failure
                0x00000a5c        0x1 Srouce/Application/flash/data_flash.o
                0x00000a5c                data_flash_failure
 *fill*         0x00000a5d        0x3 
 .bss.payload_rx_exec
                0x00000a60        0x4 Srouce/Application/radio/payload.o
                0x00000a60                payload_rx_exec
 .bss.payload_tx_exec
                0x00000a64        0x4 Srouce/Application/radio/payload.o
                0x00000a64                payload_tx_exec
 .bss.phy_rx_expexted_length.10709
                0x00000a68        0x2 Srouce/Application/radio/physical.o
 *fill*         0x00000a6a        0x2 
 .bss.Item_Length.10992
                0x00000a6c        0x4 Srouce/Application/radio/physical.o
 .bss.m_RxBurstType
                0x00000a70        0x4 Srouce/Application/radio/physical.o
 .bss.payload_store_idle
                0x00000a74        0x4 Srouce/Application/radio/physical.o
                0x00000a74                payload_store_idle
 .bss.phy_frame_ptr.10708
                0x00000a78        0x4 Srouce/Application/radio/physical.o
 .bss.A_index.10798
                0x00000a7c        0x4 Srouce/Application/radio/physical.o
 .bss.phy_ptr.10664
                0x00000a80        0x4 Srouce/Application/radio/physical.o
 .bss.RxMediaState.10983
                0x00000a84        0x4 Srouce/Application/radio/physical.o
 .bss.SDV_Index.10994
                0x00000a88        0x1 Srouce/Application/radio/physical.o
 .bss.phy_tx_index.10667
                0x00000a89        0x1 Srouce/Application/radio/physical.o
 *fill*         0x00000a8a        0x2 
 .bss.phy_rx_state.10712
                0x00000a8c        0x4 Srouce/Application/radio/physical.o
 .bss.phy_payload_frame_rx
                0x00000a90        0x4 Srouce/Application/radio/physical.o
                0x00000a90                phy_payload_frame_rx
 .bss.phy_check_sum.10711
                0x00000a94        0x2 Srouce/Application/radio/physical.o
 *fill*         0x00000a96        0x2 
 .bss.xnl_store_idle
                0x00000a98        0x4 Srouce/Application/radio/physical.o
                0x00000a98                xnl_store_idle
 .bss.RxBytesWaiting.10987
                0x00000a9c        0x4 Srouce/Application/radio/physical.o
 .bss.Soft_index.10799
                0x00000aa0        0x4 Srouce/Application/radio/physical.o
 .bss.phy_tx_state.10665
                0x00000aa4        0x4 Srouce/Application/radio/physical.o
 .bss.is_first.10990
                0x00000aa8        0x1 Srouce/Application/radio/physical.o
 *fill*         0x00000aa9        0x3 
 .bss.RxAMBE_IsFillingNext8.10985
                0x00000aac        0x4 Srouce/Application/radio/physical.o
 .bss.AMBE_payload_ptr.10989
                0x00000ab0        0x4 Srouce/Application/radio/physical.o
 .bss.AMBEpayload_tx_state.10792
                0x00000ab4        0x4 Srouce/Application/radio/physical.o
 .bss.phy_rx_count.10713
                0x00000ab8        0x4 Srouce/Application/radio/physical.o
 .bss.phy_payload_frame_tx
                0x00000abc        0x4 Srouce/Application/radio/physical.o
                0x00000abc                phy_payload_frame_tx
 .bss.phy_xnl_frame_rx
                0x00000ac0        0x4 Srouce/Application/radio/physical.o
                0x00000ac0                phy_xnl_frame_rx
 .bss.phy_tx_expexted_length.10666
                0x00000ac4        0x2 Srouce/Application/radio/physical.o
 *fill*         0x00000ac6        0x2 
 .bss.RxData_IsFillingNext16.10986
                0x00000ac8        0x4 Srouce/Application/radio/physical.o
 .bss.phy_xnl_frame_tx
                0x00000acc        0x4 Srouce/Application/radio/physical.o
                0x00000acc                phy_xnl_frame_tx
 .bss.Item_ID.10991
                0x00000ad0        0x1 Srouce/Application/radio/physical.o
 *fill*         0x00000ad1        0x1 
 .bss.phy_rx_length.10710
                0x00000ad2        0x2 Srouce/Application/radio/physical.o
 .bss.AMBE_HT   0x00000ad4        0x8 Srouce/Application/radio/physical.o
 .bss.phy_rx_exec
                0x00000adc        0x4 Srouce/Application/radio/ssc.o
                0x00000adc                phy_rx_exec
 .bss.phy_tx_exec
                0x00000ae0        0x4 Srouce/Application/radio/ssc.o
                0x00000ae0                phy_tx_exec
 .bss.version_information
                0x00000ae4        0xc Srouce/Application/radio/xcmp.o
                0x00000ae4                version_information
 .bss.xcmp_frame_rx
                0x00000af0        0x4 Srouce/Application/radio/xcmp.o
 .bss.clone_write
                0x00000af4        0xc Srouce/Application/radio/xcmp.o
                0x00000af4                clone_write
 .bss.automatic_frequency_correction_control
                0x00000b00        0xc Srouce/Application/radio/xcmp.o
                0x00000b00                automatic_frequency_correction_control
 .bss.clone_read
                0x00000b0c        0xc Srouce/Application/radio/xcmp.o
                0x00000b0c                clone_read
 .bss.language_pack_information
                0x00000b18        0xc Srouce/Application/radio/xcmp.o
                0x00000b18                language_pack_information
 .bss.radio_status
                0x00000b24        0xc Srouce/Application/radio/xcmp.o
                0x00000b24                radio_status
 .bss.xnl_timeout_semphr
                0x00000b30        0x4 Srouce/Application/radio/xnl.o
 .bss.flags.10670
                0x00000b34        0x1 Srouce/Application/radio/xnl.o
 *fill*         0x00000b35        0x1 
 .bss.xnl_information
                0x00000b36        0xa Srouce/Application/radio/xnl.o
 .bss.xnl_frame_tx
                0x00000b40        0x4 Srouce/Application/radio/xnl.o
 .bss.ptr.10716
                0x00000b44        0x4 Srouce/Application/radio/xnl.o
 .bss.xnl_send_times.10715
                0x00000b48        0x4 Srouce/Application/radio/xnl.o
 .bss.xnl_tx_state.10714
                0x00000b4c        0x4 Srouce/Application/radio/xnl.o
 .bss.xcmp_exec
                0x00000b50        0x4 Srouce/Application/radio/xnl.o
                0x00000b50                xcmp_exec
 .bss.tc_tick   0x00000b54        0x4 Srouce/Application/timers/timer.o
                0x00000b54                tc_tick
 .bss.current_voice_index
                0x00000b58        0x2 Srouce/Application/voice/voice.o
 .bss.list_init_success_flag
                0x00000b5a        0x1 Srouce/Application/voice/voice.o
 *fill*         0x00000b5b        0x1 
 .bss._int_line_handler_table_6
                0x00000b5c        0x4 Srouce/ASF/avr32/drivers/intc/intc.o
 .bss._int_line_handler_table_7
                0x00000b60        0x4 Srouce/ASF/avr32/drivers/intc/intc.o
 .bss._int_line_handler_table_8
                0x00000b64        0x4 Srouce/ASF/avr32/drivers/intc/intc.o
 .bss._int_line_handler_table_9
                0x00000b68        0x4 Srouce/ASF/avr32/drivers/intc/intc.o
 .bss._int_line_handler_table_10
                0x00000b6c        0x4 Srouce/ASF/avr32/drivers/intc/intc.o
 .bss._int_line_handler_table_11
                0x00000b70        0x4 Srouce/ASF/avr32/drivers/intc/intc.o
 .bss._int_line_handler_table_12
                0x00000b74        0x4 Srouce/ASF/avr32/drivers/intc/intc.o
 .bss._int_line_handler_table_13
                0x00000b78        0x4 Srouce/ASF/avr32/drivers/intc/intc.o
 .bss._int_line_handler_table_14
                0x00000b7c        0xc Srouce/ASF/avr32/drivers/intc/intc.o
 .bss._int_line_handler_table_15
                0x00000b88        0x4 Srouce/ASF/avr32/drivers/intc/intc.o
 .bss._int_line_handler_table_16
                0x00000b8c        0x4 Srouce/ASF/avr32/drivers/intc/intc.o
 .bss._int_line_handler_table_17
                0x00000b90        0x4 Srouce/ASF/avr32/drivers/intc/intc.o
 .bss._int_line_handler_table_18
                0x00000b94        0x4 Srouce/ASF/avr32/drivers/intc/intc.o
 .bss._int_line_handler_table_0
                0x00000b98        0x4 Srouce/ASF/avr32/drivers/intc/intc.o
 .bss._int_line_handler_table_1
                0x00000b9c       0x2c Srouce/ASF/avr32/drivers/intc/intc.o
 .bss._int_line_handler_table_2
                0x00000bc8       0x18 Srouce/ASF/avr32/drivers/intc/intc.o
 .bss._int_line_handler_table_3
                0x00000be0       0x1c Srouce/ASF/avr32/drivers/intc/intc.o
 .bss._int_line_handler_table_4
                0x00000bfc        0x4 Srouce/ASF/avr32/drivers/intc/intc.o
 .bss._int_line_handler_table_5
                0x00000c00        0x4 Srouce/ASF/avr32/drivers/intc/intc.o
 .bss.uxMissedTicks
                0x00000c04        0x4 Srouce/ASF/thirdparty/freertos/freertos-7.0.0/source/tasks.o
 .bss.uxTopUsedPriority
                0x00000c08        0x4 Srouce/ASF/thirdparty/freertos/freertos-7.0.0/source/tasks.o
 .bss.pxDelayedTaskList
                0x00000c0c        0x4 Srouce/ASF/thirdparty/freertos/freertos-7.0.0/source/tasks.o
 .bss.xSchedulerRunning
                0x00000c10        0x4 Srouce/ASF/thirdparty/freertos/freertos-7.0.0/source/tasks.o
 .bss.uxTasksDeleted
                0x00000c14        0x4 Srouce/ASF/thirdparty/freertos/freertos-7.0.0/source/tasks.o
 .bss.xNumOfOverflows
                0x00000c18        0x4 Srouce/ASF/thirdparty/freertos/freertos-7.0.0/source/tasks.o
 .bss.pxOverflowDelayedTaskList
                0x00000c1c        0x4 Srouce/ASF/thirdparty/freertos/freertos-7.0.0/source/tasks.o
 .bss.pxReadyTasksLists
                0x00000c20       0xa0 Srouce/ASF/thirdparty/freertos/freertos-7.0.0/source/tasks.o
 .bss.xTasksWaitingTermination
                0x00000cc0       0x14 Srouce/ASF/thirdparty/freertos/freertos-7.0.0/source/tasks.o
 .bss.pxCurrentTCB
                0x00000cd4        0x4 Srouce/ASF/thirdparty/freertos/freertos-7.0.0/source/tasks.o
                0x00000cd4                pxCurrentTCB
 .bss.xPendingReadyList
                0x00000cd8       0x14 Srouce/ASF/thirdparty/freertos/freertos-7.0.0/source/tasks.o
 .bss.xDelayedTaskList1
                0x00000cec       0x14 Srouce/ASF/thirdparty/freertos/freertos-7.0.0/source/tasks.o
 .bss.xTickCount
                0x00000d00        0x4 Srouce/ASF/thirdparty/freertos/freertos-7.0.0/source/tasks.o
 .bss.uxSchedulerSuspended
                0x00000d04        0x4 Srouce/ASF/thirdparty/freertos/freertos-7.0.0/source/tasks.o
 .bss.xDelayedTaskList2
                0x00000d08       0x14 Srouce/ASF/thirdparty/freertos/freertos-7.0.0/source/tasks.o
 .bss.uxTaskNumber
                0x00000d1c        0x4 Srouce/ASF/thirdparty/freertos/freertos-7.0.0/source/tasks.o
 .bss.uxCurrentNumberOfTasks
                0x00000d20        0x4 Srouce/ASF/thirdparty/freertos/freertos-7.0.0/source/tasks.o
 .bss.xMissedYield
                0x00000d24        0x4 Srouce/ASF/thirdparty/freertos/freertos-7.0.0/source/tasks.o
 .bss.xSuspendedTaskList
                0x00000d28       0x14 Srouce/ASF/thirdparty/freertos/freertos-7.0.0/source/tasks.o
 .bss.uxTopReadyPriority
                0x00000d3c        0x4 Srouce/ASF/thirdparty/freertos/freertos-7.0.0/source/tasks.o
 .bss.lench.11293
                0x00000d40        0x1 Srouce/Log/log.o
 .bss.lench.11363
                0x00000d41        0x1 Srouce/Log/log.o
 *fill*         0x00000d42        0x2 
 .bss.__malloc_max_total_mem
                0x00000d44        0x4 d:/program files (x86)/atmel/studio/7.0/toolchain/avr32/avr32-gnu-toolchain/bin/../lib/gcc/avr32/4.4.7/../../../../avr32/lib/ucr2\libc.a(lib_a-mallocr.o)
                0x00000d44                __malloc_max_total_mem
 .bss.__malloc_max_sbrked_mem
                0x00000d48        0x4 d:/program files (x86)/atmel/studio/7.0/toolchain/avr32/avr32-gnu-toolchain/bin/../lib/gcc/avr32/4.4.7/../../../../avr32/lib/ucr2\libc.a(lib_a-mallocr.o)
                0x00000d48                __malloc_max_sbrked_mem
 .bss.__malloc_top_pad
                0x00000d4c        0x4 d:/program files (x86)/atmel/studio/7.0/toolchain/avr32/avr32-gnu-toolchain/bin/../lib/gcc/avr32/4.4.7/../../../../avr32/lib/ucr2\libc.a(lib_a-mallocr.o)
                0x00000d4c                __malloc_top_pad
 .bss.__malloc_current_mallinfo
                0x00000d50       0x28 d:/program files (x86)/atmel/studio/7.0/toolchain/avr32/avr32-gnu-toolchain/bin/../lib/gcc/avr32/4.4.7/../../../../avr32/lib/ucr2\libc.a(lib_a-mallocr.o)
                0x00000d50                __malloc_current_mallinfo
 .bss.cur_heap_pos.1869
                0x00000d78        0x4 d:/program files (x86)/atmel/studio/7.0/toolchain/avr32/avr32-gnu-toolchain/bin/../lib/gcc/avr32/4.4.7/../../../../avr32/lib/ucr2\libc.a(lib_a-syscalls.o)
 *(COMMON)
 COMMON         0x00000d7c        0x4 Srouce/Application/app/app.o
                0x00000d7c                bunchofrandomstatusflags
 COMMON         0x00000d80     0x1004 Srouce/Application/flash/data_flash.o
                0x00000d80                FLASH_BUF
                0x00001d80                spi
 COMMON         0x00001d84      0x122 Srouce/Application/radio/ambe.o
                0x00001d84                AMBEBurst_rawdata
                0x00001d8c                Radio_Internal_Data
                0x00001d90                AMBE_DecryptionKey
                0x00001d98                SendAMBEBurst_EncryptionPackage
                0x00001e88                VBSP_data
                0x00001e8c                Soft_Decision_Data
 COMMON         0x00001ea6     0x3200 Srouce/Application/radio/physical.o
                0x00001ea6                payload_store
                0x000032a6                xnl_store
 *fill*         0x000050a6        0x2 
 COMMON         0x000050a8       0x4c Srouce/Application/radio/ssc.o
                0x000050a8                intDuration
                0x000050ac                BufferIndex
                0x000050b0                intStartCount
                0x000050b4                RxBuffer
                0x000050d4                TxBuffer
 COMMON         0x000050f4        0x4 Srouce/Application/radio/xcmp.o
                0x000050f4                app_list
 COMMON         0x000050f8        0x4 Srouce/ASF/thirdparty/freertos/freertos-7.0.0/source/portable/gcc/avr32_uc3/write.o
                0x000050f8                stdio_usart_base
 COMMON         0x000050fc        0x4 Srouce/Log/log.o
                0x000050fc                logQueue
 COMMON         0x00005100        0x4 d:/program files (x86)/atmel/studio/7.0/toolchain/avr32/avr32-gnu-toolchain/bin/../lib/gcc/avr32/4.4.7/../../../../avr32/lib/ucr2\libc.a(lib_a-reent.o)
                0x00005100                errno
                0x00005108                . = ALIGN (0x8)
 *fill*         0x00005104        0x4 
                0x00005108                . = ALIGN (0x8)
                0x00005108                _end = .
                0x00005108                PROVIDE (end, .)
                0x00005108                __heap_start__ = ALIGN (0x8)

.heap           0x00005108    0x11ef8
 *(.heap)
                0x00011ef8                . = (__heap_size__ == __max_heap_size__)?(((ORIGIN (INTRAM) + 0x17ffc) - __stack_size__) - ABSOLUTE (.)):__heap_size__
 *fill*         0x00005108    0x11ef8 
                0x00017000                __heap_end__ = .

.stab
 *(.stab)

.stabstr
 *(.stabstr)

.stab.excl
 *(.stab.excl)

.stab.exclstr
 *(.stab.exclstr)

.stab.index
 *(.stab.index)

.stab.indexstr
 *(.stab.indexstr)

.comment        0x00000000       0x30
 *(.comment)
 .comment       0x00000000       0x30 Srouce/Application/app/app.o
                                 0x31 (size before relaxing)
 .comment       0x00000000       0x31 Srouce/Application/flash/data_flash.o
 .comment       0x00000000       0x31 Srouce/Application/radio/ambe.o
 .comment       0x00000000       0x31 Srouce/Application/radio/payload.o
 .comment       0x00000000       0x31 Srouce/Application/radio/physical.o
 .comment       0x00000000       0x31 Srouce/Application/radio/ssc.o
 .comment       0x00000000       0x31 Srouce/Application/radio/xcmp.o
 .comment       0x00000000       0x31 Srouce/Application/radio/xnl.o
 .comment       0x00000000       0x31 Srouce/Application/rtc/rtc.o
 .comment       0x00000000       0x31 Srouce/Application/timers/timer.o
 .comment       0x00000000       0x31 Srouce/Application/voice/voice.o
 .comment       0x00000000       0x31 Srouce/ASF/avr32/drivers/intc/intc.o
 .comment       0x00000000       0x31 Srouce/ASF/avr32/drivers/spi/spi.o
 .comment       0x00000000       0x31 Srouce/ASF/avr32/drivers/tc/tc.o
 .comment       0x00000000       0x31 Srouce/ASF/avr32/drivers/usart/usart.o
 .comment       0x00000000       0x31 Srouce/ASF/thirdparty/freertos/freertos-7.0.0/source/list.o
 .comment       0x00000000       0x31 Srouce/ASF/thirdparty/freertos/freertos-7.0.0/source/portable/gcc/avr32_uc3/port.o
 .comment       0x00000000       0x31 Srouce/ASF/thirdparty/freertos/freertos-7.0.0/source/portable/gcc/avr32_uc3/read.o
 .comment       0x00000000       0x31 Srouce/ASF/thirdparty/freertos/freertos-7.0.0/source/portable/gcc/avr32_uc3/write.o
 .comment       0x00000000       0x31 Srouce/ASF/thirdparty/freertos/freertos-7.0.0/source/portable/memmang/heap_3.o
 .comment       0x00000000       0x31 Srouce/ASF/thirdparty/freertos/freertos-7.0.0/source/queue.o
 .comment       0x00000000       0x31 Srouce/ASF/thirdparty/freertos/freertos-7.0.0/source/tasks.o
 .comment       0x00000000       0x31 Srouce/Log/log.o
 .comment       0x00000000       0x31 Srouce/main.o
 .comment       0x00000000       0x31 Srouce/ASF/avr32/drivers/gpio/gpio.o
 .comment       0x00000000       0x31 d:/program files (x86)/atmel/studio/7.0/toolchain/avr32/avr32-gnu-toolchain/bin/../lib/gcc/avr32/4.4.7/../../../../avr32/lib/ucr2\libc.a(lib_a-malloc.o)
 .comment       0x00000000       0x31 d:/program files (x86)/atmel/studio/7.0/toolchain/avr32/avr32-gnu-toolchain/bin/../lib/gcc/avr32/4.4.7/../../../../avr32/lib/ucr2\libc.a(lib_a-mallocr.o)
 .comment       0x00000000       0x31 d:/program files (x86)/atmel/studio/7.0/toolchain/avr32/avr32-gnu-toolchain/bin/../lib/gcc/avr32/4.4.7/../../../../avr32/lib/ucr2\libc.a(lib_a-memcmp.o)
 .comment       0x00000000       0x31 d:/program files (x86)/atmel/studio/7.0/toolchain/avr32/avr32-gnu-toolchain/bin/../lib/gcc/avr32/4.4.7/../../../../avr32/lib/ucr2\libc.a(lib_a-memset.o)
 .comment       0x00000000       0x31 d:/program files (x86)/atmel/studio/7.0/toolchain/avr32/avr32-gnu-toolchain/bin/../lib/gcc/avr32/4.4.7/../../../../avr32/lib/ucr2\libc.a(lib_a-reallocr.o)
 .comment       0x00000000       0x31 d:/program files (x86)/atmel/studio/7.0/toolchain/avr32/avr32-gnu-toolchain/bin/../lib/gcc/avr32/4.4.7/../../../../avr32/lib/ucr2\libc.a(lib_a-sbrkr.o)
 .comment       0x00000000       0x31 d:/program files (x86)/atmel/studio/7.0/toolchain/avr32/avr32-gnu-toolchain/bin/../lib/gcc/avr32/4.4.7/../../../../avr32/lib/ucr2\libc.a(lib_a-sprintf.o)
 .comment       0x00000000       0x31 d:/program files (x86)/atmel/studio/7.0/toolchain/avr32/avr32-gnu-toolchain/bin/../lib/gcc/avr32/4.4.7/../../../../avr32/lib/ucr2\libc.a(lib_a-strlen.o)
 .comment       0x00000000       0x31 d:/program files (x86)/atmel/studio/7.0/toolchain/avr32/avr32-gnu-toolchain/bin/../lib/gcc/avr32/4.4.7/../../../../avr32/lib/ucr2\libc.a(lib_a-syscalls.o)
 .comment       0x00000000       0x31 d:/program files (x86)/atmel/studio/7.0/toolchain/avr32/avr32-gnu-toolchain/bin/../lib/gcc/avr32/4.4.7/../../../../avr32/lib/ucr2\libc.a(lib_a-vfprintf.o)
 .comment       0x00000000       0x31 d:/program files (x86)/atmel/studio/7.0/toolchain/avr32/avr32-gnu-toolchain/bin/../lib/gcc/avr32/4.4.7/../../../../avr32/lib/ucr2\libc.a(lib_a-wsetup.o)
 .comment       0x00000000       0x31 d:/program files (x86)/atmel/studio/7.0/toolchain/avr32/avr32-gnu-toolchain/bin/../lib/gcc/avr32/4.4.7/../../../../avr32/lib/ucr2\libc.a(lib_a-dtoa.o)
 .comment       0x00000000       0x31 d:/program files (x86)/atmel/studio/7.0/toolchain/avr32/avr32-gnu-toolchain/bin/../lib/gcc/avr32/4.4.7/../../../../avr32/lib/ucr2\libc.a(lib_a-errno.o)
 .comment       0x00000000       0x31 d:/program files (x86)/atmel/studio/7.0/toolchain/avr32/avr32-gnu-toolchain/bin/../lib/gcc/avr32/4.4.7/../../../../avr32/lib/ucr2\libc.a(lib_a-fflush.o)
 .comment       0x00000000       0x31 d:/program files (x86)/atmel/studio/7.0/toolchain/avr32/avr32-gnu-toolchain/bin/../lib/gcc/avr32/4.4.7/../../../../avr32/lib/ucr2\libc.a(lib_a-findfp.o)
 .comment       0x00000000       0x31 d:/program files (x86)/atmel/studio/7.0/toolchain/avr32/avr32-gnu-toolchain/bin/../lib/gcc/avr32/4.4.7/../../../../avr32/lib/ucr2\libc.a(lib_a-freer.o)
 .comment       0x00000000       0x31 d:/program files (x86)/atmel/studio/7.0/toolchain/avr32/avr32-gnu-toolchain/bin/../lib/gcc/avr32/4.4.7/../../../../avr32/lib/ucr2\libc.a(lib_a-fvwrite.o)
 .comment       0x00000000       0x31 d:/program files (x86)/atmel/studio/7.0/toolchain/avr32/avr32-gnu-toolchain/bin/../lib/gcc/avr32/4.4.7/../../../../avr32/lib/ucr2\libc.a(lib_a-fwalk.o)
 .comment       0x00000000       0x31 d:/program files (x86)/atmel/studio/7.0/toolchain/avr32/avr32-gnu-toolchain/bin/../lib/gcc/avr32/4.4.7/../../../../avr32/lib/ucr2\libc.a(lib_a-impure.o)
 .comment       0x00000000       0x31 d:/program files (x86)/atmel/studio/7.0/toolchain/avr32/avr32-gnu-toolchain/bin/../lib/gcc/avr32/4.4.7/../../../../avr32/lib/ucr2\libc.a(lib_a-locale.o)
 .comment       0x00000000       0x31 d:/program files (x86)/atmel/studio/7.0/toolchain/avr32/avr32-gnu-toolchain/bin/../lib/gcc/avr32/4.4.7/../../../../avr32/lib/ucr2\libc.a(lib_a-makebuf.o)
 .comment       0x00000000       0x31 d:/program files (x86)/atmel/studio/7.0/toolchain/avr32/avr32-gnu-toolchain/bin/../lib/gcc/avr32/4.4.7/../../../../avr32/lib/ucr2\libc.a(lib_a-memchr.o)
 .comment       0x00000000       0x31 d:/program files (x86)/atmel/studio/7.0/toolchain/avr32/avr32-gnu-toolchain/bin/../lib/gcc/avr32/4.4.7/../../../../avr32/lib/ucr2\libc.a(lib_a-memmove.o)
 .comment       0x00000000       0x31 d:/program files (x86)/atmel/studio/7.0/toolchain/avr32/avr32-gnu-toolchain/bin/../lib/gcc/avr32/4.4.7/../../../../avr32/lib/ucr2\libc.a(lib_a-mprec.o)
 .comment       0x00000000       0x31 d:/program files (x86)/atmel/studio/7.0/toolchain/avr32/avr32-gnu-toolchain/bin/../lib/gcc/avr32/4.4.7/../../../../avr32/lib/ucr2\libc.a(lib_a-reent.o)
 .comment       0x00000000       0x31 d:/program files (x86)/atmel/studio/7.0/toolchain/avr32/avr32-gnu-toolchain/bin/../lib/gcc/avr32/4.4.7/../../../../avr32/lib/ucr2\libc.a(lib_a-s_isinfd.o)
 .comment       0x00000000       0x31 d:/program files (x86)/atmel/studio/7.0/toolchain/avr32/avr32-gnu-toolchain/bin/../lib/gcc/avr32/4.4.7/../../../../avr32/lib/ucr2\libc.a(lib_a-s_isnand.o)
 .comment       0x00000000       0x31 d:/program files (x86)/atmel/studio/7.0/toolchain/avr32/avr32-gnu-toolchain/bin/../lib/gcc/avr32/4.4.7/../../../../avr32/lib/ucr2\libc.a(lib_a-stdio.o)
 .comment       0x00000000       0x31 d:/program files (x86)/atmel/studio/7.0/toolchain/avr32/avr32-gnu-toolchain/bin/../lib/gcc/avr32/4.4.7/../../../../avr32/lib/ucr2\libc.a(lib_a-writer.o)
 .comment       0x00000000       0x31 d:/program files (x86)/atmel/studio/7.0/toolchain/avr32/avr32-gnu-toolchain/bin/../lib/gcc/avr32/4.4.7/../../../../avr32/lib/ucr2\libc.a(lib_a-callocr.o)
 .comment       0x00000000       0x31 d:/program files (x86)/atmel/studio/7.0/toolchain/avr32/avr32-gnu-toolchain/bin/../lib/gcc/avr32/4.4.7/../../../../avr32/lib/ucr2\libc.a(lib_a-closer.o)
 .comment       0x00000000       0x31 d:/program files (x86)/atmel/studio/7.0/toolchain/avr32/avr32-gnu-toolchain/bin/../lib/gcc/avr32/4.4.7/../../../../avr32/lib/ucr2\libc.a(lib_a-fclose.o)
 .comment       0x00000000       0x31 d:/program files (x86)/atmel/studio/7.0/toolchain/avr32/avr32-gnu-toolchain/bin/../lib/gcc/avr32/4.4.7/../../../../avr32/lib/ucr2\libc.a(lib_a-fstatr.o)
 .comment       0x00000000       0x31 d:/program files (x86)/atmel/studio/7.0/toolchain/avr32/avr32-gnu-toolchain/bin/../lib/gcc/avr32/4.4.7/../../../../avr32/lib/ucr2\libc.a(lib_a-lseekr.o)
 .comment       0x00000000       0x31 d:/program files (x86)/atmel/studio/7.0/toolchain/avr32/avr32-gnu-toolchain/bin/../lib/gcc/avr32/4.4.7/../../../../avr32/lib/ucr2\libc.a(lib_a-readr.o)
 .comment       0x00000000       0x31 d:/program files (x86)/atmel/studio/7.0/toolchain/avr32/avr32-gnu-toolchain/bin/../lib/gcc/avr32/4.4.7/ucr2\libgcc.a(_udivdi3.o)
 .comment       0x00000000       0x31 d:/program files (x86)/atmel/studio/7.0/toolchain/avr32/avr32-gnu-toolchain/bin/../lib/gcc/avr32/4.4.7/ucr2\libgcc.a(_umoddi3.o)

.debug
 *(.debug)

.line
 *(.line)

.debug_srcinfo
 *(.debug_srcinfo)

.debug_sfnames
 *(.debug_sfnames)

.debug_aranges  0x00000000     0x1268
 *(.debug_aranges)
 .debug_aranges
                0x00000000      0x118 Srouce/Application/app/app.o
 .debug_aranges
                0x00000118       0x78 Srouce/Application/flash/data_flash.o
 .debug_aranges
                0x00000190       0x20 Srouce/Application/radio/ambe.o
 .debug_aranges
                0x000001b0       0x28 Srouce/Application/radio/payload.o
 .debug_aranges
                0x000001d8       0x68 Srouce/Application/radio/physical.o
 .debug_aranges
                0x00000240       0x40 Srouce/Application/radio/ssc.o
 .debug_aranges
                0x00000280       0xf0 Srouce/Application/radio/xcmp.o
 .debug_aranges
                0x00000370       0x68 Srouce/Application/radio/xnl.o
 .debug_aranges
                0x000003d8       0x50 Srouce/Application/rtc/rtc.o
 .debug_aranges
                0x00000428       0x30 Srouce/Application/timers/timer.o
 .debug_aranges
                0x00000458       0x40 Srouce/Application/voice/voice.o
 .debug_aranges
                0x00000498       0x38 Srouce/ASF/avr32/drivers/intc/intc.o
 .debug_aranges
                0x000004d0       0xa8 Srouce/ASF/avr32/drivers/spi/spi.o
 .debug_aranges
                0x00000578       0xa8 Srouce/ASF/avr32/drivers/tc/tc.o
 .debug_aranges
                0x00000620       0xe0 Srouce/ASF/avr32/drivers/usart/usart.o
 .debug_aranges
                0x00000700       0x40 Srouce/ASF/thirdparty/freertos/freertos-7.0.0/source/list.o
 .debug_aranges
                0x00000740       0x20 Srouce/ASF/thirdparty/freertos/freertos-7.0.0/source/portable/gcc/avr32_uc3/exception.o
 .debug_aranges
                0x00000760       0x78 Srouce/ASF/thirdparty/freertos/freertos-7.0.0/source/portable/gcc/avr32_uc3/port.o
 .debug_aranges
                0x000007d8       0x20 Srouce/ASF/thirdparty/freertos/freertos-7.0.0/source/portable/gcc/avr32_uc3/read.o
 .debug_aranges
                0x000007f8       0x20 Srouce/ASF/thirdparty/freertos/freertos-7.0.0/source/portable/gcc/avr32_uc3/write.o
 .debug_aranges
                0x00000818       0x28 Srouce/ASF/thirdparty/freertos/freertos-7.0.0/source/portable/memmang/heap_3.o
 .debug_aranges
                0x00000840       0x88 Srouce/ASF/thirdparty/freertos/freertos-7.0.0/source/queue.o
 .debug_aranges
                0x000008c8      0x108 Srouce/ASF/thirdparty/freertos/freertos-7.0.0/source/tasks.o
 .debug_aranges
                0x000009d0       0x50 Srouce/Log/log.o
 .debug_aranges
                0x00000a20       0x20 Srouce/main.o
 .debug_aranges
                0x00000a40      0x100 Srouce/ASF/avr32/drivers/gpio/gpio.o
 .debug_aranges
                0x00000b40       0x28 Srouce/ASF/avr32/utils/startup/startup_uc3.o
 .debug_aranges
                0x00000b68       0x20 Srouce/ASF/avr32/utils/startup/trampoline_uc3.o
 .debug_aranges
                0x00000b88       0x28 d:/program files (x86)/atmel/studio/7.0/toolchain/avr32/avr32-gnu-toolchain/bin/../lib/gcc/avr32/4.4.7/../../../../avr32/lib/ucr2\libc.a(lib_a-malloc.o)
 .debug_aranges