Archive member included because of file (symbol)

d:/program files (x86)/atmel/studio/7.0/toolchain/avr32/avr32-gnu-toolchain/bin/../lib/gcc/avr32/4.4.7/../../../../avr32/lib/ucr2\libc.a(lib_a-malloc.o)
                              Srouce/ASF/thirdparty/freertos/freertos-7.0.0/source/portable/memmang/heap_3.o (free)
d:/program files (x86)/atmel/studio/7.0/toolchain/avr32/avr32-gnu-toolchain/bin/../lib/gcc/avr32/4.4.7/../../../../avr32/lib/ucr2\libc.a(lib_a-mallocr.o)
                              d:/program files (x86)/atmel/studio/7.0/toolchain/avr32/avr32-gnu-toolchain/bin/../lib/gcc/avr32/4.4.7/../../../../avr32/lib/ucr2\libc.a(lib_a-malloc.o) (_malloc_r)
d:/program files (x86)/atmel/studio/7.0/toolchain/avr32/avr32-gnu-toolchain/bin/../lib/gcc/avr32/4.4.7/../../../../avr32/lib/ucr2\libc.a(lib_a-memcmp.o)
                              Srouce/Application/fs/fs.o (memcmp)
d:/program files (x86)/atmel/studio/7.0/toolchain/avr32/avr32-gnu-toolchain/bin/../lib/gcc/avr32/4.4.7/../../../../avr32/lib/ucr2\libc.a(lib_a-memcpy.o)
                              Srouce/Application/fs/mal_sd.o (memcpy)
d:/program files (x86)/atmel/studio/7.0/toolchain/avr32/avr32-gnu-toolchain/bin/../lib/gcc/avr32/4.4.7/../../../../avr32/lib/ucr2\libc.a(lib_a-memset.o)
                              Srouce/Application/fs/mal_sd.o (memset)
d:/program files (x86)/atmel/studio/7.0/toolchain/avr32/avr32-gnu-toolchain/bin/../lib/gcc/avr32/4.4.7/../../../../avr32/lib/ucr2\libc.a(lib_a-realloc.o)
                              Srouce/ASF/thirdparty/freertos/freertos-7.0.0/source/portable/gcc/avr32_uc3/port.o (realloc)
d:/program files (x86)/atmel/studio/7.0/toolchain/avr32/avr32-gnu-toolchain/bin/../lib/gcc/avr32/4.4.7/../../../../avr32/lib/ucr2\libc.a(lib_a-reallocr.o)
                              d:/program files (x86)/atmel/studio/7.0/toolchain/avr32/avr32-gnu-toolchain/bin/../lib/gcc/avr32/4.4.7/../../../../avr32/lib/ucr2\libc.a(lib_a-realloc.o) (_realloc_r)
d:/program files (x86)/atmel/studio/7.0/toolchain/avr32/avr32-gnu-toolchain/bin/../lib/gcc/avr32/4.4.7/../../../../avr32/lib/ucr2\libc.a(lib_a-sbrkr.o)
                              d:/program files (x86)/atmel/studio/7.0/toolchain/avr32/avr32-gnu-toolchain/bin/../lib/gcc/avr32/4.4.7/../../../../avr32/lib/ucr2\libc.a(lib_a-mallocr.o) (_sbrk_r)
d:/program files (x86)/atmel/studio/7.0/toolchain/avr32/avr32-gnu-toolchain/bin/../lib/gcc/avr32/4.4.7/../../../../avr32/lib/ucr2\libc.a(lib_a-sprintf.o)
                              Srouce/Application/fs/avr_spi_sd.o (sprintf)
d:/program files (x86)/atmel/studio/7.0/toolchain/avr32/avr32-gnu-toolchain/bin/../lib/gcc/avr32/4.4.7/../../../../avr32/lib/ucr2\libc.a(lib_a-strcpy.o)
                              Srouce/Application/fs/fs.o (strcpy)
d:/program files (x86)/atmel/studio/7.0/toolchain/avr32/avr32-gnu-toolchain/bin/../lib/gcc/avr32/4.4.7/../../../../avr32/lib/ucr2\libc.a(lib_a-strlen.o)
                              Srouce/Application/fs/fs.o (strlen)
d:/program files (x86)/atmel/studio/7.0/toolchain/avr32/avr32-gnu-toolchain/bin/../lib/gcc/avr32/4.4.7/../../../../avr32/lib/ucr2\libc.a(lib_a-strncpy.o)
                              Srouce/ASF/thirdparty/freertos/freertos-7.0.0/source/tasks.o (strncpy)
d:/program files (x86)/atmel/studio/7.0/toolchain/avr32/avr32-gnu-toolchain/bin/../lib/gcc/avr32/4.4.7/../../../../avr32/lib/ucr2\libc.a(lib_a-strtok.o)
                              Srouce/Application/fs/fs.o (strtok)
d:/program files (x86)/atmel/studio/7.0/toolchain/avr32/avr32-gnu-toolchain/bin/../lib/gcc/avr32/4.4.7/../../../../avr32/lib/ucr2\libc.a(lib_a-strtok_r.o)
                              d:/program files (x86)/atmel/studio/7.0/toolchain/avr32/avr32-gnu-toolchain/bin/../lib/gcc/avr32/4.4.7/../../../../avr32/lib/ucr2\libc.a(lib_a-strtok.o) (__strtok_r)
d:/program files (x86)/atmel/studio/7.0/toolchain/avr32/avr32-gnu-toolchain/bin/../lib/gcc/avr32/4.4.7/../../../../avr32/lib/ucr2\libc.a(lib_a-syscalls.o)
                              d:/program files (x86)/atmel/studio/7.0/toolchain/avr32/avr32-gnu-toolchain/bin/../lib/gcc/avr32/4.4.7/../../../../avr32/lib/ucr2\libc.a(lib_a-sbrkr.o) (_sbrk)
d:/program files (x86)/atmel/studio/7.0/toolchain/avr32/avr32-gnu-toolchain/bin/../lib/gcc/avr32/4.4.7/../../../../avr32/lib/ucr2\libc.a(lib_a-vfprintf.o)
                              d:/program files (x86)/atmel/studio/7.0/toolchain/avr32/avr32-gnu-toolchain/bin/../lib/gcc/avr32/4.4.7/../../../../avr32/lib/ucr2\libc.a(lib_a-sprintf.o) (_vfprintf_r)
d:/program files (x86)/atmel/studio/7.0/toolchain/avr32/avr32-gnu-toolchain/bin/../lib/gcc/avr32/4.4.7/../../../../avr32/lib/ucr2\libc.a(lib_a-wsetup.o)
                              d:/program files (x86)/atmel/studio/7.0/toolchain/avr32/avr32-gnu-toolchain/bin/../lib/gcc/avr32/4.4.7/../../../../avr32/lib/ucr2\libc.a(lib_a-vfprintf.o) (__swsetup_r)
[...]
Memory Configuration

Name             Origin             Length             Attributes
FLASH            0x80000000         0x00080000         axrl !w
INTRAM           0x00000004         0x00017ffc         axw !rl
USERPAGE         0x80800000         0x00000200
*default*        0x00000000         0xffffffff

Linker script and memory map

                0x00001000                _stack_size = 0x1000
LOAD Srouce/Application/app/app.o
LOAD Srouce/Application/fs/avr_spi_sd.o
LOAD Srouce/Application/fs/mal_sd.o
LOAD Srouce/Application/fs/fs.o
LOAD Srouce/Application/radio/ambe.o
LOAD Srouce/Application/radio/AMBE_audio.o
LOAD Srouce/Application/radio/AMBE_audio_2.o
LOAD Srouce/Application/radio/payload.o
LOAD Srouce/Application/radio/audio.o
LOAD Srouce/Application/radio/physical.o
LOAD Srouce/Application/radio/ssc.o
LOAD Srouce/Application/radio/xcmp.o
LOAD Srouce/Application/radio/xnl.o
LOAD Srouce/Application/rtc/rtc.o
LOAD Srouce/Application/timers/timer.o
LOAD Srouce/ASF/avr32/drivers/intc/intc.o
LOAD Srouce/ASF/avr32/drivers/pm/pm.o
LOAD Srouce/ASF/avr32/drivers/pm/pm_conf_clocks.o
LOAD Srouce/ASF/avr32/drivers/pm/power_clocks_lib.o
LOAD Srouce/ASF/avr32/drivers/spi/spi.o
LOAD Srouce/ASF/avr32/drivers/tc/tc.o
LOAD Srouce/ASF/avr32/drivers/twi/twi.o
LOAD Srouce/ASF/avr32/drivers/usart/usart.o
LOAD Srouce/ASF/thirdparty/ff11a/diskio.o
LOAD Srouce/ASF/thirdparty/ff11a/ff.o
LOAD Srouce/ASF/thirdparty/freertos/freertos-7.0.0/source/croutine.o
LOAD Srouce/ASF/thirdparty/freertos/freertos-7.0.0/source/list.o
LOAD Srouce/ASF/thirdparty/freertos/freertos-7.0.0/source/portable/gcc/avr32_uc3/exception.o
LOAD Srouce/ASF/thirdparty/freertos/freertos-7.0.0/source/portable/gcc/avr32_uc3/port.o
LOAD Srouce/ASF/thirdparty/freertos/freertos-7.0.0/source/portable/gcc/avr32_uc3/read.o
LOAD Srouce/ASF/thirdparty/freertos/freertos-7.0.0/source/portable/gcc/avr32_uc3/write.o
LOAD Srouce/ASF/thirdparty/freertos/freertos-7.0.0/source/portable/memmang/heap_3.o
LOAD Srouce/ASF/thirdparty/freertos/freertos-7.0.0/source/queue.o
LOAD Srouce/ASF/thirdparty/freertos/freertos-7.0.0/source/tasks.o
LOAD Srouce/Log/log.o
LOAD Srouce/main.o
LOAD Srouce/ASF/avr32/drivers/gpio/gpio.o
LOAD Srouce/ASF/avr32/utils/startup/startup_uc3.o
LOAD Srouce/ASF/avr32/utils/startup/trampoline_uc3.o
LOAD Srouce/ASF/common/boards/user_board/init.o
START GROUP
LOAD d:/program files (x86)/atmel/studio/7.0/toolchain/avr32/avr32-gnu-toolchain/bin/../lib/gcc/avr32/4.4.7/../../../../avr32/lib/ucr2\libm.a
END GROUP
LOAD d:/program files (x86)/atmel/studio/7.0/toolchain/avr32/avr32-gnu-toolchain/bin/../lib/gcc/avr32/4.4.7/ucr2\libgcc.a
LOAD d:/program files (x86)/atmel/studio/7.0/toolchain/avr32/avr32-gnu-toolchain/bin/../lib/gcc/avr32/4.4.7/../../../../avr32/lib/ucr2\libc.a
LOAD d:/program files (x86)/atmel/studio/7.0/toolchain/avr32/avr32-gnu-toolchain/bin/../lib/gcc/avr32/4.4.7/ucr2\libgcc.a
                0xffffffff                __max_heap_size__ = 0xffffffff
                [0xffffffff]                __heap_size__ = DEFINED (__heap_size__)?__heap_size__:__max_heap_size__
                [0x00001000]                __stack_size__ = DEFINED (__stack_size__)?__stack_size__:0x1000
                0x80000000                PROVIDE (__executable_start, 0x80000000)
                0x80000000                . = 0x80000000

.interp
 *(.interp)

.reset          0x80000000     0x2008
 *(.reset)
 .reset         0x80000000        0x4 Srouce/ASF/avr32/utils/startup/startup_uc3.o
                                  0x8 (size before relaxing)
                0x80000000                _start
 .reset         0x80000004     0x2004 Srouce/ASF/avr32/utils/startup/trampoline_uc3.o
                               0x2008 (size before relaxing)
                0x80000004                _trampoline

.hash
 *(.hash)

.dynsym
 *(.dynsym)

.dynstr
 *(.dynstr)

.gnu.version
 *(.gnu.version)

.gnu.version_d
 *(.gnu.version_d)

.gnu.version_r
 *(.gnu.version_r)

.rel.init
 *(.rel.init)

.rela.init
 *(.rela.init)

.rel.text
 *(.rel.text .rel.text.* .rel.gnu.linkonce.t.*)

.rela.text
 *(.rela.text .rela.text.* .rela.gnu.linkonce.t.*)

.rel.fini
 *(.rel.fini)

.rela.fini
 *(.rela.fini)

.rel.rodata
 *(.rel.rodata .rel.rodata.* .rel.gnu.linkonce.r.*)

.rela.rodata
 *(.rela.rodata .rela.rodata.* .rela.gnu.linkonce.r.*)

.rel.data.rel.ro
 *(.rel.data.rel.ro*)

.rela.data.rel.ro
 *(.rel.data.rel.ro*)

.rel.data
 *(.rel.data .rel.data.* .rel.gnu.linkonce.d.*)

.rela.data
 *(.rela.data .rela.data.* .rela.gnu.linkonce.d.*)

.rel.tdata
 *(.rel.tdata .rel.tdata.* .rel.gnu.linkonce.td.*)

.rela.tdata
 *(.rela.tdata .rela.tdata.* .rela.gnu.linkonce.td.*)

.rel.tbss
 *(.rel.tbss .rel.tbss.* .rel.gnu.linkonce.tb.*)

.rela.tbss
 *(.rela.tbss .rela.tbss.* .rela.gnu.linkonce.tb.*)

.rel.ctors
 *(.rel.ctors)

.rela.ctors
 *(.rela.ctors)

.rel.dtors
 *(.rel.dtors)

.rela.dtors
 *(.rela.dtors)

.rel.got
 *(.rel.got)

.rela.got       0x80002008        0x0
 *(.rela.got)
 .rela.got      0x80002008        0x0 Srouce/Application/app/app.o

.rel.bss
 *(.rel.bss .rel.bss.* .rel.gnu.linkonce.b.*)

.rela.bss
 *(.rela.bss .rela.bss.* .rela.gnu.linkonce.b.*)

.rel.plt
 *(.rel.plt)

.rela.plt
 *(.rela.plt)

.init
 *(.init)

.plt
 *(.plt)

.text           0x80002008     0x992c
 *(.text .stub .text.* .gnu.linkonce.t.*)
 .text.DeviceManagement_brdcst_func
                0x80002008       0x24 Srouce/Application/app/app.o
                0x80002008                DeviceManagement_brdcst_func
 .text.Volume_brdcst_func
                0x8000202c        0x2 Srouce/Application/app/app.o
                0x8000202c                Volume_brdcst_func
 .text.AudioRoutingControl_brdcst_func
                0x8000202e        0x2 Srouce/Application/app/app.o
                0x8000202e                AudioRoutingControl_brdcst_func
 .text.vApplicationIdleHook
                0x80002030       0x10 Srouce/Application/app/app.o
                0x80002030                vApplicationIdleHook
 .text.app_init
                0x80002040       0x54 Srouce/Application/app/app.o
                0x80002040                app_init
 .text.app_payload_tx_proc
                0x80002094       0x14 Srouce/Application/app/app.o
 .text.FD_brdcst_func
                0x800020a8       0x14 Srouce/Application/app/app.o
                0x800020a8                FD_brdcst_func
 .text.FD_reply_func
                0x800020bc       0x14 Srouce/Application/app/app.o
                0x800020bc                FD_reply_func
 .text.FD_request_func
                0x800020d0       0x14 Srouce/Application/app/app.o
                0x800020d0                FD_request_func
 .text.EnOB_brdcst_func
                0x800020e4       0x14 Srouce/Application/app/app.o
                0x800020e4                EnOB_brdcst_func
 .text.EnOB_reply_func
                0x800020f8       0x70 Srouce/Application/app/app.o
                0x800020f8                EnOB_reply_func
 .text.SingleDetection_brdcst_func
                0x80002168       0x40 Srouce/Application/app/app.o
                0x80002168                SingleDetection_brdcst_func
 .text.ButtonConfig_brdcst_func
                0x800021a8       0xdc Srouce/Application/app/app.o
                0x800021a8                ButtonConfig_brdcst_func
 .text.Phyuserinput_brdcst_func
                0x80002284       0x78 Srouce/Application/app/app.o
                0x80002284                Phyuserinput_brdcst_func
 .text.ButtonConfig_reply_func
                0x800022fc       0x44 Srouce/Application/app/app.o
                0x800022fc                ButtonConfig_reply_func
 .text.DataSession_brdcst_func
                0x80002340       0x84 Srouce/Application/app/app.o
                0x80002340                DataSession_brdcst_func
 .text.DataSession_reply_func
                0x800023c4       0x58 Srouce/Application/app/app.o
                0x800023c4                DataSession_reply_func
 .text.TransmitControl_brdcst_func
                0x8000241c       0x48 Srouce/Application/app/app.o
                0x8000241c                TransmitControl_brdcst_func
 .text.TransmitControl_reply_func
                0x80002464       0x50 Srouce/Application/app/app.o
                0x80002464                TransmitControl_reply_func
 .text.Volume_reply_func
                0x800024b4       0x64 Srouce/Application/app/app.o
                0x800024b4                Volume_reply_func
 .text.spk_brdcst_func
                0x80002518       0x28 Srouce/Application/app/app.o
                0x80002518                spk_brdcst_func
 .text.spk_reply_func
                0x80002540       0x30 Srouce/Application/app/app.o
                0x80002540                spk_reply_func
 .text.mic_brdcst_func
                0x80002570       0x48 Srouce/Application/app/app.o
                0x80002570                mic_brdcst_func
 .text.mic_reply_func
                0x800025b8       0x94 Srouce/Application/app/app.o
                0x800025b8                mic_reply_func
 .text.dcm_brdcst_func
                0x8000264c       0x48 Srouce/Application/app/app.o
                0x8000264c                dcm_brdcst_func
 .text.dcm_reply_func
                0x80002694       0x68 Srouce/Application/app/app.o
                0x80002694                dcm_reply_func
 .text.ToneControl_reply_func
                0x800026fc       0x28 Srouce/Application/app/app.o
                0x800026fc                ToneControl_reply_func
 .text.app_cfg  0x80002724       0xe8 Srouce/Application/app/app.o
 .text.app_payload_rx_proc
                0x8000280c       0x44 Srouce/Application/app/app.o
 .text.AudioRoutingControl_reply_func
                0x80002850       0x50 Srouce/Application/app/app.o
                0x80002850                AudioRoutingControl_reply_func
 .text.DeviceInitializationStatus_brdcst_func
                0x800028a0       0x38 Srouce/Application/app/app.o
                0x800028a0                DeviceInitializationStatus_brdcst_func
 .text.payload_init
                0x800028d8       0x38 Srouce/Application/radio/payload.o
                0x800028d8                payload_init
 .text.payload_rx_process
                0x80002910       0x4c Srouce/Application/radio/payload.o
 .text.set_idle_store_isr
                0x8000295c       0x1c Srouce/Application/radio/physical.o
                0x8000295c                set_idle_store_isr
 .text.phy_rx   0x80002978       0x38 Srouce/Application/radio/physical.o
                0x80002978                phy_rx
 .text.set_idle_store
                0x800029b0       0x20 Srouce/Application/radio/physical.o
                0x800029b0                set_idle_store
 .text.phy_tx   0x800029d0       0x5c Srouce/Application/radio/physical.o
                0x800029d0                phy_tx
 .text.get_idle_store_isr
                0x80002a2c       0x28 Srouce/Application/radio/physical.o
                0x80002a2c                get_idle_store_isr
 .text.phy_tx_func
                0x80002a54      0x45c Srouce/Application/radio/physical.o
 .text.get_idle_store
                0x80002eb0       0x28 Srouce/Application/radio/physical.o
                0x80002eb0                get_idle_store
 .text.phy_init
                0x80002ed8       0xbc Srouce/Application/radio/physical.o
                0x80002ed8                phy_init
 .text.payload_rx
                0x80002f94       0x60 Srouce/Application/radio/physical.o
 .text.phy_rx_func
                0x80002ff4      0x64c Srouce/Application/radio/physical.o
 .text.pdca_int_handler
                0x80003640       0x74 Srouce/Application/radio/ssc.o
 .text.local_start_SSC
                0x800036b4       0x44 Srouce/Application/radio/ssc.o
                0x800036b4                local_start_SSC
 .text.local_start_PDC
                0x800036f8       0x6c Srouce/Application/radio/ssc.o
                0x800036f8                local_start_PDC
 .text.register_rx_tx_func
                0x80003764       0x14 Srouce/Application/radio/ssc.o
                0x80003764                register_rx_tx_func
 .text.ssc_init
                0x80003778       0x68 Srouce/Application/radio/ssc.o
                0x80003778                ssc_init
 .text.xcmp_register_app_list
                0x800037e0        0xc Srouce/Application/radio/xcmp.o
                0x800037e0                xcmp_register_app_list
 .text.xcmp_tx  0x800037ec       0x48 Srouce/Application/radio/xcmp.o
 .text.xcmp_audio_route_mic
                0x80003834       0x3c Srouce/Application/radio/xcmp.o
                0x80003834                xcmp_audio_route_mic
 .text.xcmp_DeviceInitializationStatus_request
                0x80003870       0x40 Srouce/Application/radio/xcmp.o
                0x80003870                xcmp_DeviceInitializationStatus_request
 .text.xcmp_opcode_not_supported
                0x800038b0       0x24 Srouce/Application/radio/xcmp.o
                0x800038b0                xcmp_opcode_not_supported
 .text.xcmp_exec_func
                0x800038d4       0x48 Srouce/Application/radio/xcmp.o
 .text.xcmp_IdleTestTone
                0x8000391c       0x60 Srouce/Application/radio/xcmp.o
                0x8000391c                xcmp_IdleTestTone
 .text.xcmp_init
                0x8000397c       0x54 Srouce/Application/radio/xcmp.o
                0x8000397c                xcmp_init
 .text.xcmp_rx_process
                0x800039d0       0xfc Srouce/Application/radio/xcmp.o
 .text.xcmp_rx  0x80003acc       0x4c Srouce/Application/radio/xcmp.o
 .text.xnl_register_xcmp_func
                0x80003b18        0xc Srouce/Application/radio/xnl.o
                0x80003b18                xnl_register_xcmp_func
 .text.xnl_get_msg_ack_func
                0x80003b24       0x2c Srouce/Application/radio/xnl.o
                0x80003b24                xnl_get_msg_ack_func
 .text.xnl_tx_process
                0x80003b50       0xc8 Srouce/Application/radio/xnl.o
 .text.xnl_rx_process
                0x80003c18       0x60 Srouce/Application/radio/xnl.o
 .text.xnl_tx   0x80003c78       0xe4 Srouce/Application/radio/xnl.o
                0x80003c78                xnl_tx
 .text.xnl_init
                0x80003d5c       0xd4 Srouce/Application/radio/xnl.o
                0x80003d5c                xnl_init
 .text.xnl_data_msg_func
                0x80003e30       0x60 Srouce/Application/radio/xnl.o
                0x80003e30                xnl_data_msg_func
 .text.xnl_device_auth_reply_func
                0x80003e90      0x120 Srouce/Application/radio/xnl.o
                0x80003e90                xnl_device_auth_reply_func
 .text.xnl_master_status_brdcst_func
                0x80003fb0       0x60 Srouce/Application/radio/xnl.o
                0x80003fb0                xnl_master_status_brdcst_func
 .text.xnl_device_conn_reply_func
                0x80004010       0x68 Srouce/Application/radio/xnl.o
                0x80004010                xnl_device_conn_reply_func
 .text.local_start_pll0
                0x80004078       0x50 Srouce/Application/rtc/rtc.o
                0x80004078                local_start_pll0
 .text.rtc_init
                0x800040c8       0x8c Srouce/Application/rtc/rtc.o
                0x800040c8                rtc_init
 .text.local_start_timer
                0x80004154       0x3a Srouce/Application/timers/timer.o
                0x80004154                local_start_timer
 *fill*         0x8000418e        0x2 d703d703
 .text.tc_init  0x80004190       0x60 Srouce/Application/timers/timer.o
                0x80004190                tc_init
 .text._tc_interrupt
                0x800041f0       0x20 Srouce/Application/timers/timer.o
 .text._unhandled_interrupt
                0x80004210        0x2 Srouce/ASF/avr32/drivers/intc/intc.o
 *fill*         0x80004212        0x2 d703d703
 .text.INTC_register_interrupt
                0x80004214       0x80 Srouce/ASF/avr32/drivers/intc/intc.o
                0x80004214                INTC_register_interrupt
 .text.INTC_init_interrupts
                0x80004294       0x54 Srouce/ASF/avr32/drivers/intc/intc.o
                0x80004294                INTC_init_interrupts
 .text._get_interrupt_handler
                0x800042e8       0x38 Srouce/ASF/avr32/drivers/intc/intc.o
                0x800042e8                _get_interrupt_handler
 .text.tc_init_waveform
                0x80004320       0x9c Srouce/ASF/avr32/drivers/tc/tc.o
                0x80004320                tc_init_waveform
 .text.tc_start
                0x800043bc       0x12 Srouce/ASF/avr32/drivers/tc/tc.o
                0x800043bc                tc_start
 .text.tc_read_sr
                0x800043ce       0x12 Srouce/ASF/avr32/drivers/tc/tc.o
                0x800043ce                tc_read_sr
 .text.tc_write_rc
                0x800043e0       0x34 Srouce/ASF/avr32/drivers/tc/tc.o
                0x800043e0                tc_write_rc
 .text.tc_configure_interrupts
                0x80004414      0x108 Srouce/ASF/avr32/drivers/tc/tc.o
                0x80004414                tc_configure_interrupts
 .text.twi_master_interrupt_handler
                0x8000451c       0xbc Srouce/ASF/avr32/drivers/twi/twi.o
 .text.twi_master_init
                0x800045d8       0x94 Srouce/ASF/avr32/drivers/twi/twi.o
                0x800045d8                twi_master_init
 .text.usart_set_async_baudrate
                0x8000466c       0x5a Srouce/ASF/avr32/drivers/usart/usart.o
 .text.usart_write_char
                0x800046c6       0x14 Srouce/ASF/avr32/drivers/usart/usart.o
                0x800046c6                usart_write_char
 *fill*         0x800046da        0x2 d703d703
 .text.usart_putchar
                0x800046dc       0x2c Srouce/ASF/avr32/drivers/usart/usart.o
                0x800046dc                usart_putchar
 .text.usart_read_char
                0x80004708       0x22 Srouce/ASF/avr32/drivers/usart/usart.o
                0x80004708                usart_read_char
 *fill*         0x8000472a        0x2 d703d703
 .text.usart_getchar
                0x8000472c       0x2c Srouce/ASF/avr32/drivers/usart/usart.o
                0x8000472c                usart_getchar
 .text.usart_write_line
                0x80004758       0x24 Srouce/ASF/avr32/drivers/usart/usart.o
                0x80004758                usart_write_line
 .text.usart_reset
                0x8000477c       0x2c Srouce/ASF/avr32/drivers/usart/usart.o
                0x8000477c                usart_reset
 .text.usart_init_rs232
                0x800047a8       0xcc Srouce/ASF/avr32/drivers/usart/usart.o
                0x800047a8                usart_init_rs232
 .text.vListInitialise
                0x80004874       0x14 Srouce/ASF/thirdparty/freertos/freertos-7.0.0/source/list.o
                0x80004874                vListInitialise
 .text.vListInitialiseItem
                0x80004888        0x6 Srouce/ASF/thirdparty/freertos/freertos-7.0.0/source/list.o
                0x80004888                vListInitialiseItem
 .text.vListInsertEnd
                0x8000488e       0x1c Srouce/ASF/thirdparty/freertos/freertos-7.0.0/source/list.o
                0x8000488e                vListInsertEnd
 .text.vListInsert
                0x800048aa       0x34 Srouce/ASF/thirdparty/freertos/freertos-7.0.0/source/list.o
                0x800048aa                vListInsert
 .text.vListRemove
                0x800048de       0x26 Srouce/ASF/thirdparty/freertos/freertos-7.0.0/source/list.o
                0x800048de                vListRemove
 .text.pxPortInitialiseStack
                0x80004904       0x92 Srouce/ASF/thirdparty/freertos/freertos-7.0.0/source/portable/gcc/avr32_uc3/port.o
                0x80004904                pxPortInitialiseStack
 *fill*         0x80004996        0x2 d703d703
 .text.vPortEnterCritical
                0x80004998       0x10 Srouce/ASF/thirdparty/freertos/freertos-7.0.0/source/portable/gcc/avr32_uc3/port.o
                0x80004998                vPortEnterCritical
 .text.xPortStartScheduler
                0x800049a8       0x58 Srouce/ASF/thirdparty/freertos/freertos-7.0.0/source/portable/gcc/avr32_uc3/port.o
                0x800049a8                xPortStartScheduler
 .text.SCALLYield
                0x80004a00       0x98 Srouce/ASF/thirdparty/freertos/freertos-7.0.0/source/portable/gcc/avr32_uc3/port.o
                0x80004a00                SCALLYield
 .text.prvClearCcInt
                0x80004a98        0xa Srouce/ASF/thirdparty/freertos/freertos-7.0.0/source/portable/gcc/avr32_uc3/port.o
 *fill*         0x80004aa2        0x2 d703d703
 .text.vPortExitCritical
                0x80004aa4       0x20 Srouce/ASF/thirdparty/freertos/freertos-7.0.0/source/portable/gcc/avr32_uc3/port.o
                0x80004aa4                vPortExitCritical
 .text.vTick    0x80004ac4       0x84 Srouce/ASF/thirdparty/freertos/freertos-7.0.0/source/portable/gcc/avr32_uc3/port.o
 .text.__malloc_lock
                0x80004b48        0xc Srouce/ASF/thirdparty/freertos/freertos-7.0.0/source/portable/gcc/avr32_uc3/port.o
                0x80004b48                __malloc_lock
 .text.__malloc_unlock
                0x80004b54        0xc Srouce/ASF/thirdparty/freertos/freertos-7.0.0/source/portable/gcc/avr32_uc3/port.o
                0x80004b54                __malloc_unlock
 .text._read    0x80004b60       0x40 Srouce/ASF/thirdparty/freertos/freertos-7.0.0/source/portable/gcc/avr32_uc3/read.o
                0x80004b60                _read
 .text._write   0x80004ba0       0x3c Srouce/ASF/thirdparty/freertos/freertos-7.0.0/source/portable/gcc/avr32_uc3/write.o
                0x80004ba0                _write
 .text.vPortFree
                0x80004bdc       0x28 Srouce/ASF/thirdparty/freertos/freertos-7.0.0/source/portable/memmang/heap_3.o
                0x80004bdc                vPortFree
 .text.pvPortMalloc
                0x80004c04       0x28 Srouce/ASF/thirdparty/freertos/freertos-7.0.0/source/portable/memmang/heap_3.o
                0x80004c04                pvPortMalloc
 .text.prvCopyDataFromQueue
                0x80004c2c       0x30 Srouce/ASF/thirdparty/freertos/freertos-7.0.0/source/queue.o
 .text.xQueueReceiveFromISR
                0x80004c5c       0x50 Srouce/ASF/thirdparty/freertos/freertos-7.0.0/source/queue.o
                0x80004c5c                xQueueReceiveFromISR
 .text.prvUnlockQueue
                0x80004cac       0xa0 Srouce/ASF/thirdparty/freertos/freertos-7.0.0/source/queue.o
 .text.xQueueGenericReceive
                0x80004d4c      0x144 Srouce/ASF/thirdparty/freertos/freertos-7.0.0/source/queue.o
                0x80004d4c                xQueueGenericReceive
 .text.prvCopyDataToQueue
                0x80004e90       0x78 Srouce/ASF/thirdparty/freertos/freertos-7.0.0/source/queue.o
 .text.xQueueGenericSendFromISR
                0x80004f08       0x50 Srouce/ASF/thirdparty/freertos/freertos-7.0.0/source/queue.o
                0x80004f08                xQueueGenericSendFromISR
 .text.xQueueGenericSend
                0x80004f58      0x100 Srouce/ASF/thirdparty/freertos/freertos-7.0.0/source/queue.o
                0x80004f58                xQueueGenericSend
 .text.xQueueCreateMutex
                0x80005058       0x58 Srouce/ASF/thirdparty/freertos/freertos-7.0.0/source/queue.o
                0x80005058                xQueueCreateMutex
 .text.xQueueCreate
                0x800050b0       0x74 Srouce/ASF/thirdparty/freertos/freertos-7.0.0/source/queue.o
                0x800050b0                xQueueCreate
 .text.vTaskSuspendAll
                0x80005124       0x10 Srouce/ASF/thirdparty/freertos/freertos-7.0.0/source/tasks.o
                0x80005124                vTaskSuspendAll
 .text.vTaskSwitchContext
                0x80005134       0x7c Srouce/ASF/thirdparty/freertos/freertos-7.0.0/source/tasks.o
                0x80005134                vTaskSwitchContext
 .text.vTaskSetTimeOutState
                0x800051b0       0x18 Srouce/ASF/thirdparty/freertos/freertos-7.0.0/source/tasks.o
                0x800051b0                vTaskSetTimeOutState
 .text.vTaskMissedYield
                0x800051c8        0xc Srouce/ASF/thirdparty/freertos/freertos-7.0.0/source/tasks.o
                0x800051c8                vTaskMissedYield
 .text.xTaskGetCurrentTaskHandle
                0x800051d4        0xc Srouce/ASF/thirdparty/freertos/freertos-7.0.0/source/tasks.o
                0x800051d4                xTaskGetCurrentTaskHandle
 .text.vTaskPriorityDisinherit
                0x800051e0       0x58 Srouce/ASF/thirdparty/freertos/freertos-7.0.0/source/tasks.o
                0x800051e0                vTaskPriorityDisinherit
 .text.vTaskPriorityInherit
                0x80005238       0x84 Srouce/ASF/thirdparty/freertos/freertos-7.0.0/source/tasks.o
                0x80005238                vTaskPriorityInherit
 .text.xTaskRemoveFromEventList
                0x800052bc       0x7c Srouce/ASF/thirdparty/freertos/freertos-7.0.0/source/tasks.o
                0x800052bc                xTaskRemoveFromEventList
 .text.vTaskIncrementTick
                0x80005338      0x114 Srouce/ASF/thirdparty/freertos/freertos-7.0.0/source/tasks.o
                0x80005338                vTaskIncrementTick
 .text.xTaskCheckForTimeOut
                0x8000544c       0x70 Srouce/ASF/thirdparty/freertos/freertos-7.0.0/source/tasks.o
                0x8000544c                xTaskCheckForTimeOut
 .text.xTaskGetTickCount
                0x800054bc       0x24 Srouce/ASF/thirdparty/freertos/freertos-7.0.0/source/tasks.o
                0x800054bc                xTaskGetTickCount
 .text.xTaskResumeAll
                0x800054e0       0xe8 Srouce/ASF/thirdparty/freertos/freertos-7.0.0/source/tasks.o
                0x800054e0                xTaskResumeAll
 .text.prvAddCurrentTaskToDelayedList
                0x800055c8       0x5c Srouce/ASF/thirdparty/freertos/freertos-7.0.0/source/tasks.o
 .text.vTaskDelayUntil
                0x80005624       0x80 Srouce/ASF/thirdparty/freertos/freertos-7.0.0/source/tasks.o
                0x80005624                vTaskDelayUntil
 .text.vTaskPlaceOnEventList
                0x800056a4       0x58 Srouce/ASF/thirdparty/freertos/freertos-7.0.0/source/tasks.o
                0x800056a4                vTaskPlaceOnEventList
 .text.prvIdleTask
                0x800056fc       0x88 Srouce/ASF/thirdparty/freertos/freertos-7.0.0/source/tasks.o
 .text.xTaskGenericCreate
                0x80005784      0x1e8 Srouce/ASF/thirdparty/freertos/freertos-7.0.0/source/tasks.o
                0x80005784                xTaskGenericCreate
 .text.vTaskStartScheduler
                0x8000596c       0x4c Srouce/ASF/thirdparty/freertos/freertos-7.0.0/source/tasks.o
                0x8000596c                vTaskStartScheduler
 .text.PrintChar
                0x800059b8        0x4 Srouce/Log/log.o
                0x800059b8                PrintChar
 .text.PrintHex
                0x800059bc       0xb2 Srouce/Log/log.o
                0x800059bc                PrintHex
 .text.PrintDec
                0x80005a6e       0xda Srouce/Log/log.o
                0x80005a6e                PrintDec
 .text.log      0x80005b48      0x18c Srouce/Log/log.o
                0x80005b48                log
 .text.logFromISR
                0x80005cd4      0x180 Srouce/Log/log.o
                0x80005cd4                logFromISR
 .text.log_init
                0x80005e54       0x68 Srouce/Log/log.o
                0x80005e54                log_init
 .text.task_log
                0x80005ebc       0x44 Srouce/Log/log.o
 .text.main     0x80005f00       0x8c Srouce/main.o
                0x80005f00                main
 .text.gpio_enable_module_pin
                0x80005f8c       0x52 Srouce/ASF/avr32/drivers/gpio/gpio.o
                0x80005f8c                gpio_enable_module_pin
 *fill*         0x80005fde        0x2 d703d703
 .text.gpio_enable_module
                0x80005fe0       0x30 Srouce/ASF/avr32/drivers/gpio/gpio.o
                0x80005fe0                gpio_enable_module
 .text._stext   0x80006010       0x40 Srouce/ASF/avr32/utils/startup/startup_uc3.o
                                 0x50 (size before relaxing)
                0x80006010                _stext
 .text.free     0x80006050       0x10 d:/program files (x86)/atmel/studio/7.0/toolchain/avr32/avr32-gnu-toolchain/bin/../lib/gcc/avr32/4.4.7/../../../../avr32/lib/ucr2\libc.a(lib_a-malloc.o)
                                 0x18 (size before relaxing)
                0x80006050                free
 .text.malloc   0x80006060       0x10 d:/program files (x86)/atmel/studio/7.0/toolchain/avr32/avr32-gnu-toolchain/bin/../lib/gcc/avr32/4.4.7/../../../../avr32/lib/ucr2\libc.a(lib_a-malloc.o)
                                 0x18 (size before relaxing)
                0x80006060                malloc
 .text._malloc_r
                0x80006070      0x438 d:/program files (x86)/atmel/studio/7.0/toolchain/avr32/avr32-gnu-toolchain/bin/../lib/gcc/avr32/4.4.7/../../../../avr32/lib/ucr2\libc.a(lib_a-mallocr.o)
                                0x450 (size before relaxing)
                0x80006070                _malloc_r
 .text          0x800064a8      0x148 d:/program files (x86)/atmel/studio/7.0/toolchain/avr32/avr32-gnu-toolchain/bin/../lib/gcc/avr32/4.4.7/../../../../avr32/lib/ucr2\libc.a(lib_a-memcpy.o)
                0x800064a8                memcpy
 .text.memset   0x800065f0        0xe d:/program files (x86)/atmel/studio/7.0/toolchain/avr32/avr32-gnu-toolchain/bin/../lib/gcc/avr32/4.4.7/../../../../avr32/lib/ucr2\libc.a(lib_a-memset.o)
                0x800065f0                memset
 *fill*         0x800065fe        0x2 d703d703
 .text._realloc_r
                0x80006600      0x2c0 d:/program files (x86)/atmel/studio/7.0/toolchain/avr32/avr32-gnu-toolchain/bin/../lib/gcc/avr32/4.4.7/../../../../avr32/lib/ucr2\libc.a(lib_a-reallocr.o)
                                0x2e0 (size before relaxing)
                0x80006600                _realloc_r
 .text._sbrk_r  0x800068c0       0x20 d:/program files (x86)/atmel/studio/7.0/toolchain/avr32/avr32-gnu-toolchain/bin/../lib/gcc/avr32/4.4.7/../../../../avr32/lib/ucr2\libc.a(lib_a-sbrkr.o)
                                 0x28 (size before relaxing)
                0x800068c0                _sbrk_r
 .text.sprintf  0x800068e0       0x3c d:/program files (x86)/atmel/studio/7.0/toolchain/avr32/avr32-gnu-toolchain/bin/../lib/gcc/avr32/4.4.7/../../../../avr32/lib/ucr2\libc.a(lib_a-sprintf.o)
                                 0x40 (size before relaxing)
                0x800068e0                sprintf
 .text.strlen   0x8000691c       0x16 d:/program files (x86)/atmel/studio/7.0/toolchain/avr32/avr32-gnu-toolchain/bin/../lib/gcc/avr32/4.4.7/../../../../avr32/lib/ucr2\libc.a(lib_a-strlen.o)
                0x8000691c                strlen
 *fill*         0x80006932        0x2 d703d703
 .text          0x80006934       0x20 d:/program files (x86)/atmel/studio/7.0/toolchain/avr32/avr32-gnu-toolchain/bin/../lib/gcc/avr32/4.4.7/../../../../avr32/lib/ucr2\libc.a(lib_a-strncpy.o)
                0x80006934                strncpy
 .text._close   0x80006954       0x14 d:/program files (x86)/atmel/studio/7.0/toolchain/avr32/avr32-gnu-toolchain/bin/../lib/gcc/avr32/4.4.7/../../../../avr32/lib/ucr2\libc.a(lib_a-syscalls.o)
                                 0x18 (size before relaxing)
                0x80006954                _close
 .text._lseek   0x80006968       0x14 d:/program files (x86)/atmel/studio/7.0/toolchain/avr32/avr32-gnu-toolchain/bin/../lib/gcc/avr32/4.4.7/../../../../avr32/lib/ucr2\libc.a(lib_a-syscalls.o)
                                 0x18 (size before relaxing)
                0x80006968                _lseek
 .text.isatty   0x8000697c       0x14 d:/program files (x86)/atmel/studio/7.0/toolchain/avr32/avr32-gnu-toolchain/bin/../lib/gcc/avr32/4.4.7/../../../../avr32/lib/ucr2\libc.a(lib_a-syscalls.o)
                                 0x18 (size before relaxing)
                0x8000697c                isatty
 .text._fstat_host
                0x80006990       0x14 d:/program files (x86)/atmel/studio/7.0/toolchain/avr32/avr32-gnu-toolchain/bin/../lib/gcc/avr32/4.4.7/../../../../avr32/lib/ucr2\libc.a(lib_a-syscalls.o)
                                 0x18 (size before relaxing)
                0x80006990                _fstat_host
 .text._fstat   0x800069a4       0x4c d:/program files (x86)/atmel/studio/7.0/toolchain/avr32/avr32-gnu-toolchain/bin/../lib/gcc/avr32/4.4.7/../../../../avr32/lib/ucr2\libc.a(lib_a-syscalls.o)
                                 0x50 (size before relaxing)
                0x800069a4                _fstat
 .text._sbrk    0x800069f0       0x38 d:/program files (x86)/atmel/studio/7.0/toolchain/avr32/avr32-gnu-toolchain/bin/../lib/gcc/avr32/4.4.7/../../../../avr32/lib/ucr2\libc.a(lib_a-syscalls.o)
                                 0x40 (size before relaxing)
                0x800069f0                _sbrk
 .text.get_arg  0x80006a28      0x314 d:/program files (x86)/atmel/studio/7.0/toolchain/avr32/avr32-gnu-toolchain/bin/../lib/gcc/avr32/4.4.7/../../../../avr32/lib/ucr2\libc.a(lib_a-vfprintf.o)
                                0x324 (size before relaxing)
 .text.__sprint_r
                0x80006d3c       0x1c d:/program files (x86)/atmel/studio/7.0/toolchain/avr32/avr32-gnu-toolchain/bin/../lib/gcc/avr32/4.4.7/../../../../avr32/lib/ucr2\libc.a(lib_a-vfprintf.o)
                                 0x20 (size before relaxing)
 .text._vfprintf_r
                0x80006d58     0x1f14 d:/program files (x86)/atmel/studio/7.0/toolchain/avr32/avr32-gnu-toolchain/bin/../lib/gcc/avr32/4.4.7/../../../../avr32/lib/ucr2\libc.a(lib_a-vfprintf.o)
                               0x1f9c (size before relaxing)
                0x80006d58                _vfprintf_r
 .text.__swsetup_r
                0x80008c6c       0xdc d:/program files (x86)/atmel/studio/7.0/toolchain/avr32/avr32-gnu-toolchain/bin/../lib/gcc/avr32/4.4.7/../../../../avr32/lib/ucr2\libc.a(lib_a-wsetup.o)
                                 0xe8 (size before relaxing)
                0x80008c6c                __swsetup_r
 .text.quorem   0x80008d48      0x120 d:/program files (x86)/atmel/studio/7.0/toolchain/avr32/avr32-gnu-toolchain/bin/../lib/gcc/avr32/4.4.7/../../../../avr32/lib/ucr2\libc.a(lib_a-dtoa.o)
                                0x124 (size before relaxing)
 .text._dtoa_r  0x80008e68      0xbdc d:/program files (x86)/atmel/studio/7.0/toolchain/avr32/avr32-gnu-toolchain/bin/../lib/gcc/avr32/4.4.7/../../../../avr32/lib/ucr2\libc.a(lib_a-dtoa.o)
                                0xc90 (size before relaxing)
                0x80008e68                _dtoa_r
 .text.__errno  0x80009a44        0xc d:/program files (x86)/atmel/studio/7.0/toolchain/avr32/avr32-gnu-toolchain/bin/../lib/gcc/avr32/4.4.7/../../../../avr32/lib/ucr2\libc.a(lib_a-errno.o)
                0x80009a44                __errno
 .text._fflush_r
                0x80009a50      0x10c d:/program files (x86)/atmel/studio/7.0/toolchain/avr32/avr32-gnu-toolchain/bin/../lib/gcc/avr32/4.4.7/../../../../avr32/lib/ucr2\libc.a(lib_a-fflush.o)
                                0x118 (size before relaxing)
                0x80009a50                _fflush_r
 .text.__sfp_lock_acquire
                0x80009b5c        0x2 d:/program files (x86)/atmel/studio/7.0/toolchain/avr32/avr32-gnu-toolchain/bin/../lib/gcc/avr32/4.4.7/../../../../avr32/lib/ucr2\libc.a(lib_a-findfp.o)
                0x80009b5c                __sfp_lock_acquire
 .text.__sfp_lock_release
                0x80009b5e        0x2 d:/program files (x86)/atmel/studio/7.0/toolchain/avr32/avr32-gnu-toolchain/bin/../lib/gcc/avr32/4.4.7/../../../../avr32/lib/ucr2\libc.a(lib_a-findfp.o)
                0x80009b5e                __sfp_lock_release
 .text._cleanup_r
                0x80009b60        0xc d:/program files (x86)/atmel/studio/7.0/toolchain/avr32/avr32-gnu-toolchain/bin/../lib/gcc/avr32/4.4.7/../../../../avr32/lib/ucr2\libc.a(lib_a-findfp.o)
                                 0x14 (size before relaxing)
                0x80009b60                _cleanup_r
 .text.__sfmoreglue
                0x80009b6c       0x28 d:/program files (x86)/atmel/studio/7.0/toolchain/avr32/avr32-gnu-toolchain/bin/../lib/gcc/avr32/4.4.7/../../../../avr32/lib/ucr2\libc.a(lib_a-findfp.o)
                                 0x30 (size before relaxing)
                0x80009b6c                __sfmoreglue
 .text.__sfp    0x80009b94       0x6c d:/program files (x86)/atmel/studio/7.0/toolchain/avr32/avr32-gnu-toolchain/bin/../lib/gcc/avr32/4.4.7/../../../../avr32/lib/ucr2\libc.a(lib_a-findfp.o)
                                 0x7c (size before relaxing)
                0x80009b94                __sfp
 .text.__sinit  0x80009c00       0x9c d:/program files (x86)/atmel/studio/7.0/toolchain/avr32/avr32-gnu-toolchain/bin/../lib/gcc/avr32/4.4.7/../../../../avr32/lib/ucr2\libc.a(lib_a-findfp.o)
                                 0xb0 (size before relaxing)
                0x80009c00                __sinit
 .text._malloc_trim_r
                0x80009c9c       0x98 d:/program files (x86)/atmel/studio/7.0/toolchain/avr32/avr32-gnu-toolchain/bin/../lib/gcc/avr32/4.4.7/../../../../avr32/lib/ucr2\libc.a(lib_a-freer.o)
                                 0xa8 (size before relaxing)
                0x80009c9c                _malloc_trim_r
 .text._free_r  0x80009d34      0x18c d:/program files (x86)/atmel/studio/7.0/toolchain/avr32/avr32-gnu-toolchain/bin/../lib/gcc/avr32/4.4.7/../../../../avr32/lib/ucr2\libc.a(lib_a-freer.o)
                                0x1a0 (size before relaxing)
                0x80009d34                _free_r
 .text.__sfvwrite_r
                0x80009ec0      0x294 d:/program files (x86)/atmel/studio/7.0/toolchain/avr32/avr32-gnu-toolchain/bin/../lib/gcc/avr32/4.4.7/../../../../avr32/lib/ucr2\libc.a(lib_a-fvwrite.o)
                                0x2c4 (size before relaxing)
                0x80009ec0                __sfvwrite_r
 .text._fwalk   0x8000a154       0x4c d:/program files (x86)/atmel/studio/7.0/toolchain/avr32/avr32-gnu-toolchain/bin/../lib/gcc/avr32/4.4.7/../../../../avr32/lib/ucr2\libc.a(lib_a-fwalk.o)
                                 0x54 (size before relaxing)
                0x8000a154                _fwalk
 .text._localeconv_r
                0x8000a1a0        0x8 d:/program files (x86)/atmel/studio/7.0/toolchain/avr32/avr32-gnu-toolchain/bin/../lib/gcc/avr32/4.4.7/../../../../avr32/lib/ucr2\libc.a(lib_a-locale.o)
                0x8000a1a0                _localeconv_r
 .text.__smakebuf_r
                0x8000a1a8       0xbc d:/program files (x86)/atmel/studio/7.0/toolchain/avr32/avr32-gnu-toolchain/bin/../lib/gcc/avr32/4.4.7/../../../../avr32/lib/ucr2\libc.a(lib_a-makebuf.o)
                                 0xcc (size before relaxing)
                0x8000a1a8                __smakebuf_r
 .text.memchr   0x8000a264       0x16 d:/program files (x86)/atmel/studio/7.0/toolchain/avr32/avr32-gnu-toolchain/bin/../lib/gcc/avr32/4.4.7/../../../../avr32/lib/ucr2\libc.a(lib_a-memchr.o)
                0x8000a264                memchr
 .text.memmove  0x8000a27a       0x3e d:/program files (x86)/atmel/studio/7.0/toolchain/avr32/avr32-gnu-toolchain/bin/../lib/gcc/avr32/4.4.7/../../../../avr32/lib/ucr2\libc.a(lib_a-memmove.o)
                0x8000a27a                memmove
 .text.__hi0bits
                0x8000a2b8       0x60 d:/program files (x86)/atmel/studio/7.0/toolchain/avr32/avr32-gnu-toolchain/bin/../lib/gcc/avr32/4.4.7/../../../../avr32/lib/ucr2\libc.a(lib_a-mprec.o)
                0x8000a2b8                __hi0bits
 .text.__lo0bits
                0x8000a318       0x8e d:/program files (x86)/atmel/studio/7.0/toolchain/avr32/avr32-gnu-toolchain/bin/../lib/gcc/avr32/4.4.7/../../../../avr32/lib/ucr2\libc.a(lib_a-mprec.o)
                0x8000a318                __lo0bits
 .text.__mcmp   0x8000a3a6       0x32 d:/program files (x86)/atmel/studio/7.0/toolchain/avr32/avr32-gnu-toolchain/bin/../lib/gcc/avr32/4.4.7/../../../../avr32/lib/ucr2\libc.a(lib_a-mprec.o)
                0x8000a3a6                __mcmp
 .text._Bfree   0x8000a3d8       0x34 d:/program files (x86)/atmel/studio/7.0/toolchain/avr32/avr32-gnu-toolchain/bin/../lib/gcc/avr32/4.4.7/../../../../avr32/lib/ucr2\libc.a(lib_a-mprec.o)
                                 0x38 (size before relaxing)
                0x8000a3d8                _Bfree
 .text._Balloc  0x8000a40c       0x70 d:/program files (x86)/atmel/studio/7.0/toolchain/avr32/avr32-gnu-toolchain/bin/../lib/gcc/avr32/4.4.7/../../../../avr32/lib/ucr2\libc.a(lib_a-mprec.o)
                                 0x78 (size before relaxing)
                0x8000a40c                _Balloc
 .text.__d2b    0x8000a47c       0xa0 d:/program files (x86)/atmel/studio/7.0/toolchain/avr32/avr32-gnu-toolchain/bin/../lib/gcc/avr32/4.4.7/../../../../avr32/lib/ucr2\libc.a(lib_a-mprec.o)
                                 0xb4 (size before relaxing)
                0x8000a47c                __d2b
 .text.__mdiff  0x8000a51c       0xd0 d:/program files (x86)/atmel/studio/7.0/toolchain/avr32/avr32-gnu-toolchain/bin/../lib/gcc/avr32/4.4.7/../../../../avr32/lib/ucr2\libc.a(lib_a-mprec.o)
                                 0xd8 (size before relaxing)
                0x8000a51c                __mdiff
 .text.__lshift
                0x8000a5ec       0x88 d:/program files (x86)/atmel/studio/7.0/toolchain/avr32/avr32-gnu-toolchain/bin/../lib/gcc/avr32/4.4.7/../../../../avr32/lib/ucr2\libc.a(lib_a-mprec.o)
                                 0x94 (size before relaxing)
                0x8000a5ec                __lshift
 .text.__multiply
                0x8000a674      0x100 d:/program files (x86)/atmel/studio/7.0/toolchain/avr32/avr32-gnu-toolchain/bin/../lib/gcc/avr32/4.4.7/../../../../avr32/lib/ucr2\libc.a(lib_a-mprec.o)
                                0x108 (size before relaxing)
                0x8000a674                __multiply
 .text.__i2b    0x8000a774       0x10 d:/program files (x86)/atmel/studio/7.0/toolchain/avr32/avr32-gnu-toolchain/bin/../lib/gcc/avr32/4.4.7/../../../../avr32/lib/ucr2\libc.a(lib_a-mprec.o)
                                 0x18 (size before relaxing)
                0x8000a774                __i2b
 .text.__multadd
                0x8000a784       0x7c d:/program files (x86)/atmel/studio/7.0/toolchain/avr32/avr32-gnu-toolchain/bin/../lib/gcc/avr32/4.4.7/../../../../avr32/lib/ucr2\libc.a(lib_a-mprec.o)
                                 0x88 (size before relaxing)
                0x8000a784                __multadd
 .text.__pow5mult
                0x8000a800       0x8c d:/program files (x86)/atmel/studio/7.0/toolchain/avr32/avr32-gnu-toolchain/bin/../lib/gcc/avr32/4.4.7/../../../../avr32/lib/ucr2\libc.a(lib_a-mprec.o)
                                 0xac (size before relaxing)
                0x8000a800                __pow5mult
 .text.__isinfd
                0x8000a88c       0x2a d:/program files (x86)/atmel/studio/7.0/toolchain/avr32/avr32-gnu-toolchain/bin/../lib/gcc/avr32/4.4.7/../../../../avr32/lib/ucr2\libc.a(lib_a-s_isinfd.o)
                0x8000a88c                __isinfd
 .text.__isnand
                0x8000a8b6       0x1c d:/program files (x86)/atmel/studio/7.0/toolchain/avr32/avr32-gnu-toolchain/bin/../lib/gcc/avr32/4.4.7/../../../../avr32/lib/ucr2\libc.a(lib_a-s_isnand.o)
                0x8000a8b6                __isnand
 *fill*         0x8000a8d2        0x2 d703d703
 .text.__sclose
                0x8000a8d4        0x8 d:/program files (x86)/atmel/studio/7.0/toolchain/avr32/avr32-gnu-toolchain/bin/../lib/gcc/avr32/4.4.7/../../../../avr32/lib/ucr2\libc.a(lib_a-stdio.o)
                                 0x10 (size before relaxing)
                0x8000a8d4                __sclose
 .text.__sseek  0x8000a8dc       0x20 d:/program files (x86)/atmel/studio/7.0/toolchain/avr32/avr32-gnu-toolchain/bin/../lib/gcc/avr32/4.4.7/../../../../avr32/lib/ucr2\libc.a(lib_a-stdio.o)
                                 0x28 (size before relaxing)
                0x8000a8dc                __sseek
 .text.__swrite
                0x8000a8fc       0x2c d:/program files (x86)/atmel/studio/7.0/toolchain/avr32/avr32-gnu-toolchain/bin/../lib/gcc/avr32/4.4.7/../../../../avr32/lib/ucr2\libc.a(lib_a-stdio.o)
                                 0x38 (size before relaxing)
                0x8000a8fc                __swrite
 .text.__sread  0x8000a928       0x1c d:/program files (x86)/atmel/studio/7.0/toolchain/avr32/avr32-gnu-toolchain/bin/../lib/gcc/avr32/4.4.7/../../../../avr32/lib/ucr2\libc.a(lib_a-stdio.o)
                                 0x24 (size before relaxing)
                0x8000a928                __sread
 .text._write_r
                0x8000a944       0x28 d:/program files (x86)/atmel/studio/7.0/toolchain/avr32/avr32-gnu-toolchain/bin/../lib/gcc/avr32/4.4.7/../../../../avr32/lib/ucr2\libc.a(lib_a-writer.o)
                                 0x2c (size before relaxing)
                0x8000a944                _write_r
 .text._calloc_r
                0x8000a96c       0x58 d:/program files (x86)/atmel/studio/7.0/toolchain/avr32/avr32-gnu-toolchain/bin/../lib/gcc/avr32/4.4.7/../../../../avr32/lib/ucr2\libc.a(lib_a-callocr.o)
                                 0x60 (size before relaxing)
                0x8000a96c                _calloc_r
 .text._close_r
                0x8000a9c4       0x20 d:/program files (x86)/atmel/studio/7.0/toolchain/avr32/avr32-gnu-toolchain/bin/../lib/gcc/avr32/4.4.7/../../../../avr32/lib/ucr2\libc.a(lib_a-closer.o)
                                 0x28 (size before relaxing)
                0x8000a9c4                _close_r
 .text._fclose_r
                0x8000a9e4       0xb8 d:/program files (x86)/atmel/studio/7.0/toolchain/avr32/avr32-gnu-toolchain/bin/../lib/gcc/avr32/4.4.7/../../../../avr32/lib/ucr2\libc.a(lib_a-fclose.o)
                                 0xd0 (size before relaxing)
                0x8000a9e4                _fclose_r
 .text.fclose   0x8000aa9c       0x10 d:/program files (x86)/atmel/studio/7.0/toolchain/avr32/avr32-gnu-toolchain/bin/../lib/gcc/avr32/4.4.7/../../../../avr32/lib/ucr2\libc.a(lib_a-fclose.o)
                                 0x18 (size before relaxing)
                0x8000aa9c                fclose
 .text._fstat_r
                0x8000aaac       0x24 d:/program files (x86)/atmel/studio/7.0/toolchain/avr32/avr32-gnu-toolchain/bin/../lib/gcc/avr32/4.4.7/../../../../avr32/lib/ucr2\libc.a(lib_a-fstatr.o)
                                 0x2c (size before relaxing)
                0x8000aaac                _fstat_r
 .text._lseek_r
                0x8000aad0       0x28 d:/program files (x86)/atmel/studio/7.0/toolchain/avr32/avr32-gnu-toolchain/bin/../lib/gcc/avr32/4.4.7/../../../../avr32/lib/ucr2\libc.a(lib_a-lseekr.o)
                                 0x2c (size before relaxing)
                0x8000aad0                _lseek_r
 .text._read_r  0x8000aaf8       0x28 d:/program files (x86)/atmel/studio/7.0/toolchain/avr32/avr32-gnu-toolchain/bin/../lib/gcc/avr32/4.4.7/../../../../avr32/lib/ucr2\libc.a(lib_a-readr.o)
                                 0x2c (size before relaxing)
                0x8000aaf8                _read_r
 .text          0x8000ab20      0x1d4 d:/program files (x86)/atmel/studio/7.0/toolchain/avr32/avr32-gnu-toolchain/bin/../lib/gcc/avr32/4.4.7/ucr2\libgcc.a(_avr32_f64_mul.o)
                0x8000ab20                __avr32_f64_mul
 .text          0x8000acf4      0x2b0 d:/program files (x86)/atmel/studio/7.0/toolchain/avr32/avr32-gnu-toolchain/bin/../lib/gcc/avr32/4.4.7/ucr2\libgcc.a(_avr32_f64_addsub.o)
                0x8000acf8                __avr32_f64_sub
                0x8000ae94                __avr32_f64_add
 .text          0x8000afa4       0x2a d:/program files (x86)/atmel/studio/7.0/toolchain/avr32/avr32-gnu-toolchain/bin/../lib/gcc/avr32/4.4.7/ucr2\libgcc.a(_avr32_f64_to_s32.o)
                0x8000afa4                __avr32_f64_to_u32
                0x8000afa8                __avr32_f64_to_s32
 .text          0x8000afce       0xe8 d:/program files (x86)/atmel/studio/7.0/toolchain/avr32/avr32-gnu-toolchain/bin/../lib/gcc/avr32/4.4.7/ucr2\libgcc.a(_avr32_s32_to_f64.o)
                0x8000afce                __avr32_u32_to_f64
                0x8000afd6                __avr32_s32_to_f64
 .text          0x8000b0b6       0x26 d:/program files (x86)/atmel/studio/7.0/toolchain/avr32/avr32-gnu-toolchain/bin/../lib/gcc/avr32/4.4.7/ucr2\libgcc.a(_avr32_f64_cmp_eq.o)
                0x8000b0b6                __avr32_f64_cmp_eq
 .text          0x8000b0dc       0x68 d:/program files (x86)/atmel/studio/7.0/toolchain/avr32/avr32-gnu-toolchain/bin/../lib/gcc/avr32/4.4.7/ucr2\libgcc.a(_avr32_f64_cmp_ge.o)
                0x8000b0dc                __avr32_f64_cmp_ge
 .text          0x8000b144       0x68 d:/program files (x86)/atmel/studio/7.0/toolchain/avr32/avr32-gnu-toolchain/bin/../lib/gcc/avr32/4.4.7/ucr2\libgcc.a(_avr32_f64_cmp_lt.o)
                0x8000b144                __avr32_f64_cmp_lt
 .text          0x8000b1ac      0x318 d:/program files (x86)/atmel/studio/7.0/toolchain/avr32/avr32-gnu-toolchain/bin/../lib/gcc/avr32/4.4.7/ucr2\libgcc.a(_avr32_f64_div.o)
                0x8000b1ac                __avr32_f64_div
 .text          0x8000b4c4      0x264 d:/program files (x86)/atmel/studio/7.0/toolchain/avr32/avr32-gnu-toolchain/bin/../lib/gcc/avr32/4.4.7/ucr2\libgcc.a(_udivdi3.o)
                0x8000b4c4                __avr32_udiv64
                0x8000b4c4                __udivdi3
 .text          0x8000b728      0x20c d:/program files (x86)/atmel/studio/7.0/toolchain/avr32/avr32-gnu-toolchain/bin/../lib/gcc/avr32/4.4.7/ucr2\libgcc.a(_umoddi3.o)
                0x8000b728                __avr32_umod64
                0x8000b728                __umoddi3
 *(.text.*personality*)
 *(.gnu.warning)

.exception      0x8000ba00      0x200
 .exception     0x8000ba00      0x200 Srouce/ASF/thirdparty/freertos/freertos-7.0.0/source/portable/gcc/avr32_uc3/exception.o
                0x8000ba00                _evba
                0x8000bb04                _int0
                0x8000bb12                _int1
                0x8000bb20                _int2
                0x8000bb2e                _int3
                0x8000bb3c                ipr_val

.fini
 *(.fini)
                0x8000bc00                PROVIDE (__etext, .)
                0x8000bc00                PROVIDE (_etext, .)
                0x8000bc00                PROVIDE (etext, .)

.rodata         0x8000bc00     0x11ac
 *(.rodata .rodata.* .gnu.linkonce.r.*)
 .rodata.str1.4
                0x8000bc00      0x772 Srouce/Application/app/app.o
                                0x774 (size before relaxing)
 *fill*         0x8000c372        0x2 
 .rodata.str1.4
                0x8000c374        0xb Srouce/Application/radio/payload.o
                                  0xc (size before relaxing)
 *fill*         0x8000c37f        0x1 
 .rodata.AudioData
                0x8000c380       0xa0 Srouce/Application/radio/audio.o
                0x8000c380                AudioData
 .rodata.str1.4
                0x8000c420       0x19 Srouce/Application/radio/physical.o
                                 0x1c (size before relaxing)
 *fill*         0x8000c439        0x3 
 .rodata.str1.4
                0x8000c43c        0x8 Srouce/Application/radio/xcmp.o
 .rodata.str1.4
                0x8000c444       0x19 Srouce/Application/radio/xnl.o
                                 0x24 (size before relaxing)
 *fill*         0x8000c45d        0x3 
 .rodata.TWI_GPIO_MAP.10354
                0x8000c460       0x10 Srouce/Application/rtc/rtc.o
 .rodata.tc_interrupt.10158
                0x8000c470        0x4 Srouce/Application/timers/timer.o
 .rodata.waveform_opt.10157
                0x8000c474        0x8 Srouce/Application/timers/timer.o
 .rodata._int_handler_table
                0x8000c47c       0x98 Srouce/ASF/avr32/drivers/intc/intc.o
 .rodata.str1.4
                0x8000c514        0x5 Srouce/ASF/thirdparty/freertos/freertos-7.0.0/source/tasks.o
                                  0x8 (size before relaxing)
 *fill*         0x8000c519        0x3 
 .rodata.log    0x8000c51c      0x150 Srouce/Log/log.o
 .rodata.logFromISR
                0x8000c66c      0x150 Srouce/Log/log.o
 .rodata.USART_OPTIONS.11277
                0x8000c7bc        0xc Srouce/Log/log.o
 .rodata.str1.4
                0x8000c7c8       0x3c Srouce/Log/log.o
 .rodata.USART_GPIO_MAP.11276
                0x8000c804       0x10 Srouce/Log/log.o
 .rodata.str1.4
                0x8000c814       0x14 Srouce/main.o
 .rodata.get_arg
                0x8000c828       0x3c d:/program files (x86)/atmel/studio/7.0/toolchain/avr32/avr32-gnu-toolchain/bin/../lib/gcc/avr32/4.4.7/../../../../avr32/lib/ucr2\libc.a(lib_a-vfprintf.o)
 .rodata._vfprintf_r
                0x8000c864      0x164 d:/program files (x86)/atmel/studio/7.0/toolchain/avr32/avr32-gnu-toolchain/bin/../lib/gcc/avr32/4.4.7/../../../../avr32/lib/ucr2\libc.a(lib_a-vfprintf.o)
 .rodata.state_table
                0x8000c9c8       0x6c d:/program files (x86)/atmel/studio/7.0/toolchain/avr32/avr32-gnu-toolchain/bin/../lib/gcc/avr32/4.4.7/../../../../avr32/lib/ucr2\libc.a(lib_a-vfprintf.o)
 .rodata.action_table
                0x8000ca34       0x6c d:/program files (x86)/atmel/studio/7.0/toolchain/avr32/avr32-gnu-toolchain/bin/../lib/gcc/avr32/4.4.7/../../../../avr32/lib/ucr2\libc.a(lib_a-vfprintf.o)
 .rodata.str1.4
                0x8000caa0       0x3a d:/program files (x86)/atmel/studio/7.0/toolchain/avr32/avr32-gnu-toolchain/bin/../lib/gcc/avr32/4.4.7/../../../../avr32/lib/ucr2\libc.a(lib_a-vfprintf.o)
                                 0x3c (size before relaxing)
 *fill*         0x8000cada        0x2 
 .rodata.blanks.3430
                0x8000cadc       0x10 d:/program files (x86)/atmel/studio/7.0/toolchain/avr32/avr32-gnu-toolchain/bin/../lib/gcc/avr32/4.4.7/../../../../avr32/lib/ucr2\libc.a(lib_a-vfprintf.o)
 .rodata.zeroes.3431
                0x8000caec       0x10 d:/program files (x86)/atmel/studio/7.0/toolchain/avr32/avr32-gnu-toolchain/bin/../lib/gcc/avr32/4.4.7/../../../../avr32/lib/ucr2\libc.a(lib_a-vfprintf.o)
 .rodata.chclass
                0x8000cafc      0x100 d:/program files (x86)/atmel/studio/7.0/toolchain/avr32/avr32-gnu-toolchain/bin/../lib/gcc/avr32/4.4.7/../../../../avr32/lib/ucr2\libc.a(lib_a-vfprintf.o)
 .rodata.str1.4
                0x8000cbfc       0x10 d:/program files (x86)/atmel/studio/7.0/toolchain/avr32/avr32-gnu-toolchain/bin/../lib/gcc/avr32/4.4.7/../../../../avr32/lib/ucr2\libc.a(lib_a-dtoa.o)
                                 0x14 (size before relaxing)
 .rodata.__sf_fake_stdin
                0x8000cc0c       0x20 d:/program files (x86)/atmel/studio/7.0/toolchain/avr32/avr32-gnu-toolchain/bin/../lib/gcc/avr32/4.4.7/../../../../avr32/lib/ucr2\libc.a(lib_a-findfp.o)
                0x8000cc0c                __sf_fake_stdin
 .rodata.__sf_fake_stdout
                0x8000cc2c       0x20 d:/program files (x86)/atmel/studio/7.0/toolchain/avr32/avr32-gnu-toolchain/bin/../lib/gcc/avr32/4.4.7/../../../../avr32/lib/ucr2\libc.a(lib_a-findfp.o)
                0x8000cc2c                __sf_fake_stdout
 .rodata.__sf_fake_stderr
                0x8000cc4c       0x20 d:/program files (x86)/atmel/studio/7.0/toolchain/avr32/avr32-gnu-toolchain/bin/../lib/gcc/avr32/4.4.7/../../../../avr32/lib/ucr2\libc.a(lib_a-findfp.o)
                0x8000cc4c                __sf_fake_stderr
 .rodata.str1.4
                0x8000cc6c        0x2 d:/program files (x86)/atmel/studio/7.0/toolchain/avr32/avr32-gnu-toolchain/bin/../lib/gcc/avr32/4.4.7/../../../../avr32/lib/ucr2\libc.a(lib_a-impure.o)
                                  0x4 (size before relaxing)
 *fill*         0x8000cc6e        0x2 
 .rodata._global_impure_ptr
                0x8000cc70        0x4 d:/program files (x86)/atmel/studio/7.0/toolchain/avr32/avr32-gnu-toolchain/bin/../lib/gcc/avr32/4.4.7/../../../../avr32/lib/ucr2\libc.a(lib_a-impure.o)
                0x8000cc70                _global_impure_ptr
 .rodata.lconv  0x8000cc74       0x30 d:/program files (x86)/atmel/studio/7.0/toolchain/avr32/avr32-gnu-toolchain/bin/../lib/gcc/avr32/4.4.7/../../../../avr32/lib/ucr2\libc.a(lib_a-locale.o)
 .rodata.str1.4
                0x8000cca4        0xc d:/program files (x86)/atmel/studio/7.0/toolchain/avr32/avr32-gnu-toolchain/bin/../lib/gcc/avr32/4.4.7/../../../../avr32/lib/ucr2\libc.a(lib_a-locale.o)
                                 0x18 (size before relaxing)
 .rodata.p05.2471
                0x8000ccb0        0xc d:/program files (x86)/atmel/studio/7.0/toolchain/avr32/avr32-gnu-toolchain/bin/../lib/gcc/avr32/4.4.7/../../../../avr32/lib/ucr2\libc.a(lib_a-mprec.o)
 .rodata.__mprec_tens
                0x8000ccbc       0xc8 d:/program files (x86)/atmel/studio/7.0/toolchain/avr32/avr32-gnu-toolchain/bin/../lib/gcc/avr32/4.4.7/../../../../avr32/lib/ucr2\libc.a(lib_a-mprec.o)
                0x8000ccbc                __mprec_tens
 .rodata.__mprec_bigtens
                0x8000cd84       0x28 d:/program files (x86)/atmel/studio/7.0/toolchain/avr32/avr32-gnu-toolchain/bin/../lib/gcc/avr32/4.4.7/../../../../avr32/lib/ucr2\libc.a(lib_a-mprec.o)
                0x8000cd84                __mprec_bigtens

.rodata1
 *(.rodata1)

.eh_frame_hdr
 *(.eh_frame_hdr)

.eh_frame
 *(.eh_frame)

.gcc_except_table
 *(.gcc_except_table)
 *(.gcc_except_table.*)

.lalign         0x8000cdac        0x4
                0x8000cdb0                . = ALIGN (0x8)
 *fill*         0x8000cdac        0x4 
                0x8000cdb0                PROVIDE (_data_lma, .)
                0x00000004                . = ORIGIN (INTRAM)

.dalign         0x00000004        0x4
                0x00000008                . = ALIGN (0x8)
 *fill*         0x00000004        0x4 
                0x00000008                PROVIDE (_data, .)

.eh_frame
 *(.eh_frame)

.gcc_except_table
 *(.gcc_except_table)
 *(.gcc_except_table.*)

.tdata
 *(.tdata .tdata.* .gnu.linkonce.td.*)

.tbss
 *(.tbss .tbss.* .gnu.linkonce.tb.*)
 *(.tcommon)
                0x00000008                PROVIDE (__preinit_array_start, ALIGN (0x4))

.preinit_array
 *(.preinit_array)
                0x00000008                PROVIDE (__preinit_array_end, .)
                0x00000008                PROVIDE (__init_array_start, .)

.init_array
 *(.init_array)
                0x00000008                PROVIDE (__init_array_end, .)
                0x00000008                PROVIDE (__fini_array_start, .)

.fini_array
 *(.fini_array)
                0x00000008                PROVIDE (__fini_array_end, .)

.ctors
 *crtbegin*.o(.ctors)
 *(EXCLUDE_FILE(*crtend*.o) .ctors)
 *(SORT(.ctors.*))
 *(.ctors)

.dtors
 *crtbegin*.o(.dtors)
 *(EXCLUDE_FILE(*crtend*.o) .dtors)
 *(SORT(.dtors.*))
 *(.dtors)

.jcr
 *(.jcr)

.data.rel.ro
 *(.data.rel.ro.local)
 *(.data.rel.ro*)

.dynamic
 *(.dynamic)

.got
 *(.got.plt)
 *(.got)

.ramtext
 *(.ramtext .ramtext.*)

.ddalign        0x00000008        0x0 load address 0x8000cdb0
                0x00000008                . = ALIGN (0x8)

.data           0x00000008      0xa34 load address 0x8000cdb0
 *(.data .data.* .gnu.linkonce.d.*)
 .data.the_app_list
                0x00000008      0x4ec Srouce/Application/app/app.o
 .data.PCM_frame_Payload
                0x000004f4        0x8 Srouce/Application/radio/physical.o
                0x000004f4                PCM_frame_Payload
 .data.xnl_proc_list
                0x000004fc       0x34 Srouce/Application/radio/xnl.o
 .data.ulCriticalNesting
                0x00000530        0x4 Srouce/ASF/thirdparty/freertos/freertos-7.0.0/source/portable/gcc/avr32_uc3/port.o
                0x00000530                ulCriticalNesting
 .data.xNextTaskUnblockTime
                0x00000534        0x4 Srouce/ASF/thirdparty/freertos/freertos-7.0.0/source/tasks.o
 .data.__malloc_av_
                0x00000538      0x408 d:/program files (x86)/atmel/studio/7.0/toolchain/avr32/avr32-gnu-toolchain/bin/../lib/gcc/avr32/4.4.7/../../../../avr32/lib/ucr2\libc.a(lib_a-mallocr.o)
                0x00000538                __malloc_av_
 .data.__malloc_trim_threshold
                0x00000940        0x4 d:/program files (x86)/atmel/studio/7.0/toolchain/avr32/avr32-gnu-toolchain/bin/../lib/gcc/avr32/4.4.7/../../../../avr32/lib/ucr2\libc.a(lib_a-mallocr.o)
                0x00000940                __malloc_trim_threshold
 .data.__malloc_sbrk_base
                0x00000944        0x4 d:/program files (x86)/atmel/studio/7.0/toolchain/avr32/avr32-gnu-toolchain/bin/../lib/gcc/avr32/4.4.7/../../../../avr32/lib/ucr2\libc.a(lib_a-mallocr.o)
                0x00000944                __malloc_sbrk_base
 .data.impure_data
                0x00000948       0xf0 d:/program files (x86)/atmel/studio/7.0/toolchain/avr32/avr32-gnu-toolchain/bin/../lib/gcc/avr32/4.4.7/../../../../avr32/lib/ucr2\libc.a(lib_a-impure.o)
 .data._impure_ptr
                0x00000a38        0x4 d:/program files (x86)/atmel/studio/7.0/toolchain/avr32/avr32-gnu-toolchain/bin/../lib/gcc/avr32/4.4.7/../../../../avr32/lib/ucr2\libc.a(lib_a-impure.o)
                0x00000a38                _impure_ptr
 *(.gnu.linkonce.d.*personality*)

.data1
 *(.data1)

.balign         0x00000a3c        0x4 load address 0x8000d7e4
                0x00000a40                . = ALIGN (0x8)
 *fill*         0x00000a3c        0x4 
                0x00000a40                PROVIDE (_edata, .)
                0x00000a40                PROVIDE (edata, .)
                0x00000a40                __bss_start = .

.bss            0x00000a40     0x35c8
 *(.dynbss)
 *(.bss .bss.* .gnu.linkonce.b.*)
 .bss.AMBE_rx_flag
                0x00000a40        0x1 Srouce/Application/app/app.o
                0x00000a40                AMBE_rx_flag
 .bss.times_counter.11525
                0x00000a41        0x1 Srouce/Application/app/app.o
 .bss.AMBE_tx_flag
                0x00000a42        0x1 Srouce/Application/app/app.o
                0x00000a42                AMBE_tx_flag
 .bss.Radio_Transmit_State
                0x00000a43        0x1 Srouce/Application/app/app.o
                0x00000a43                Radio_Transmit_State
 .bss.Rx_Mic_data
                0x00000a44        0x1 Srouce/Application/app/app.o
                0x00000a44                Rx_Mic_data
 *fill*         0x00000a45        0x3 
 .bss.Tone_Counters
                0x00000a48        0x4 Srouce/Application/app/app.o
                0x00000a48                Tone_Counters
 .bss.Tone_flag
                0x00000a4c        0x1 Srouce/Application/app/app.o
                0x00000a4c                Tone_flag
 *fill*         0x00000a4d        0x3 
 .bss.xLastWakeTime.11485
                0x00000a50        0x4 Srouce/Application/app/app.o
 .bss.is_unmute
                0x00000a54        0x1 Srouce/Application/app/app.o
                0x00000a54                is_unmute
 .bss.Mic_is_Enabled
                0x00000a55        0x1 Srouce/Application/app/app.o
                0x00000a55                Mic_is_Enabled
 .bss.Rx_Speaker_data
                0x00000a56        0x1 Srouce/Application/app/app.o
                0x00000a56                Rx_Speaker_data
 *fill*         0x00000a57        0x1 
 .bss.isAudioRouting.11484
                0x00000a58        0x4 Srouce/Application/app/app.o
 .bss.Silent_flag
                0x00000a5c        0x1 Srouce/Application/app/app.o
                0x00000a5c                Silent_flag
 *fill*         0x00000a5d        0x3 
 .bss.res.11475
                0x00000a60        0x4 Srouce/Application/app/app.o
 .bss.Terminator_Flag
                0x00000a64        0x1 Srouce/Application/app/app.o
                0x00000a64                Terminator_Flag
 *fill*         0x00000a65        0x3 
 .bss.ulIdleCycleCount
                0x00000a68        0x4 Srouce/Application/app/app.o
                0x00000a68                ulIdleCycleCount
 .bss.payload_rx_exec
                0x00000a6c        0x4 Srouce/Application/radio/payload.o
                0x00000a6c                payload_rx_exec
 .bss.payload_tx_exec
                0x00000a70        0x4 Srouce/Application/radio/payload.o
                0x00000a70                payload_tx_exec
 .bss.index.10801
                0x00000a74        0x4 Srouce/Application/radio/physical.o
 .bss.m_RxBurstType
                0x00000a78        0x4 Srouce/Application/radio/physical.o
 .bss.phy_frame_ptr.10710
                0x00000a7c        0x4 Srouce/Application/radio/physical.o
 .bss.payload_store_idle
                0x00000a80        0x4 Srouce/Application/radio/physical.o
                0x00000a80                payload_store_idle
 .bss.counter.10795
                0x00000a84        0x4 Srouce/Application/radio/physical.o
 .bss.payload_ptr.10922
                0x00000a88        0x4 Srouce/Application/radio/physical.o
 .bss.phy_ptr.10666
                0x00000a8c        0x4 Srouce/Application/radio/physical.o
 .bss.RxBytesWaiting.10920
                0x00000a90        0x4 Srouce/Application/radio/physical.o
 .bss.phy_tx_index.10669
                0x00000a94        0x1 Srouce/Application/radio/physical.o
 *fill*         0x00000a95        0x3 
 .bss.phy_rx_state.10714
                0x00000a98        0x4 Srouce/Application/radio/physical.o
 .bss.xnl_store_idle
                0x00000a9c        0x4 Srouce/Application/radio/physical.o
                0x00000a9c                xnl_store_idle
 .bss.phy_check_sum.10713
                0x00000aa0        0x2 Srouce/Application/radio/physical.o
 .bss.phy_tx_expexted_length.10668
                0x00000aa2        0x2 Srouce/Application/radio/physical.o
 .bss.phy_tx_state.10667
                0x00000aa4        0x4 Srouce/Application/radio/physical.o
 .bss.ArrayDiscLength.10921
                0x00000aa8        0x4 Srouce/Application/radio/physical.o
 .bss.RxMediaState.10916
                0x00000aac        0x4 Srouce/Application/radio/physical.o
 .bss.phy_payload_frame_tx
                0x00000ab0        0x4 Srouce/Application/radio/physical.o
                0x00000ab0                phy_payload_frame_tx
 .bss.phy_rx_count.10715
                0x00000ab4        0x4 Srouce/Application/radio/physical.o
 .bss.phy_xnl_frame_rx
                0x00000ab8        0x4 Srouce/Application/radio/physical.o
                0x00000ab8                phy_xnl_frame_rx
 .bss.frame_number.10798
                0x00000abc        0x1 Srouce/Application/radio/physical.o
 *fill*         0x00000abd        0x3 
 .bss.phy_payload_frame_rx
                0x00000ac0        0x4 Srouce/Application/radio/physical.o
                0x00000ac0                phy_payload_frame_rx
 .bss.i.10804   0x00000ac4        0x4 Srouce/Application/radio/physical.o
 .bss.Item_ID.10924
                0x00000ac8        0x1 Srouce/Application/radio/physical.o
 .bss.payload_tx_state.10797
                0x00000ac9        0x1 Srouce/Application/radio/physical.o
 *fill*         0x00000aca        0x2 
 .bss.phy_xnl_frame_tx
                0x00000acc        0x4 Srouce/Application/radio/physical.o
                0x00000acc                phy_xnl_frame_tx
 .bss.is_first.10923
                0x00000ad0        0x1 Srouce/Application/radio/physical.o
 .bss.last_frame.10800
                0x00000ad1        0x1 Srouce/Application/radio/physical.o
 .bss.expexted_length.10799
                0x00000ad2        0x2 Srouce/Application/radio/physical.o
 .bss.phy_rx_length.10712
                0x00000ad4        0x2 Srouce/Application/radio/physical.o
 *fill*         0x00000ad6        0x2 
 .bss.send_num.10803
                0x00000ad8        0x4 Srouce/Application/radio/physical.o
 .bss.RxMedia_IsFillingNext16.10917
                0x00000adc        0x4 Srouce/Application/radio/physical.o
 .bss.phy_rx_expexted_length.10711
                0x00000ae0        0x2 Srouce/Application/radio/physical.o
 *fill*         0x00000ae2        0x2 
 .bss.phy_rx_exec
                0x00000ae4        0x4 Srouce/Application/radio/ssc.o
                0x00000ae4                phy_rx_exec
 .bss.phy_tx_exec
                0x00000ae8        0x4 Srouce/Application/radio/ssc.o
                0x00000ae8                phy_tx_exec
 .bss.version_information
                0x00000aec        0xc Srouce/Application/radio/xcmp.o
                0x00000aec                version_information
 .bss.xcmp_frame_rx
                0x00000af8        0x4 Srouce/Application/radio/xcmp.o
 .bss.clone_write
                0x00000afc        0xc Srouce/Application/radio/xcmp.o
                0x00000afc                clone_write
 .bss.automatic_frequency_correction_control
                0x00000b08        0xc Srouce/Application/radio/xcmp.o
                0x00000b08                automatic_frequency_correction_control
 .bss.clone_read
                0x00000b14        0xc Srouce/Application/radio/xcmp.o
                0x00000b14                clone_read
 .bss.language_pack_information
                0x00000b20        0xc Srouce/Application/radio/xcmp.o
                0x00000b20                language_pack_information
 .bss.radio_status
                0x00000b2c        0xc Srouce/Application/radio/xcmp.o
                0x00000b2c                radio_status
 .bss.xnl_timeout_semphr
                0x00000b38        0x4 Srouce/Application/radio/xnl.o
 .bss.xnl_information
                0x00000b3c        0xa Srouce/Application/radio/xnl.o
 *fill*         0x00000b46        0x2 
 .bss.xnl_send_times.10714
                0x00000b48        0x4 Srouce/Application/radio/xnl.o
 .bss.xnl_frame_tx
                0x00000b4c        0x4 Srouce/Application/radio/xnl.o
 .bss.ptr.10715
                0x00000b50        0x4 Srouce/Application/radio/xnl.o
 .bss.flags.10669
                0x00000b54        0x1 Srouce/Application/radio/xnl.o
 *fill*         0x00000b55        0x3 
 .bss.xnl_tx_state.10713
                0x00000b58        0x4 Srouce/Application/radio/xnl.o
 .bss.xcmp_exec
                0x00000b5c        0x4 Srouce/Application/radio/xnl.o
                0x00000b5c                xcmp_exec
 .bss.status.10356
                0x00000b60        0x4 Srouce/Application/rtc/rtc.o
 .bss.rtc_mutex
                0x00000b64        0x4 Srouce/Application/rtc/rtc.o
 .bss.tc_tick   0x00000b68        0x4 Srouce/Application/timers/timer.o
                0x00000b68                tc_tick
 .bss._int_line_handler_table_6
                0x00000b6c        0x4 Srouce/ASF/avr32/drivers/intc/intc.o
 .bss._int_line_handler_table_7
                0x00000b70        0x4 Srouce/ASF/avr32/drivers/intc/intc.o
 .bss._int_line_handler_table_8
                0x00000b74        0x4 Srouce/ASF/avr32/drivers/intc/intc.o
 .bss._int_line_handler_table_9
                0x00000b78        0x4 Srouce/ASF/avr32/drivers/intc/intc.o
 .bss._int_line_handler_table_10
                0x00000b7c        0x4 Srouce/ASF/avr32/drivers/intc/intc.o
 .bss._int_line_handler_table_11
                0x00000b80        0x4 Srouce/ASF/avr32/drivers/intc/intc.o
 .bss._int_line_handler_table_12
                0x00000b84        0x4 Srouce/ASF/avr32/drivers/intc/intc.o
 .bss._int_line_handler_table_13
                0x00000b88        0x4 Srouce/ASF/avr32/drivers/intc/intc.o
 .bss._int_line_handler_table_14
                0x00000b8c        0xc Srouce/ASF/avr32/drivers/intc/intc.o
 .bss._int_line_handler_table_15
                0x00000b98        0x4 Srouce/ASF/avr32/drivers/intc/intc.o
 .bss._int_line_handler_table_16
                0x00000b9c        0x4 Srouce/ASF/avr32/drivers/intc/intc.o
 .bss._int_line_handler_table_17
                0x00000ba0        0x4 Srouce/ASF/avr32/drivers/intc/intc.o
 .bss._int_line_handler_table_18
                0x00000ba4        0x4 Srouce/ASF/avr32/drivers/intc/intc.o
 .bss._int_line_handler_table_0
                0x00000ba8        0x4 Srouce/ASF/avr32/drivers/intc/intc.o
 .bss._int_line_handler_table_1
                0x00000bac       0x2c Srouce/ASF/avr32/drivers/intc/intc.o
 .bss._int_line_handler_table_2
                0x00000bd8       0x18 Srouce/ASF/avr32/drivers/intc/intc.o
 .bss._int_line_handler_table_3
                0x00000bf0       0x1c Srouce/ASF/avr32/drivers/intc/intc.o
 .bss._int_line_handler_table_4
                0x00000c0c        0x4 Srouce/ASF/avr32/drivers/intc/intc.o
 .bss._int_line_handler_table_5
                0x00000c10        0x4 Srouce/ASF/avr32/drivers/intc/intc.o
 .bss.twi_busy  0x00000c14        0x1 Srouce/ASF/avr32/drivers/twi/twi.o
 .bss.twi_nack  0x00000c15        0x1 Srouce/ASF/avr32/drivers/twi/twi.o
 *fill*         0x00000c16        0x2 
 .bss.twi_tx_nb_bytes
                0x00000c18        0x4 Srouce/ASF/avr32/drivers/twi/twi.o
 .bss.twi_it_mask
                0x00000c1c        0x4 Srouce/ASF/avr32/drivers/twi/twi.o
 .bss.twi_inst  0x00000c20        0x4 Srouce/ASF/avr32/drivers/twi/twi.o
 .bss.twi_tx_data
                0x00000c24        0x4 Srouce/ASF/avr32/drivers/twi/twi.o
 .bss.twi_rx_nb_bytes
                0x00000c28        0x4 Srouce/ASF/avr32/drivers/twi/twi.o
 .bss.twi_rx_data
                0x00000c2c        0x4 Srouce/ASF/avr32/drivers/twi/twi.o
 .bss.uxMissedTicks
                0x00000c30        0x4 Srouce/ASF/thirdparty/freertos/freertos-7.0.0/source/tasks.o
 .bss.uxTopUsedPriority
                0x00000c34        0x4 Srouce/ASF/thirdparty/freertos/freertos-7.0.0/source/tasks.o
 .bss.pxDelayedTaskList
                0x00000c38        0x4 Srouce/ASF/thirdparty/freertos/freertos-7.0.0/source/tasks.o
 .bss.xSchedulerRunning
                0x00000c3c        0x4 Srouce/ASF/thirdparty/freertos/freertos-7.0.0/source/tasks.o
 .bss.uxTasksDeleted
                0x00000c40        0x4 Srouce/ASF/thirdparty/freertos/freertos-7.0.0/source/tasks.o
 .bss.xNumOfOverflows
                0x00000c44        0x4 Srouce/ASF/thirdparty/freertos/freertos-7.0.0/source/tasks.o
 .bss.pxOverflowDelayedTaskList
                0x00000c48        0x4 Srouce/ASF/thirdparty/freertos/freertos-7.0.0/source/tasks.o
 .bss.pxReadyTasksLists
                0x00000c4c       0xa0 Srouce/ASF/thirdparty/freertos/freertos-7.0.0/source/tasks.o
 .bss.xTasksWaitingTermination
                0x00000cec       0x14 Srouce/ASF/thirdparty/freertos/freertos-7.0.0/source/tasks.o
 .bss.pxCurrentTCB
                0x00000d00        0x4 Srouce/ASF/thirdparty/freertos/freertos-7.0.0/source/tasks.o
                0x00000d00                pxCurrentTCB
 .bss.xPendingReadyList
                0x00000d04       0x14 Srouce/ASF/thirdparty/freertos/freertos-7.0.0/source/tasks.o
 .bss.xDelayedTaskList1
                0x00000d18       0x14 Srouce/ASF/thirdparty/freertos/freertos-7.0.0/source/tasks.o
 .bss.xTickCount
                0x00000d2c        0x4 Srouce/ASF/thirdparty/freertos/freertos-7.0.0/source/tasks.o
 .bss.uxSchedulerSuspended
                0x00000d30        0x4 Srouce/ASF/thirdparty/freertos/freertos-7.0.0/source/tasks.o
 .bss.xDelayedTaskList2
                0x00000d34       0x14 Srouce/ASF/thirdparty/freertos/freertos-7.0.0/source/tasks.o
 .bss.uxTaskNumber
                0x00000d48        0x4 Srouce/ASF/thirdparty/freertos/freertos-7.0.0/source/tasks.o
 .bss.uxCurrentNumberOfTasks
                0x00000d4c        0x4 Srouce/ASF/thirdparty/freertos/freertos-7.0.0/source/tasks.o
 .bss.xMissedYield
                0x00000d50        0x4 Srouce/ASF/thirdparty/freertos/freertos-7.0.0/source/tasks.o
 .bss.xSuspendedTaskList
                0x00000d54       0x14 Srouce/ASF/thirdparty/freertos/freertos-7.0.0/source/tasks.o
 .bss.uxTopReadyPriority
                0x00000d68        0x4 Srouce/ASF/thirdparty/freertos/freertos-7.0.0/source/tasks.o
 .bss.lench.11293
                0x00000d6c        0x1 Srouce/Log/log.o
 .bss.lench.11363
                0x00000d6d        0x1 Srouce/Log/log.o
 *fill*         0x00000d6e        0x2 
 .bss.__malloc_max_total_mem
                0x00000d70        0x4 d:/program files (x86)/atmel/studio/7.0/toolchain/avr32/avr32-gnu-toolchain/bin/../lib/gcc/avr32/4.4.7/../../../../avr32/lib/ucr2\libc.a(lib_a-mallocr.o)
                0x00000d70                __malloc_max_total_mem
 .bss.__malloc_max_sbrked_mem
                0x00000d74        0x4 d:/program files (x86)/atmel/studio/7.0/toolchain/avr32/avr32-gnu-toolchain/bin/../lib/gcc/avr32/4.4.7/../../../../avr32/lib/ucr2\libc.a(lib_a-mallocr.o)
                0x00000d74                __malloc_max_sbrked_mem
 .bss.__malloc_top_pad
                0x00000d78        0x4 d:/program files (x86)/atmel/studio/7.0/toolchain/avr32/avr32-gnu-toolchain/bin/../lib/gcc/avr32/4.4.7/../../../../avr32/lib/ucr2\libc.a(lib_a-mallocr.o)
                0x00000d78                __malloc_top_pad
 .bss.__malloc_current_mallinfo
                0x00000d7c       0x28 d:/program files (x86)/atmel/studio/7.0/toolchain/avr32/avr32-gnu-toolchain/bin/../lib/gcc/avr32/4.4.7/../../../../avr32/lib/ucr2\libc.a(lib_a-mallocr.o)
                0x00000d7c                __malloc_current_mallinfo
 .bss.cur_heap_pos.1869
                0x00000da4        0x4 d:/program files (x86)/atmel/studio/7.0/toolchain/avr32/avr32-gnu-toolchain/bin/../lib/gcc/avr32/4.4.7/../../../../avr32/lib/ucr2\libc.a(lib_a-syscalls.o)
 *(COMMON)
 COMMON         0x00000da8        0x4 Srouce/Application/app/app.o
                0x00000da8                bunchofrandomstatusflags
 COMMON         0x00000dac     0x3200 Srouce/Application/radio/physical.o
                0x00000dac                payload_store
                0x000021ac                xnl_store
 COMMON         0x00003fac       0x4c Srouce/Application/radio/ssc.o
                0x00003fac                intDuration
                0x00003fb0                BufferIndex
                0x00003fb4                intStartCount
                0x00003fb8                RxBuffer
                0x00003fd8                TxBuffer
 COMMON         0x00003ff8        0x4 Srouce/Application/radio/xcmp.o
                0x00003ff8                app_list
 COMMON         0x00003ffc        0x4 Srouce/ASF/thirdparty/freertos/freertos-7.0.0/source/portable/gcc/avr32_uc3/write.o
                0x00003ffc                stdio_usart_base
 COMMON         0x00004000        0x4 Srouce/Log/log.o
                0x00004000                logQueue
 COMMON         0x00004004        0x4 d:/program files (x86)/atmel/studio/7.0/toolchain/avr32/avr32-gnu-toolchain/bin/../lib/gcc/avr32/4.4.7/../../../../avr32/lib/ucr2\libc.a(lib_a-reent.o)
                0x00004004                errno
                0x00004008                . = ALIGN (0x8)
                0x00004008                . = ALIGN (0x8)
                0x00004008                _end = .
                0x00004008                PROVIDE (end, .)
                0x00004008                __heap_start__ = ALIGN (0x8)

.heap           0x00004008    0x12ff8
 *(.heap)
                0x00012ff8                . = (__heap_size__ == __max_heap_size__)?(((ORIGIN (INTRAM) + 0x17ffc) - __stack_size__) - ABSOLUTE (.)):__heap_size__
 *fill*         0x00004008    0x12ff8 
                0x00017000                __heap_end__ = .

.stab
 *(.stab)

.stabstr
 *(.stabstr)

.stab.excl
 *(.stab.excl)

.stab.exclstr
 *(.stab.exclstr)

.stab.index
 *(.stab.index)

.stab.indexstr
 *(.stab.indexstr)

.comment        0x00000000       0x30
 *(.comment)
 .comment       0x00000000       0x30 Srouce/Application/app/app.o
                                 0x31 (size before relaxing)
 .comment       0x00000000       0x31 Srouce/Application/radio/payload.o
 .comment       0x00000000       0x31 Srouce/Application/radio/audio.o
 .comment       0x00000000       0x31 Srouce/Application/radio/physical.o
 .comment       0x00000000       0x31 Srouce/Application/radio/ssc.o
 .comment       0x00000000       0x31 Srouce/Application/radio/xcmp.o
 .comment       0x00000000       0x31 Srouce/Application/radio/xnl.o
 .comment       0x00000000       0x31 Srouce/Application/rtc/rtc.o
 .comment       0x00000000       0x31 Srouce/Application/timers/timer.o
 .comment       0x00000000       0x31 Srouce/ASF/avr32/drivers/intc/intc.o
 .comment       0x00000000       0x31 Srouce/ASF/avr32/drivers/tc/tc.o
 .comment       0x00000000       0x31 Srouce/ASF/avr32/drivers/twi/twi.o
 .comment       0x00000000       0x31 Srouce/ASF/avr32/drivers/usart/usart.o
 .comment       0x00000000       0x31 Srouce/ASF/thirdparty/freertos/freertos-7.0.0/source/list.o
 .comment       0x00000000       0x31 Srouce/ASF/thirdparty/freertos/freertos-7.0.0/source/portable/gcc/avr32_uc3/port.o
 .comment       0x00000000       0x31 Srouce/ASF/thirdparty/freertos/freertos-7.0.0/source/portable/gcc/avr32_uc3/read.o
 .comment       0x00000000       0x31 Srouce/ASF/thirdparty/freertos/freertos-7.0.0/source/portable/gcc/avr32_uc3/write.o
 .comment       0x00000000       0x31 Srouce/ASF/thirdparty/freertos/freertos-7.0.0/source/portable/memmang/heap_3.o
 .comment       0x00000000       0x31 Srouce/ASF/thirdparty/freertos/freertos-7.0.0/source/queue.o
 .comment       0x00000000       0x31 Srouce/ASF/thirdparty/freertos/freertos-7.0.0/source/tasks.o
 .comment       0x00000000       0x31 Srouce/Log/log.o
 .comment       0x00000000       0x31 Srouce/main.o
 .comment       0x00000000       0x31 Srouce/ASF/avr32/drivers/gpio/gpio.o
 .comment       0x00000000       0x31 d:/program files (x86)/atmel/studio/7.0/toolchain/avr32/avr32-gnu-toolchain/bin/../lib/gcc/avr32/4.4.7/../../../../avr32/lib/ucr2\libc.a(lib_a-malloc.o)
 .comment       0x00000000       0x31 d:/program files (x86)/atmel/studio/7.0/toolchain/avr32/avr32-gnu-toolchain/bin/../lib/gcc/avr32/4.4.7/../../../../avr32/lib/ucr2\libc.a(lib_a-mallocr.o)
 .comment       0x00000000       0x31 d:/program files (x86)/atmel/studio/7.0/toolchain/avr32/avr32-gnu-toolchain/bin/../lib/gcc/avr32/4.4.7/../../../../avr32/lib/ucr2\libc.a(lib_a-memset.o)
 .comment       0x00000000       0x31 d:/program files (x86)/atmel/studio/7.0/toolchain/avr32/avr32-gnu-toolchain/bin/../lib/gcc/avr32/4.4.7/../../../../avr32/lib/ucr2\libc.a(lib_a-reallocr.o)
 .comment       0x00000000       0x31 d:/program files (x86)/atmel/studio/7.0/toolchain/avr32/avr32-gnu-toolchain/bin/../lib/gcc/avr32/4.4.7/../../../../avr32/lib/ucr2\libc.a(lib_a-sbrkr.o)
 .comment       0x00000000       0x31 d:/program files (x86)/atmel/studio/7.0/toolchain/avr32/avr32-gnu-toolchain/bin/../lib/gcc/avr32/4.4.7/../../../../avr32/lib/ucr2\libc.a(lib_a-sprintf.o)
 .comment       0x00000000       0x31 d:/program files (x86)/atmel/studio/7.0/toolchain/avr32/avr32-gnu-toolchain/bin/../lib/gcc/avr32/4.4.7/../../../../avr32/lib/ucr2\libc.a(lib_a-strlen.o)
 .comment       0x00000000       0x31 d:/program files (x86)/atmel/studio/7.0/toolchain/avr32/avr32-gnu-toolchain/bin/../lib/gcc/avr32/4.4.7/../../../../avr32/lib/ucr2\libc.a(lib_a-syscalls.o)
 .comment       0x00000000       0x31 d:/program files (x86)/atmel/studio/7.0/toolchain/avr32/avr32-gnu-toolchain/bin/../lib/gcc/avr32/4.4.7/../../../../avr32/lib/ucr2\libc.a(lib_a-vfprintf.o)
 .comment       0x00000000       0x31 d:/program files (x86)/atmel/studio/7.0/toolchain/avr32/avr32-gnu-toolchain/bin/../lib/gcc/avr32/4.4.7/../../../../avr32/lib/ucr2\libc.a(lib_a-wsetup.o)
 .comment       0x00000000       0x31 d:/program files (x86)/atmel/studio/7.0/toolchain/avr32/avr32-gnu-toolchain/bin/../lib/gcc/avr32/4.4.7/../../../../avr32/lib/ucr2\libc.a(lib_a-dtoa.o)
 .comment       0x00000000       0x31 d:/program files (x86)/atmel/studio/7.0/toolchain/avr32/avr32-gnu-toolchain/bin/../lib/gcc/avr32/4.4.7/../../../../avr32/lib/ucr2\libc.a(lib_a-errno.o)
 .comment       0x00000000       0x31 d:/program files (x86)/atmel/studio/7.0/toolchain/avr32/avr32-gnu-toolchain/bin/../lib/gcc/avr32/4.4.7/../../../../avr32/lib/ucr2\libc.a(lib_a-fflush.o)
 .comment       0x00000000       0x31 d:/program files (x86)/atmel/studio/7.0/toolchain/avr32/avr32-gnu-toolchain/bin/../lib/gcc/avr32/4.4.7/../../../../avr32/lib/ucr2\libc.a(lib_a-findfp.o)
 .comment       0x00000000       0x31 d:/program files (x86)/atmel/studio/7.0/toolchain/avr32/avr32-gnu-toolchain/bin/../lib/gcc/avr32/4.4.7/../../../../avr32/lib/ucr2\libc.a(lib_a-freer.o)
 .comment       0x00000000       0x31 d:/program files (x86)/atmel/studio/7.0/toolchain/avr32/avr32-gnu-toolchain/bin/../lib/gcc/avr32/4.4.7/../../../../avr32/lib/ucr2\libc.a(lib_a-fvwrite.o)
 .comment       0x00000000       0x31 d:/program files (x86)/atmel/studio/7.0/toolchain/avr32/avr32-gnu-toolchain/bin/../lib/gcc/avr32/4.4.7/../../../../avr32/lib/ucr2\libc.a(lib_a-fwalk.o)
 .comment       0x00000000       0x31 d:/program files (x86)/atmel/studio/7.0/toolchain/avr32/avr32-gnu-toolchain/bin/../lib/gcc/avr32/4.4.7/../../../../avr32/lib/ucr2\libc.a(lib_a-impure.o)
 .comment       0x00000000       0x31 d:/program files (x86)/atmel/studio/7.0/toolchain/avr32/avr32-gnu-toolchain/bin/../lib/gcc/avr32/4.4.7/../../../../avr32/lib/ucr2\libc.a(lib_a-locale.o)
 .comment       0x00000000       0x31 d:/program files (x86)/atmel/studio/7.0/toolchain/avr32/avr32-gnu-toolchain/bin/../lib/gcc/avr32/4.4.7/../../../../avr32/lib/ucr2\libc.a(lib_a-makebuf.o)
 .comment       0x00000000       0x31 d:/program files (x86)/atmel/studio/7.0/toolchain/avr32/avr32-gnu-toolchain/bin/../lib/gcc/avr32/4.4.7/../../../../avr32/lib/ucr2\libc.a(lib_a-memchr.o)
 .comment       0x00000000       0x31 d:/program files (x86)/atmel/studio/7.0/toolchain/avr32/avr32-gnu-toolchain/bin/../lib/gcc/avr32/4.4.7/../../../../avr32/lib/ucr2\libc.a(lib_a-memmove.o)
 .comment       0x00000000       0x31 d:/program files (x86)/atmel/studio/7.0/toolchain/avr32/avr32-gnu-toolchain/bin/../lib/gcc/avr32/4.4.7/../../../../avr32/lib/ucr2\libc.a(lib_a-mprec.o)
 .comment       0x00000000       0x31 d:/program files (x86)/atmel/studio/7.0/toolchain/avr32/avr32-gnu-toolchain/bin/../lib/gcc/avr32/4.4.7/../../../../avr32/lib/ucr2\libc.a(lib_a-reent.o)
 .comment       0x00000000       0x31 d:/program files (x86)/atmel/studio/7.0/toolchain/avr32/avr32-gnu-toolchain/bin/../lib/gcc/avr32/4.4.7/../../../../avr32/lib/ucr2\libc.a(lib_a-s_isinfd.o)
 .comment       0x00000000       0x31 d:/program files (x86)/atmel/studio/7.0/toolchain/avr32/avr32-gnu-toolchain/bin/../lib/gcc/avr32/4.4.7/../../../../avr32/lib/ucr2\libc.a(lib_a-s_isnand.o)
 .comment       0x00000000       0x31 d:/program files (x86)/atmel/studio/7.0/toolchain/avr32/avr32-gnu-toolchain/bin/../lib/gcc/avr32/4.4.7/../../../../avr32/lib/ucr2\libc.a(lib_a-stdio.o)
 .comment       0x00000000       0x31 d:/program files (x86)/atmel/studio/7.0/toolchain/avr32/avr32-gnu-toolchain/bin/../lib/gcc/avr32/4.4.7/../../../../avr32/lib/ucr2\libc.a(lib_a-writer.o)
 .comment       0x00000000       0x31 d:/program files (x86)/atmel/studio/7.0/toolchain/avr32/avr32-gnu-toolchain/bin/../lib/gcc/avr32/4.4.7/../../../../avr32/lib/ucr2\libc.a(lib_a-callocr.o)
 .comment       0x00000000       0x31 d:/program files (x86)/atmel/studio/7.0/toolchain/avr32/avr32-gnu-toolchain/bin/../lib/gcc/avr32/4.4.7/../../../../avr32/lib/ucr2\libc.a(lib_a-closer.o)
 .comment       0x00000000       0x31 d:/program files (x86)/atmel/studio/7.0/toolchain/avr32/avr32-gnu-toolchain/bin/../lib/gcc/avr32/4.4.7/../../../../avr32/lib/ucr2\libc.a(lib_a-fclose.o)
 .comment       0x00000000       0x31 d:/program files (x86)/atmel/studio/7.0/toolchain/avr32/avr32-gnu-toolchain/bin/../lib/gcc/avr32/4.4.7/../../../../avr32/lib/ucr2\libc.a(lib_a-fstatr.o)
 .comment       0x00000000       0x31 d:/program files (x86)/atmel/studio/7.0/toolchain/avr32/avr32-gnu-toolchain/bin/../lib/gcc/avr32/4.4.7/../../../../avr32/lib/ucr2\libc.a(lib_a-lseekr.o)
 .comment       0x00000000       0x31 d:/program files (x86)/atmel/studio/7.0/toolchain/avr32/avr32-gnu-toolchain/bin/../lib/gcc/avr32/4.4.7/../../../../avr32/lib/ucr2\libc.a(lib_a-readr.o)
 .comment       0x00000000       0x31 d:/program files (x86)/atmel/studio/7.0/toolchain/avr32/avr32-gnu-toolchain/bin/../lib/gcc/avr32/4.4.7/ucr2\libgcc.a(_udivdi3.o)
 .comment       0x00000000       0x31 d:/program files (x86)/atmel/studio/7.0/toolchain/avr32/avr32-gnu-toolchain/bin/../lib/gcc/avr32/4.4.7/ucr2\libgcc.a(_umoddi3.o)

.debug
 *(.debug)

.line
 *(.line)

.debug_srcinfo
 *(.debug_srcinfo)

.debug_sfnames
 *(.debug_sfnames)

.debug_aranges  0x00000000     0x1120
 *(.debug_aranges)
 .debug_aranges
                0x00000000      0x110 Srouce/Application/app/app.o
 .debug_aranges
                0x00000110       0x28 Srouce/Application/radio/payload.o
 .debug_aranges
                0x00000138       0x68 Srouce/Application/radio/physical.o
 .debug_aranges
                0x000001a0       0x40 Srouce/Application/radio/ssc.o
 .debug_aranges
                0x000001e0       0xe0 Srouce/Application/radio/xcmp.o
 .debug_aranges
                0x000002c0       0x68 Srouce/Application/radio/xnl.o
 .debug_aranges
                0x00000328       0x50 Srouce/Application/rtc/rtc.o
 .debug_aranges
                0x00000378       0x30 Srouce/Application/timers/timer.o
 .debug_aranges
                0x000003a8       0x38 Srouce/ASF/avr32/drivers/intc/intc.o
 .debug_aranges
                0x000003e0       0xa8 Srouce/ASF/avr32/drivers/tc/tc.o
 .debug_aranges
                0x00000488       0x70 Srouce/ASF/avr32/drivers/twi/twi.o
 .debug_aranges
                0x000004f8       0xe0 Srouce/ASF/avr32/drivers/usart/usart.o
 .debug_aranges
                0x000005d8       0x40 Srouce/ASF/thirdparty/freertos/freertos-7.0.0/source/list.o
 .debug_aranges
                0x00000618       0x20 Srouce/ASF/thirdparty/freertos/freertos-7.0.0/source/portable/gcc/avr32_uc3/exception.o
 .debug_aranges
                0x00000638       0x78 Srouce/ASF/thirdparty/freertos/freertos-7.0.0/source/portable/gcc/avr32_uc3/port.o
 .debug_aranges
                0x000006b0       0x20 Srouce/ASF/thirdparty/freertos/freertos-7.0.0/source/portable/gcc/avr32_uc3/read.o
 .debug_aranges
                0x000006d0       0x20 Srouce/ASF/thirdparty/freertos/freertos-7.0.0/source/portable/gcc/avr32_uc3/write.o
 .debug_aranges
                0x000006f0       0x28 Srouce/ASF/thirdparty/freertos/freertos-7.0.0/source/portable/memmang/heap_3.o
 .debug_aranges
                0x00000718       0x88 Srouce/ASF/thirdparty/freertos/freertos-7.0.0/source/queue.o
 .debug_aranges
                0x000007a0      0x108 Srouce/ASF/thirdparty/freertos/freertos-7.0.0/source/tasks.o
 .debug_aranges
                0x000008a8       0x50 Srouce/Log/log.o
 .debug_aranges
                0x000008f8       0x20 Srouce/main.o
 .debug_aranges
                0x00000918      0x100 Srouce/ASF/avr32/drivers/gpio/gpio.o
 .debug_aranges
                0x00000a18       0x28 Srouce/ASF/avr32/utils/startup/startup_uc3.o
 .debug_aranges
                0x00000a40       0x20 Srouce/ASF/avr32/utils/startup/trampoline_uc3.o
 .debug_aranges
                0x00000a60       0x28 d:/program files (x86)/atmel/studio/7.0/toolchain/avr32/avr32-gnu-toolchain/bin/../lib/gcc/avr32/4.4.7/../../../../avr32/lib/ucr2\libc.a(lib_a-malloc.o)
 .debug_aranges
                0x00000a88       0x20 d:/program files (x86)/atmel/studio/7.0/toolchain/avr32/avr32-gnu-toolchain/bin/../lib/gcc/avr32/4.4.7/../../../../avr32/lib/ucr2\libc.a(lib_a-mallocr.o)
 .debug_aranges
                0x00000aa8       0x20 d:/program files (x86)/atmel/studio/7.0/toolchain/avr32/avr32-gnu-toolchain/bin/../lib/gcc/avr32/4.4.7/../../../../avr32/lib/ucr2\libc.a(lib_a-memset.o)
 .debug_aranges
                0x00000ac8       0x20 d:/program files (x86)/atmel/studio/7.0/toolchain/avr32/avr32-gnu-toolchain/bin/../lib/gcc/avr32/4.4.7/../../../../avr32/lib/ucr2\libc.a(lib_a-reallocr.o)
 .debug_aranges
                0x00000ae8       0x20 d:/program files (x86)/atmel/studio/7.0/toolchain/avr32/avr32-gnu-toolchain/bin/../lib/gcc/avr32/4.4.7/../../../../avr32/lib/ucr2\libc.a(lib_a-sbrkr.o)
 .debug_aranges
                0x00000b08       0x28 d:/program files (x86)/atmel/studio/7.0/toolchain/avr32/avr32-gnu-toolchain/bin/../lib/gcc/avr32/4.4.7/../../../../avr32/lib/ucr2\libc.a(lib_a-sprintf.o)
 .debug_aranges
                0x00000b30       0x20 d:/program files (x86)/atmel/studio/7.0/toolchain/avr32/avr32-gnu-toolchain/bin/../lib/gcc/avr32/4.4.7/../../../../avr32/lib/ucr2\libc.a(lib_a-strlen.o)
 .debug_aranges
                0x00000b50       0xf8 d:/program files (x86)/atmel/studio/7.0/toolchain/avr32/avr32-gnu-toolchain/bin/../lib/gcc/avr32/4.4.7/../../../../avr32/lib/ucr2\libc.a(lib_a-syscalls.o)
 .debug_aranges
                0x00000c48       0x38 d:/program files (x86)/atmel/studio/7.0/toolchain/avr32/avr32-gnu-toolchain/bin/../lib/gcc/avr32/4.4.7/../../../../avr32/lib/ucr2\libc.a(lib_a-vfprintf.o)
 .debug_aranges
                0x00000c80       0x20 d:/program files (x86)/atmel/studio/7.0/toolchain/avr32/avr32-gnu-toolchain/bin/../lib/gcc/avr32/4.4.7/../../../../avr32/lib/ucr2\libc.a(lib_a-wsetup.o)
 .debug_aranges
                0x00000ca0       0x28 d:/program files (x86)/atmel/studio/7.0/toolchain/avr32/avr32-gnu-toolchain/bin/../lib/gcc/avr32/4.4.7/../../../../avr32/lib/ucr2\libc.a(lib_a-dtoa.o)
 .debug_aranges
                0x00000cc8       0x20 d:/program files (x86)/atmel/studio/7.0/toolchain/avr32/avr32-gnu-toolchain/bin/../lib/gcc/avr32/4.4.7/../../../../avr32/lib/ucr2\libc.a(lib_a-errno.o)
 .debug_aranges
                0x00000ce8       0x28 d:/program files (x86)/atmel/studio/7.0/toolchain/avr32/avr32-gnu-toolchain/bin/../lib/gcc/avr32/4.4.7/../../../../avr32/lib/ucr2\libc.a(lib_a-fflush.o)
 .debug_aranges
                0x00000d10       0x80 d:/program files (x86)/atmel/studio/7.0/toolchain/avr32/avr32-gnu-toolchain/bin/../lib/gcc/avr32/4.4.7/../../../../avr32/lib/ucr2\libc.a(lib_a-findfp.o)
 .debug_aranges
                0x00000d90       0x28 d:/program files (x86)/atmel/studio/7.0/toolchain/avr32/avr32-gnu-toolchain/bin/../lib/gcc/avr32/4.4.7/../../../../avr32/lib/ucr2\libc.a(lib_a-freer.o)
 .debug_aranges
                0x00000db8       0x20 d:/program files (x86)/atmel/studio/7.0/toolchain/avr32/avr32-gnu-toolchain/bin/../lib/gcc/avr32/4.4.7/../../../../avr32/lib/ucr2\libc.a(lib_a-fvwrite.o)
 .debug_aranges
                0x00000dd8       0x28 d:/program files (x86)/atmel/studio/7.0/toolchain/avr32/avr32-gnu-toolchain/bin/../lib/gcc/avr32/4.4.7/../../../../avr32/lib/ucr2\libc.a(lib_a-fwalk.o)
 .debug_aranges
                0x00000e00       0x40 d:/program files (x86)/atmel/studio/7.0/toolchain/avr32/avr32-gnu-toolchain/bin/../lib/gcc/avr32/4.4.7/../../../../avr32/lib/ucr2\libc.a(lib_a-locale.o)
 .debug_aranges
                0x00000e40       0x20 d:/program files (x86)/atmel/studio/7.0/toolchain/avr32/avr32-gnu-toolchain/bin/../lib/gcc/avr32/4.4.7/../../../../avr32/lib/ucr2\libc.a(lib_a-makebuf.o)
 .debug_aranges